Component: ARM Compiler 5.05 update 1 (build 106) Tool: armlink [4d0efa]

==============================================================================

Section Cross References

    startup_stm32f103xg.o(RESET) refers to startup_stm32f103xg.o(STACK) for __initial_sp
    startup_stm32f103xg.o(RESET) refers to startup_stm32f103xg.o(.text) for Reset_Handler
    startup_stm32f103xg.o(RESET) refers to stm32f1xx_it.o(i.NMI_Handler) for NMI_Handler
    startup_stm32f103xg.o(RESET) refers to stm32f1xx_it.o(i.HardFault_Handler) for HardFault_Handler
    startup_stm32f103xg.o(RESET) refers to stm32f1xx_it.o(i.MemManage_Handler) for MemManage_Handler
    startup_stm32f103xg.o(RESET) refers to stm32f1xx_it.o(i.BusFault_Handler) for BusFault_Handler
    startup_stm32f103xg.o(RESET) refers to stm32f1xx_it.o(i.UsageFault_Handler) for UsageFault_Handler
    startup_stm32f103xg.o(RESET) refers to stm32f1xx_it.o(i.DebugMon_Handler) for DebugMon_Handler
    startup_stm32f103xg.o(RESET) refers to stm32f1xx_it.o(i.SysTick_Handler) for SysTick_Handler
    startup_stm32f103xg.o(RESET) refers to sys.o(i.EXTI0_IRQHandler) for EXTI0_IRQHandler
    startup_stm32f103xg.o(RESET) refers to sys.o(i.EXTI1_IRQHandler) for EXTI1_IRQHandler
    startup_stm32f103xg.o(RESET) refers to sys.o(i.EXTI2_IRQHandler) for EXTI2_IRQHandler
    startup_stm32f103xg.o(RESET) refers to sys.o(i.EXTI3_IRQHandler) for EXTI3_IRQHandler
    startup_stm32f103xg.o(RESET) refers to sys.o(i.EXTI4_IRQHandler) for EXTI4_IRQHandler
    startup_stm32f103xg.o(RESET) refers to sys.o(i.DMA1_Channel1_IRQHandler) for DMA1_Channel1_IRQHandler
    startup_stm32f103xg.o(RESET) refers to sys.o(i.DMA1_Channel2_IRQHandler) for DMA1_Channel2_IRQHandler
    startup_stm32f103xg.o(RESET) refers to sys.o(i.DMA1_Channel3_IRQHandler) for DMA1_Channel3_IRQHandler
    startup_stm32f103xg.o(RESET) refers to sys.o(i.DMA1_Channel4_IRQHandler) for DMA1_Channel4_IRQHandler
    startup_stm32f103xg.o(RESET) refers to sys.o(i.DMA1_Channel5_IRQHandler) for DMA1_Channel5_IRQHandler
    startup_stm32f103xg.o(RESET) refers to sys.o(i.DMA1_Channel6_IRQHandler) for DMA1_Channel6_IRQHandler
    startup_stm32f103xg.o(RESET) refers to sys.o(i.DMA1_Channel7_IRQHandler) for DMA1_Channel7_IRQHandler
    startup_stm32f103xg.o(RESET) refers to sys.o(i.EXTI9_5_IRQHandler) for EXTI9_5_IRQHandler
    startup_stm32f103xg.o(RESET) refers to sys.o(i.USART1_IRQHandler) for USART1_IRQHandler
    startup_stm32f103xg.o(RESET) refers to sys.o(i.USART2_IRQHandler) for USART2_IRQHandler
    startup_stm32f103xg.o(RESET) refers to sys.o(i.USART3_IRQHandler) for USART3_IRQHandler
    startup_stm32f103xg.o(RESET) refers to sys.o(i.EXTI15_10_IRQHandler) for EXTI15_10_IRQHandler
    startup_stm32f103xg.o(RESET) refers to sys.o(i.UART4_IRQHandler) for UART4_IRQHandler
    startup_stm32f103xg.o(RESET) refers to sys.o(i.UART5_IRQHandler) for UART5_IRQHandler
    startup_stm32f103xg.o(RESET) refers to sys.o(i.DMA2_Channel1_IRQHandler) for DMA2_Channel1_IRQHandler
    startup_stm32f103xg.o(RESET) refers to sys.o(i.DMA2_Channel2_IRQHandler) for DMA2_Channel2_IRQHandler
    startup_stm32f103xg.o(RESET) refers to sys.o(i.DMA2_Channel3_IRQHandler) for DMA2_Channel3_IRQHandler
    startup_stm32f103xg.o(RESET) refers to sys.o(i.DMA2_Channel4_5_IRQHandler) for DMA2_Channel4_5_IRQHandler
    startup_stm32f103xg.o(.text) refers to system_stm32f1xx.o(i.SystemInit) for SystemInit
    startup_stm32f103xg.o(.text) refers to entry.o(.ARM.Collect$$$$00000000) for __main
    dht11.o(i._ZN5dht114readEi) refers to sys.o(i.pinMode) for pinMode
    dht11.o(i._ZN5dht114readEi) refers to sys.o(i.digitalWrite) for digitalWrite
    dht11.o(i._ZN5dht114readEi) refers to sys.o(i.delay) for delay
    dht11.o(i._ZN5dht114readEi) refers to sys.o(i.delayMicroseconds) for delayMicroseconds
    dht11.o(i._ZN5dht114readEi) refers to sys.o(i.digitalRead) for digitalRead
    dht11.o(i._ZN5dht114readEi) refers to sys.o(i.micros) for micros
    dht11.o(.ARM.exidx) refers to dht11.o(i._ZN5dht114readEi) for i._ZN5dht114readEi
    tm1637display.o(i._ZN13TM1637Display11display_allEh) refers to tm1637display.o(i._ZN13TM1637Display11setSegmentsEPKhhh) for TM1637Display::setSegments(const unsigned char*, unsigned char, unsigned char)
    tm1637display.o(i._ZN13TM1637Display11encodeDigitEh) refers to tm1637display.o(.constdata) for .constdata
    tm1637display.o(i._ZN13TM1637Display11setSegmentsEPKhhh) refers to tm1637display.o(i._ZN13TM1637Display5startEv) for TM1637Display::start()
    tm1637display.o(i._ZN13TM1637Display11setSegmentsEPKhhh) refers to tm1637display.o(i._ZN13TM1637Display9writeByteEh) for TM1637Display::writeByte(unsigned char)
    tm1637display.o(i._ZN13TM1637Display11setSegmentsEPKhhh) refers to tm1637display.o(i._ZN13TM1637Display4stopEv) for TM1637Display::stop()
[...]
    i._Z13ili932x_beginv                     0x08001804   Section        0  ili932x.o(i._Z13ili932x_beginv)
    i._Z13ili9341_beginv                     0x08001848   Section        0  ili9341.o(i._Z13ili9341_beginv)
    i._Z13testFastLinestt                    0x08001864   Section        0  main.o(i._Z13testFastLinestt)
    i._Z13testTrianglesv                     0x080018cc   Section        0  main.o(i._Z13testTrianglesv)
    i._Z14UART_SetConfigP20__UART_HandleTypeDef 0x08001950   Section        0  stm32f1xx_hal_uart.o(i._Z14UART_SetConfigP20__UART_HandleTypeDef)
    UART_SetConfig(__UART_HandleTypeDef*)    0x08001951   Thumb Code   178  stm32f1xx_hal_uart.o(i._Z14UART_SetConfigP20__UART_HandleTypeDef)
    i._Z14testFillScreenv                    0x08001a08   Section        0  main.o(i._Z14testFillScreenv)
    i._Z14testRoundRectsv                    0x08001a48   Section        0  main.o(i._Z14testRoundRectsv)
    i._Z14writeRegister8th                   0x08001aec   Section        0  adafruit_tftlcd_8bit_stm32.o(i._Z14writeRegister8th)
    i._Z15testFilledRectstt                  0x08001b14   Section        0  main.o(i._Z15testFilledRectstt)
    i._Z15writeRegister16tt                  0x08001bc0   Section        0  adafruit_tftlcd_8bit_stm32.o(i._Z15writeRegister16tt)
    i._Z15writeRegister32tj                  0x08001bf8   Section        0  adafruit_tftlcd_8bit_stm32.o(i._Z15writeRegister32tj)
    i._Z16NVIC_SetPriority9IRQn_Typej        0x08001c4c   Section        0  stm32f1xx_hal_cortex.o(i._Z16NVIC_SetPriority9IRQn_Typej)
    NVIC_SetPriority(IRQn_Type, unsigned)    0x08001c4d   Thumb Code    32  stm32f1xx_hal_cortex.o(i._Z16NVIC_SetPriority9IRQn_Typej)
    i._Z17ili932x_drawPixelsst               0x08001c6c   Section        0  ili932x.o(i._Z17ili932x_drawPixelsst)
    i._Z17testFilledCirclesht                0x08001ccc   Section        0  main.o(i._Z17testFilledCirclesht)
    i._Z17writeRegisterPairttt               0x08001d2c   Section        0  adafruit_tftlcd_8bit_stm32.o(i._Z17writeRegisterPairttt)
    i._Z18ili932x_fillScreent                0x08001d44   Section        0  ili932x.o(i._Z18ili932x_fillScreent)
    i._Z19hx8347g_setRotationh               0x08001d80   Section        0  hx8347g.o(i._Z19hx8347g_setRotationh)
    i._Z19ili932x_setRotationh               0x08001dac   Section        0  ili932x.o(i._Z19ili932x_setRotationh)
    i._Z19testFilledTrianglesv               0x08001e04   Section        0  main.o(i._Z19testFilledTrianglesv)
    i._Z20testFilledRoundRectsv              0x08001ec0   Section        0  main.o(i._Z20testFilledRoundRectsv)
    i._Z21hx8347g_setAddrWindowiiii          0x08001f5c   Section        0  hx8347g.o(i._Z21hx8347g_setAddrWindowiiii)
    i._Z21ili932x_setAddrWindowiiii          0x08001f90   Section        0  ili932x.o(i._Z21ili932x_setAddrWindowiiii)
    i._Z21ili9341_setAddrWindowssss          0x08002030   Section        0  ili9341.o(i._Z21ili9341_setAddrWindowssss)
    i._Z23USART_INT_ClearAllFlagsP13USART_TypeDef9IRQn_Type 0x08002050   Section        0  usartclass.o(i._Z23USART_INT_ClearAllFlagsP13USART_TypeDef9IRQn_Type)
    USART_INT_ClearAllFlags(USART_TypeDef*, IRQn_Type) 0x08002051   Thumb Code    44  usartclass.o(i._Z23USART_INT_ClearAllFlagsP13USART_TypeDef9IRQn_Type)
    i._Z6doTestv                             0x08002080   Section        0  main.o(i._Z6doTestv)
    i._Z6spiRecv                             0x08002390   Section        0  sd2card.o(i._Z6spiRecv)
    spiRec()                                 0x08002391   Thumb Code     8  sd2card.o(i._Z6spiRecv)
    i._Z7spiSendh                            0x0800239c   Section        0  sd2card.o(i._Z7spiSendh)
    spiSend(unsigned char)                   0x0800239d   Thumb Code     8  sd2card.o(i._Z7spiSendh)
    i._Z8testTextv                           0x080023a8   Section        0  main.o(i._Z8testTextv)
    i._Z9testLinest                          0x08002570   Section        0  main.o(i._Z9testLinest)
    i._Z9testRectst                          0x08002704   Section        0  main.o(i._Z9testRectst)
    i._ZN10RingBuffer10store_charEh          0x08002788   Section        0  ringbuffer.o(i._ZN10RingBuffer10store_charEh)
    i._ZN10RingBufferC1Ev                    0x0800279e   Section        0  ringbuffer.o(i._ZN10RingBufferC1Ev)
    i._ZN10USARTClass10IrqHandlerEv          0x080027b2   Section        0  usartclass.o(i._ZN10USARTClass10IrqHandlerEv)
    i._ZN10USARTClass5beginEj                0x080027d8   Section        0  usartclass.o(i._ZN10USARTClass5beginEj)
    i._ZN10USARTClass5writeEh                0x08002998   Section        0  usartclass.o(i._ZN10USARTClass5writeEh)
    i._ZN10USARTClassC1EP13USART_TypeDef9IRQn_TypejP10RingBuffer 0x080029b0   Section        0  usartclass.o(i._ZN10USARTClassC1EP13USART_TypeDef9IRQn_TypejP10RingBuffer)
    i._ZN12Adafruit_GFX10drawCircleEssst     0x080029d4   Section        0  adafruit_gfx.o(i._ZN12Adafruit_GFX10drawCircleEssst)
    i._ZN12Adafruit_GFX10fillCircleEssst     0x08002b10   Section        0  adafruit_gfx.o(i._ZN12Adafruit_GFX10fillCircleEssst)
    i._ZN12Adafruit_GFX11setRotationEh       0x08002b50   Section        0  adafruit_gfx.o(i._ZN12Adafruit_GFX11setRotationEh)
    i._ZN12Adafruit_GFX11setTextSizeEh       0x08002b76   Section        0  adafruit_gfx.o(i._ZN12Adafruit_GFX11setTextSizeEh)
    i._ZN12Adafruit_GFX12drawTriangleEsssssst 0x08002b7e   Section        0  adafruit_gfx.o(i._ZN12Adafruit_GFX12drawTriangleEsssssst)
    i._ZN12Adafruit_GFX12fillTriangleEsssssst 0x08002bca   Section        0  adafruit_gfx.o(i._ZN12Adafruit_GFX12fillTriangleEsssssst)
    i._ZN12Adafruit_GFX12setTextColorEt      0x08002d46   Section        0  adafruit_gfx.o(i._ZN12Adafruit_GFX12setTextColorEt)
    i._ZN12Adafruit_GFX13drawFastHLineEssst  0x08002d4c   Section        0  adafruit_gfx.o(i._ZN12Adafruit_GFX13drawFastHLineEssst)
    i._ZN12Adafruit_GFX13drawFastVLineEssst  0x08002d62   Section        0  adafruit_gfx.o(i._ZN12Adafruit_GFX13drawFastVLineEssst)
    i._ZN12Adafruit_GFX13drawRoundRectEssssst 0x08002d7a   Section        0  adafruit_gfx.o(i._ZN12Adafruit_GFX13drawRoundRectEssssst)
    i._ZN12Adafruit_GFX13fillRoundRectEssssst 0x08002e5e   Section        0  adafruit_gfx.o(i._ZN12Adafruit_GFX13fillRoundRectEssssst)
    i._ZN12Adafruit_GFX16drawCircleHelperEsssht 0x08002ed8   Section        0  adafruit_gfx.o(i._ZN12Adafruit_GFX16drawCircleHelperEsssht)
    i._ZN12Adafruit_GFX16fillCircleHelperEssshst 0x08003000   Section        0  adafruit_gfx.o(i._ZN12Adafruit_GFX16fillCircleHelperEssshst)
    i._ZN12Adafruit_GFX5widthEv              0x080030ea   Section        0  adafruit_gfx.o(i._ZN12Adafruit_GFX5widthEv)
    i._ZN12Adafruit_GFX5writeEh              0x080030f0   Section        0  adafruit_gfx.o(i._ZN12Adafruit_GFX5writeEh)
    i._ZN12Adafruit_GFX6heightEv             0x08003156   Section        0  adafruit_gfx.o(i._ZN12Adafruit_GFX6heightEv)
    i._ZN12Adafruit_GFX8drawCharEsshtth      0x0800315c   Section        0  adafruit_gfx.o(i._ZN12Adafruit_GFX8drawCharEsshtth)
    i._ZN12Adafruit_GFX8drawLineEsssst       0x0800323c   Section        0  adafruit_gfx.o(i._ZN12Adafruit_GFX8drawLineEsssst)
    i._ZN12Adafruit_GFX8drawRectEsssst       0x080032e8   Section        0  adafruit_gfx.o(i._ZN12Adafruit_GFX8drawRectEsssst)
    i._ZN12Adafruit_GFX8fillRectEsssst       0x08003346   Section        0  adafruit_gfx.o(i._ZN12Adafruit_GFX8fillRectEsssst)
    i._ZN12Adafruit_GFX9setCursorEss         0x08003376   Section        0  adafruit_gfx.o(i._ZN12Adafruit_GFX9setCursorEss)
    i._ZN12Adafruit_GFXC2Ess                 0x0800337c   Section        0  adafruit_gfx.o(i._ZN12Adafruit_GFXC2Ess)
    i._ZN26Adafruit_TFTLCD_8bit_STM3210fillScreenEt 0x080033ac   Section        0  adafruit_tftlcd_8bit_stm32.o(i._ZN26Adafruit_TFTLCD_8bit_STM3210fillScreenEt)
    i._ZN26Adafruit_TFTLCD_8bit_STM3211setRotationEh 0x080033fa   Section        0  adafruit_tftlcd_8bit_stm32.o(i._ZN26Adafruit_TFTLCD_8bit_STM3211setRotationEh)
    i._ZN26Adafruit_TFTLCD_8bit_STM3213drawFastHLineEssst 0x080034b4   Section        0  adafruit_tftlcd_8bit_stm32.o(i._ZN26Adafruit_TFTLCD_8bit_STM3213drawFastHLineEssst)
    i._ZN26Adafruit_TFTLCD_8bit_STM3213drawFastVLineEssst 0x0800352e   Section        0  adafruit_tftlcd_8bit_stm32.o(i._ZN26Adafruit_TFTLCD_8bit_STM3213drawFastVLineEssst)
    i._ZN26Adafruit_TFTLCD_8bit_STM3213setAddrWindowEssss 0x080035aa   Section        0  adafruit_tftlcd_8bit_stm32.o(i._ZN26Adafruit_TFTLCD_8bit_STM3213setAddrWindowEssss)
    i._ZN26Adafruit_TFTLCD_8bit_STM325beginEt 0x080035f2   Section        0  adafruit_tftlcd_8bit_stm32.o(i._ZN26Adafruit_TFTLCD_8bit_STM325beginEt)
    i._ZN26Adafruit_TFTLCD_8bit_STM325floodEtj 0x08003668   Section        0  adafruit_tftlcd_8bit_stm32.o(i._ZN26Adafruit_TFTLCD_8bit_STM325floodEtj)
    i._ZN26Adafruit_TFTLCD_8bit_STM325resetEv 0x080037a4   Section        0  adafruit_tftlcd_8bit_stm32.o(i._ZN26Adafruit_TFTLCD_8bit_STM325resetEv)
    i._ZN26Adafruit_TFTLCD_8bit_STM328color565Ehhh 0x08003830   Section        0  main.o(i._ZN26Adafruit_TFTLCD_8bit_STM328color565Ehhh)
    i._ZN26Adafruit_TFTLCD_8bit_STM328fillRectEsssst 0x08003844   Section        0  adafruit_tftlcd_8bit_stm32.o(i._ZN26Adafruit_TFTLCD_8bit_STM328fillRectEsssst)
    i._ZN26Adafruit_TFTLCD_8bit_STM329drawPixelEsst 0x080038e8   Section        0  adafruit_tftlcd_8bit_stm32.o(i._ZN26Adafruit_TFTLCD_8bit_STM329drawPixelEsst)
    i._ZN26Adafruit_TFTLCD_8bit_STM32C1Ev    0x080039b4   Section        0  adafruit_tftlcd_8bit_stm32.o(i._ZN26Adafruit_TFTLCD_8bit_STM32C1Ev)
    i._ZN5Print10printFloatEdh               0x080039cc   Section        0  print.o(i._ZN5Print10printFloatEdh)
    i._ZN5Print11printNumberEmh              0x08003b0c   Section        0  print.o(i._ZN5Print11printNumberEmh)
    i._ZN5Print5printEPK19__FlashStringHelper 0x08003b46   Section        0  print.o(i._ZN5Print5printEPK19__FlashStringHelper)
    i._ZN5Print5printEPKc                    0x08003b4a   Section        0  print.o(i._ZN5Print5printEPKc)
    i._ZN5Print5printEc                      0x08003b4e   Section        0  print.o(i._ZN5Print5printEc)
    i._ZN5Print5printEdi                     0x08003b54   Section        0  print.o(i._ZN5Print5printEdi)
    i._ZN5Print5printEhi                     0x08003b62   Section        0  print.o(i._ZN5Print5printEhi)
    i._ZN5Print5printEii                     0x08003b66   Section        0  print.o(i._ZN5Print5printEii)
    i._ZN5Print5printEji                     0x08003b6a   Section        0  print.o(i._ZN5Print5printEji)
    i._ZN5Print5printEli                     0x08003b6e   Section        0  print.o(i._ZN5Print5printEli)
    i._ZN5Print5printEmi                     0x08003bb0   Section        0  print.o(i._ZN5Print5printEmi)
    i._ZN5Print5writeEPKc                    0x08003bc0   Section        0  print.o(i._ZN5Print5writeEPKc)
    i._ZN5Print5writeEPKhj                   0x08003be4   Section        0  print.o(i._ZN5Print5writeEPKhj)
    i._ZN5Print7printlnEPK19__FlashStringHelper 0x08003c0c   Section        0  print.o(i._ZN5Print7printlnEPK19__FlashStringHelper)
    i._ZN5Print7printlnEPKc                  0x08003c20   Section        0  print.o(i._ZN5Print7printlnEPKc)
    i._ZN5Print7printlnEdi                   0x08003c34   Section        0  print.o(i._ZN5Print7printlnEdi)
    i._ZN5Print7printlnEii                   0x08003c4e   Section        0  print.o(i._ZN5Print7printlnEii)
    i._ZN5Print7printlnEji                   0x08003c62   Section        0  print.o(i._ZN5Print7printlnEji)
    i._ZN5Print7printlnEmi                   0x08003c76   Section        0  print.o(i._ZN5Print7printlnEmi)
    i._ZN5Print7printlnEv                    0x08003c8a   Section        0  print.o(i._ZN5Print7printlnEv)
    i._ZN6SdFile10addClusterEv               0x08003ca2   Section        0  sdfile.o(i._ZN6SdFile10addClusterEv)
    i._ZN6SdFile13cacheDirEntryEh            0x08003ccc   Section        0  sdfile.o(i._ZN6SdFile13cacheDirEntryEh)
    i._ZN6SdFile4syncEv                      0x08003ce8   Section        0  sdfile.o(i._ZN6SdFile4syncEv)
    i._ZN6SdFile5writeEPKvt                  0x08003d38   Section        0  sdfile.o(i._ZN6SdFile5writeEPKvt)
    i._ZN6SdFile5writeEh                     0x08003e94   Section        0  sdfile.o(i._ZN6SdFile5writeEh)
    i._ZN6SdFile7seekSetEj                   0x08003ea0   Section        0  sdfile.o(i._ZN6SdFile7seekSetEj)
    i._ZN6SdFileC1Ev                         0x08003f04   Section        0  sd.o(i._ZN6SdFileC1Ev)
    i._ZN7Sd2Card10writeBlockEjPKh           0x08003f14   Section        0  sd2card.o(i._ZN7Sd2Card10writeBlockEjPKh)
    i._ZN7Sd2Card11cardCommandEhj            0x08003f80   Section        0  sd2card.o(i._ZN7Sd2Card11cardCommandEhj)
    i._ZN7Sd2Card11waitNotBusyEt             0x08003fe8   Section        0  sd2card.o(i._ZN7Sd2Card11waitNotBusyEt)
    i._ZN7Sd2Card13chipSelectLowEv           0x08004010   Section        0  sd2card.o(i._ZN7Sd2Card13chipSelectLowEv)
    i._ZN7Sd2Card14chipSelectHighEv          0x08004018   Section        0  sd2card.o(i._ZN7Sd2Card14chipSelectHighEv)
    i._ZN7Sd2Card14waitStartBlockEv          0x08004020   Section        0  sd2card.o(i._ZN7Sd2Card14waitStartBlockEv)
    i._ZN7Sd2Card7readEndEv                  0x08004062   Section        0  sd2card.o(i._ZN7Sd2Card7readEndEv)
    i._ZN7Sd2Card8readDataEjttPh             0x0800408c   Section        0  sd2card.o(i._ZN7Sd2Card8readDataEjttPh)
    i._ZN7Sd2Card9readBlockEjPh              0x0800412e   Section        0  sd2card.o(i._ZN7Sd2Card9readBlockEjPh)
    i._ZN7Sd2Card9writeDataEhPKh             0x0800413e   Section        0  sd2card.o(i._ZN7Sd2Card9writeDataEhPKh)
    i._ZN8SPIClass8transferEh                0x0800418e   Section        0  sys.o(i._ZN8SPIClass8transferEh)
    i._ZN8SPIClassC1EP11SPI_TypeDefPFYvvE    0x080041b2   Section        0  sys.o(i._ZN8SPIClassC1EP11SPI_TypeDefPFYvvE)
    i._ZN8SdVolume10cacheFlushEv             0x080041c8   Section        0  sdvolume.o(i._ZN8SdVolume10cacheFlushEv)
    i._ZN8SdVolume13cacheRawBlockEjh         0x08004200   Section        0  sdvolume.o(i._ZN8SdVolume13cacheRawBlockEjh)
    i._ZN8SdVolume13cacheSetDirtyEv          0x08004238   Section        0  sdfile.o(i._ZN8SdVolume13cacheSetDirtyEv)
    i._ZN8SdVolume15allocContiguousEjPj      0x08004248   Section        0  sdvolume.o(i._ZN8SdVolume15allocContiguousEjPj)
    i._ZN8SdVolume6fatPutEjj                 0x080042f8   Section        0  sdvolume.o(i._ZN8SdVolume6fatPutEjj)
    i._ZNK8SdVolume17clusterStartBlockEj     0x08004378   Section        0  sdfile.o(i._ZNK8SdVolume17clusterStartBlockEj)
    i._ZNK8SdVolume5isEOCEj                  0x08004384   Section        0  sdfile.o(i._ZNK8SdVolume5isEOCEj)
    i._ZNK8SdVolume6fatGetEjPj               0x080043a4   Section        0  sdvolume.o(i._ZNK8SdVolume6fatGetEjPj)
    i.__cxa_pure_virtual                     0x08004408   Section        0  pure_virt.o(i.__cxa_pure_virtual)
    i.__scatterload_copy                     0x0800440e   Section       14  handlers.o(i.__scatterload_copy)
    i.__scatterload_null                     0x0800441c   Section        2  handlers.o(i.__scatterload_null)
    i.__scatterload_zeroinit                 0x0800441e   Section       14  handlers.o(i.__scatterload_zeroinit)
    i.__sti___5_sys_c_pinMode                0x0800442c   Section        0  sys.o(i.__sti___5_sys_c_pinMode)
    __sti___5_sys_c_pinMode                  0x0800442d   Thumb Code   200  sys.o(i.__sti___5_sys_c_pinMode)
    i.__sti___6_SD_cpp_426a88ba              0x08004528   Section        0  sd.o(i.__sti___6_SD_cpp_426a88ba)
    __sti___6_SD_cpp_426a88ba                0x08004529   Thumb Code    26  sd.o(i.__sti___6_SD_cpp_426a88ba)
    i.__sti___6_main_c_tft                   0x08004548   Section        0  main.o(i.__sti___6_main_c_tft)
    __sti___6_main_c_tft                     0x08004549   Thumb Code     6  main.o(i.__sti___6_main_c_tft)
    i.delay                                  0x08004554   Section        0  sys.o(i.delay)
    i.digitalWrite                           0x08004578   Section        0  sys.o(i.digitalWrite)
    i.main                                   0x0800459c   Section        0  main.o(i.main)
    i.micros                                 0x080046a0   Section        0  sys.o(i.micros)
    i.millis                                 0x080046e4   Section        0  sys.o(i.millis)
    i.pinMode                                0x080046e8   Section        0  sys.o(i.pinMode)
    .constdata                               0x08004830   Section     2716  pinmap.o(.constdata)
    .constdata                               0x080052cc   Section     1275  adafruit_gfx.o(.constdata)
    font                                     0x080052cc   Data        1275  adafruit_gfx.o(.constdata)
    .constdata                               0x080057c7   Section       86  hx8347g.o(.constdata)
    HX8347G_regValues                        0x080057c7   Data          86  hx8347g.o(.constdata)
    .constdata                               0x0800581d   Section       70  hx8357x.o(.constdata)
    HX8357D_regValues                        0x0800581d   Data          70  hx8357x.o(.constdata)
    .constdata                               0x08005864   Section      204  ili932x.o(.constdata)
    ILI932x_regValues                        0x08005864   Data         204  ili932x.o(.constdata)
    .constdata                               0x08005930   Section       23  ili9341.o(.constdata)
    reset_off                                0x08005930   Data           9  ili9341.o(.constdata)
    wake_on                                  0x08005939   Data          14  ili9341.o(.constdata)
    .constdata                               0x08005947   Section       16  system_stm32f1xx.o(.constdata)
    .constdata                               0x08005957   Section        8  system_stm32f1xx.o(.constdata)
    .constdata__ZTV10USARTClass              0x08005960   Section       32  usartclass.o(.constdata__ZTV10USARTClass)
    .constdata__ZTV12Adafruit_GFX            0x08005980   Section       52  adafruit_gfx.o(.constdata__ZTV12Adafruit_GFX)
    .constdata__ZTV26Adafruit_TFTLCD_8bit_STM32 0x080059b4   Section       52  adafruit_tftlcd_8bit_stm32.o(.constdata__ZTV26Adafruit_TFTLCD_8bit_STM32)
    .constdata__ZTV6SdFile                   0x080059e8   Section       16  sdfile.o(.constdata__ZTV6SdFile)
    .init_array                              0x08005a18   Section        4  sd.o(.init_array)
    .init_array                              0x08005a1c   Section        4  main.o(.init_array)
    .init_array                              0x08005a20   Section        4  sys.o(.init_array)
    .init_array                              0x08005a24   Section        0  cpp_init.o(.init_array)
    .data                                    0x20000000   Section        4  sdfile.o(.data)
    .data                                    0x20000004   Section       16  sdvolume.o(.data)
    .data                                    0x20000014   Section        8  adafruit_tftlcd_8bit_stm32.o(.data)
    .data                                    0x2000001c   Section       12  ili932x.o(.data)
    rotation                                 0x2000001c   Data           1  ili932x.o(.data)
    _width                                   0x20000020   Data           4  ili932x.o(.data)
    _height                                  0x20000024   Data           4  ili932x.o(.data)
    .data                                    0x20000028   Section        4  system_stm32f1xx.o(.data)
    .data                                    0x2000002c   Section       12  stm32f1xx_hal.o(.data)
    .bss                                     0x20000038   Section      100  sd.o(.bss)
    .bss                                     0x2000009c   Section      512  sdvolume.o(.bss)
    .bss                                     0x2000029c   Section       36  main.o(.bss)
    .bss                                     0x200002c0   Section     1612  sys.o(.bss)
    hspi                                     0x200002c0   Data          88  sys.o(.bss)
    TManager                                 0x20000318   Data          16  sys.o(.bss)
    callbacksEXTI                            0x2000088c   Data          64  sys.o(.bss)
    .bss                                     0x2000090c   Section       64  usartclass.o(.bss)
    UART_Handle                              0x2000090c   Data          64  usartclass.o(.bss)
    STACK                                    0x20000950   Section     1536  startup_stm32f103xg.o(STACK)

    Global Symbols

    Symbol Name                              Value     Ov Type        Size  Object(Section)

    BuildAttributes$$THM_ISAv4$P$D$K$B$S$PE$A:L22UL41UL21$X:L11$S22US41US21$IEEE1$IW$USESV6$~STKCKD$USESV7$~SHL$OTIME$ROPI$IEEEX$EBA8$UX$MICROLIB$REQ8$PRES8$EABIv2 0x00000000   Number         0  anon$$obj.o ABSOLUTE
    __ARM_use_no_argv                        0x00000000   Number         0  main.o ABSOLUTE
    _printf_a                                0x00000000   Number         0  stubs.o ABSOLUTE
    _printf_c                                0x00000000   Number         0  stubs.o ABSOLUTE
    _printf_charcount                        0x00000000   Number         0  stubs.o ABSOLUTE
    _printf_d                                0x00000000   Number         0  stubs.o ABSOLUTE
    _printf_e                                0x00000000   Number         0  stubs.o ABSOLUTE
    _printf_f                                0x00000000   Number         0  stubs.o ABSOLUTE
    _printf_flags                            0x00000000   Number         0  stubs.o ABSOLUTE
    _printf_fp_dec                           0x00000000   Number         0  stubs.o ABSOLUTE
    _printf_fp_hex                           0x00000000   Number         0  stubs.o ABSOLUTE
    _printf_g                                0x00000000   Number         0  stubs.o ABSOLUTE
    _printf_i                                0x00000000   Number         0  stubs.o ABSOLUTE
    _printf_int_dec                          0x00000000   Number         0  stubs.o ABSOLUTE
    _printf_l                                0x00000000   Number         0  stubs.o ABSOLUTE
    _printf_lc                               0x00000000   Number         0  stubs.o ABSOLUTE
    _printf_ll                               0x00000000   Number         0  stubs.o ABSOLUTE
    _printf_lld                              0x00000000   Number         0  stubs.o ABSOLUTE
    _printf_lli                              0x00000000   Number         0  stubs.o ABSOLUTE
    _printf_llo                              0x00000000   Number         0  stubs.o ABSOLUTE
    _printf_llu                              0x00000000   Number         0  stubs.o ABSOLUTE
    _printf_llx                              0x00000000   Number         0  stubs.o ABSOLUTE
    _printf_longlong_dec                     0x00000000   Number         0  stubs.o ABSOLUTE
    _printf_longlong_hex                     0x00000000   Number         0  stubs.o ABSOLUTE
    _printf_longlong_oct                     0x00000000   Number         0  stubs.o ABSOLUTE
    _printf_ls                               0x00000000   Number         0  stubs.o ABSOLUTE
    _printf_mbtowc                           0x00000000   Number         0  stubs.o ABSOLUTE
    _printf_n                                0x00000000   Number         0  stubs.o ABSOLUTE
    _printf_o                                0x00000000   Number         0  stubs.o ABSOLUTE
    _printf_p                                0x00000000   Number         0  stubs.o ABSOLUTE
    _printf_percent                          0x00000000   Number         0  stubs.o ABSOLUTE
    _printf_pre_padding                      0x00000000   Number         0  stubs.o ABSOLUTE
    _printf_return_value                     0x00000000   Number         0  stubs.o ABSOLUTE
    _printf_s                                0x00000000   Number         0  stubs.o ABSOLUTE
    _printf_sizespec                         0x00000000   Number         0  stubs.o ABSOLUTE
    _printf_str                              0x00000000   Number         0  stubs.o ABSOLUTE
    _printf_truncate_signed                  0x00000000   Number         0  stubs.o ABSOLUTE
    _printf_truncate_unsigned                0x00000000   Number         0  stubs.o ABSOLUTE
    _printf_u                                0x00000000   Number         0  stubs.o ABSOLUTE
    _printf_wc                               0x00000000   Number         0  stubs.o ABSOLUTE
    _printf_wctomb                           0x00000000   Number         0  stubs.o ABSOLUTE
    _printf_widthprec                        0x00000000   Number         0  stubs.o ABSOLUTE
    _printf_x                                0x00000000   Number         0  stubs.o ABSOLUTE
    __ARM::default_unexpected_handler()       - Undefined Weak Reference
    typeinfo for Printable                    - Undefined Weak Reference
    __ARM_exceptions_buffer_required          - Undefined Weak Reference
    __cxa_finalize                            - Undefined Weak Reference
    __decompress                              - Undefined Weak Reference
    _clock_init                               - Undefined Weak Reference
    _microlib_exit                            - Undefined Weak Reference
    __Vectors_Size                           0x00000130   Number         0  startup_stm32f103xg.o ABSOLUTE
    __Vectors                                0x08000000   Data           4  startup_stm32f103xg.o(RESET)
    __Vectors_End                            0x08000130   Data           0  startup_stm32f103xg.o(RESET)
    __main                                   0x08000131   Thumb Code     0  entry.o(.ARM.Collect$$$$00000000)
    _main_stk                                0x08000131   Thumb Code     0  entry2.o(.ARM.Collect$$$$00000001)
    _main_scatterload                        0x08000135   Thumb Code     0  entry5.o(.ARM.Collect$$$$00000004)
    __main_after_scatterload                 0x08000139   Thumb Code     0  entry5.o(.ARM.Collect$$$$00000004)
    _main_clock                              0x08000139   Thumb Code     0  entry7b.o(.ARM.Collect$$$$00000008)
    _main_cpp_init$empty                     0x08000139   Thumb Code     0  entry8a.o(.ARM.Collect$$$$00000009)
    _main_cpp_init                           0x0800013d   Thumb Code     0  entry8b.o(.ARM.Collect$$$$0000000A)
    _main_init                               0x0800013d   Thumb Code     0  entry9a.o(.ARM.Collect$$$$0000000B)
    __rt_final_cpp                           0x08000145   Thumb Code     0  entry10a.o(.ARM.Collect$$$$0000000D)
    __rt_final_exit                          0x08000145   Thumb Code     0  entry11a.o(.ARM.Collect$$$$0000000F)
    Reset_Handler                            0x08000149   Thumb Code     8  startup_stm32f103xg.o(.text)
    SVC_Handler                              0x0800015b   Thumb Code     2  startup_stm32f103xg.o(.text)
    PendSV_Handler                           0x0800015f   Thumb Code     2  startup_stm32f103xg.o(.text)
    ADC1_2_IRQHandler                        0x08000163   Thumb Code     0  startup_stm32f103xg.o(.text)
    ADC3_IRQHandler                          0x08000163   Thumb Code     0  startup_stm32f103xg.o(.text)
    CAN1_RX1_IRQHandler                      0x08000163   Thumb Code     0  startup_stm32f103xg.o(.text)
    CAN1_SCE_IRQHandler                      0x08000163   Thumb Code     0  startup_stm32f103xg.o(.text)
    FLASH_IRQHandler                         0x08000163   Thumb Code     0  startup_stm32f103xg.o(.text)
    FSMC_IRQHandler                          0x08000163   Thumb Code     0  startup_stm32f103xg.o(.text)
    I2C1_ER_IRQHandler                       0x08000163   Thumb Code     0  startup_stm32f103xg.o(.text)
    I2C1_EV_IRQHandler                       0x08000163   Thumb Code     0  startup_stm32f103xg.o(.text)
    I2C2_ER_IRQHandler                       0x08000163   Thumb Code     0  startup_stm32f103xg.o(.text)
    I2C2_EV_IRQHandler                       0x08000163   Thumb Code     0  startup_stm32f103xg.o(.text)
    PVD_IRQHandler                           0x08000163   Thumb Code     0  startup_stm32f103xg.o(.text)
    RCC_IRQHandler                           0x08000163   Thumb Code     0  startup_stm32f103xg.o(.text)
    RTC_Alarm_IRQHandler                     0x08000163   Thumb Code     0  startup_stm32f103xg.o(.text)
    RTC_IRQHandler                           0x08000163   Thumb Code     0  startup_stm32f103xg.o(.text)
    SDIO_IRQHandler                          0x08000163   Thumb Code     0  startup_stm32f103xg.o(.text)
    SPI1_IRQHandler                          0x08000163   Thumb Code     0  startup_stm32f103xg.o(.text)
    SPI2_IRQHandler                          0x08000163   Thumb Code     0  startup_stm32f103xg.o(.text)
    SPI3_IRQHandler                          0x08000163   Thumb Code     0  startup_stm32f103xg.o(.text)
    TAMPER_IRQHandler                        0x08000163   Thumb Code     0  startup_stm32f103xg.o(.text)
    TIM1_BRK_TIM9_IRQHandler                 0x08000163   Thumb Code     0  startup_stm32f103xg.o(.text)
    TIM1_CC_IRQHandler                       0x08000163   Thumb Code     0  startup_stm32f103xg.o(.text)
    TIM1_TRG_COM_TIM11_IRQHandler            0x08000163   Thumb Code     0  startup_stm32f103xg.o(.text)
    TIM1_UP_TIM10_IRQHandler                 0x08000163   Thumb Code     0  startup_stm32f103xg.o(.text)
    TIM2_IRQHandler                          0x08000163   Thumb Code     0  startup_stm32f103xg.o(.text)
    TIM3_IRQHandler                          0x08000163   Thumb Code     0  startup_stm32f103xg.o(.text)
    TIM4_IRQHandler                          0x08000163   Thumb Code     0  startup_stm32f103xg.o(.text)
    TIM5_IRQHandler                          0x08000163   Thumb Code     0  startup_stm32f103xg.o(.text)
    TIM6_IRQHandler                          0x08000163   Thumb Code     0  startup_stm32f103xg.o(.text)
    TIM7_IRQHandler                          0x08000163   Thumb Code     0  startup_stm32f103xg.o(.text)
    TIM8_BRK_TIM12_IRQHandler                0x08000163   Thumb Code     0  startup_stm32f103xg.o(.text)
    TIM8_CC_IRQHandler                       0x08000163   Thumb Code     0  startup_stm32f103xg.o(.text)
    TIM8_TRG_COM_TIM14_IRQHandler            0x08000163   Thumb Code     0  startup_stm32f103xg.o(.text)
    TIM8_UP_TIM13_IRQHandler                 0x08000163   Thumb Code     0  startup_stm32f103xg.o(.text)
    USBWakeUp_IRQHandler                     0x08000163   Thumb Code     0  startup_stm32f103xg.o(.text)
    USB_HP_CAN1_TX_IRQHandler                0x08000163   Thumb Code     0  startup_stm32f103xg.o(.text)
    USB_LP_CAN1_RX0_IRQHandler               0x08000163   Thumb Code     0  startup_stm32f103xg.o(.text)
    WWDG_IRQHandler                          0x08000163   Thumb Code     0  startup_stm32f103xg.o(.text)
    __aeabi_memset                           0x0800016d   Thumb Code    14  memseta.o(.text)
    __aeabi_memset4                          0x0800016d   Thumb Code     0  memseta.o(.text)
    __aeabi_memset8                          0x0800016d   Thumb Code     0  memseta.o(.text)
    __aeabi_memclr                           0x0800017b   Thumb Code     4  memseta.o(.text)
    __aeabi_memclr4                          0x0800017b   Thumb Code     0  memseta.o(.text)
    __aeabi_memclr8                          0x0800017b   Thumb Code     0  memseta.o(.text)
    _memset$wrapper                          0x0800017f   Thumb Code    18  memseta.o(.text)
    strlen                                   0x08000191   Thumb Code    14  strlen.o(.text)
    __cpp_initialize__aeabi_                 0x080001a1   Thumb Code    22  cpp_init.o(.text)
    __aeabi_dadd                             0x080001c1   Thumb Code   322  dadd.o(.text)
    __aeabi_dsub                             0x08000303   Thumb Code     6  dadd.o(.text)
    __aeabi_drsub                            0x08000309   Thumb Code     6  dadd.o(.text)
    __aeabi_dmul                             0x0800030f   Thumb Code   228  dmul.o(.text)
    __aeabi_ddiv                             0x080003f3   Thumb Code   222  ddiv.o(.text)
    __aeabi_i2d                              0x080004d1   Thumb Code    34  dflti.o(.text)
    __aeabi_ui2d                             0x080004f3   Thumb Code    26  dfltui.o(.text)
    __aeabi_d2iz                             0x0800050d   Thumb Code    62  dfixi.o(.text)
    __aeabi_d2uiz                            0x0800054b   Thumb Code    50  dfixui.o(.text)
    __aeabi_cdcmpeq                          0x0800057d   Thumb Code     0  cdcmple.o(.text)
    __aeabi_cdcmple                          0x0800057d   Thumb Code    48  cdcmple.o(.text)
    __aeabi_cdrcmple                         0x080005ad   Thumb Code    48  cdrcmple.o(.text)
    __aeabi_llsl                             0x080005dd   Thumb Code    30  llshl.o(.text)
    _ll_shift_l                              0x080005dd   Thumb Code     0  llshl.o(.text)
    __aeabi_llsr                             0x080005fb   Thumb Code    32  llushr.o(.text)
    _ll_ushift_r                             0x080005fb   Thumb Code     0  llushr.o(.text)
    __aeabi_lasr                             0x0800061b   Thumb Code    36  llsshr.o(.text)
    _ll_sshift_r                             0x0800061b   Thumb Code     0  llsshr.o(.text)
    __I$use$fp                               0x0800063f   Thumb Code     0  iusefp.o(.text)
    __rt_SIGPVFN                             0x0800063f   Thumb Code     2  cpp_signal.o(.text)
    _double_round                            0x08000641   Thumb Code    30  depilogue.o(.text)
    _double_epilogue                         0x0800065f   Thumb Code   156  depilogue.o(.text)
    __scatterload                            0x080006fd   Thumb Code    28  init.o(.text)
    __scatterload_rt2                        0x080006fd   Thumb Code     0  init.o(.text)
    BusFault_Handler                         0x08000721   Thumb Code     2  stm32f1xx_it.o(i.BusFault_Handler)
    DMA1_Channel1_IRQHandler                 0x08000725   Thumb Code    14  sys.o(i.DMA1_Channel1_IRQHandler)
    DMA1_Channel2_IRQHandler                 0x08000739   Thumb Code    14  sys.o(i.DMA1_Channel2_IRQHandler)
    DMA1_Channel3_IRQHandler                 0x0800074d   Thumb Code    14  sys.o(i.DMA1_Channel3_IRQHandler)
    DMA1_Channel4_IRQHandler                 0x08000761   Thumb Code    16  sys.o(i.DMA1_Channel4_IRQHandler)
    DMA1_Channel5_IRQHandler                 0x08000775   Thumb Code    16  sys.o(i.DMA1_Channel5_IRQHandler)
    DMA1_Channel6_IRQHandler                 0x08000789   Thumb Code    14  sys.o(i.DMA1_Channel6_IRQHandler)
    DMA1_Channel7_IRQHandler                 0x0800079d   Thumb Code    14  sys.o(i.DMA1_Channel7_IRQHandler)
    DMA2_Channel1_IRQHandler                 0x080007b1   Thumb Code    18  sys.o(i.DMA2_Channel1_IRQHandler)
    DMA2_Channel2_IRQHandler                 0x080007c9   Thumb Code    18  sys.o(i.DMA2_Channel2_IRQHandler)
    DMA2_Channel3_IRQHandler                 0x080007e1   Thumb Code    20  sys.o(i.DMA2_Channel3_IRQHandler)
    DMA2_Channel4_5_IRQHandler               0x080007f9   Thumb Code    20  sys.o(i.DMA2_Channel4_5_IRQHandler)
    DebugMon_Handler                         0x08000811   Thumb Code     2  stm32f1xx_it.o(i.DebugMon_Handler)
    EXTI0_IRQHandler                         0x08000815   Thumb Code    36  sys.o(i.EXTI0_IRQHandler)
    EXTI15_10_IRQHandler                     0x08000841   Thumb Code   144  sys.o(i.EXTI15_10_IRQHandler)
    EXTI1_IRQHandler                         0x080008d9   Thumb Code    36  sys.o(i.EXTI1_IRQHandler)
    EXTI2_IRQHandler                         0x08000905   Thumb Code    36  sys.o(i.EXTI2_IRQHandler)
    EXTI3_IRQHandler                         0x08000931   Thumb Code    36  sys.o(i.EXTI3_IRQHandler)
    EXTI4_IRQHandler                         0x0800095d   Thumb Code    36  sys.o(i.EXTI4_IRQHandler)
    EXTI9_5_IRQHandler                       0x08000989   Thumb Code   118  sys.o(i.EXTI9_5_IRQHandler)
    HAL_GPIO_EXTI_Callback                   0x08000a09   Thumb Code     2  stm32f1xx_hal_gpio.o(i.HAL_GPIO_EXTI_Callback)
    HAL_GPIO_Init                            0x08000a0d   Thumb Code   462  stm32f1xx_hal_gpio.o(i.HAL_GPIO_Init)
    HAL_GetTick                              0x08000c05   Thumb Code     6  stm32f1xx_hal.o(i.HAL_GetTick)
    HAL_IncTick                              0x08000c11   Thumb Code    12  stm32f1xx_hal.o(i.HAL_IncTick)
    HAL_Init                                 0x08000c21   Thumb Code    32  stm32f1xx_hal.o(i.HAL_Init)
    HAL_InitTick                             0x08000c45   Thumb Code    54  stm32f1xx_hal.o(i.HAL_InitTick)
    HAL_MspInit                              0x08000c85   Thumb Code    86  stm32f1xx_hal_msp.o(i.HAL_MspInit)
    HAL_NVIC_ClearPendingIRQ                 0x08000ce1   Thumb Code    22  stm32f1xx_hal_cortex.o(i.HAL_NVIC_ClearPendingIRQ)
    HAL_NVIC_DisableIRQ                      0x08000cf7   Thumb Code    22  stm32f1xx_hal_cortex.o(i.HAL_NVIC_DisableIRQ)
    HAL_NVIC_EnableIRQ                       0x08000d0d   Thumb Code    22  stm32f1xx_hal_cortex.o(i.HAL_NVIC_EnableIRQ)
    HAL_NVIC_SetPriority                     0x08000d25   Thumb Code    60  stm32f1xx_hal_cortex.o(i.HAL_NVIC_SetPriority)
    HAL_NVIC_SetPriorityGrouping             0x08000d65   Thumb Code    26  stm32f1xx_hal_cortex.o(i.HAL_NVIC_SetPriorityGrouping)
    HAL_RCCEx_PeriphCLKConfig                0x08000d89   Thumb Code   224  stm32f1xx_hal_rcc_ex.o(i.HAL_RCCEx_PeriphCLKConfig)
    HAL_RCC_ClockConfig                      0x08000e75   Thumb Code   280  stm32f1xx_hal_rcc.o(i.HAL_RCC_ClockConfig)
    HAL_RCC_GetPCLK1Freq                     0x08000fa1   Thumb Code    20  stm32f1xx_hal_rcc.o(i.HAL_RCC_GetPCLK1Freq)
    HAL_RCC_GetPCLK2Freq                     0x08000fc1   Thumb Code    20  stm32f1xx_hal_rcc.o(i.HAL_RCC_GetPCLK2Freq)
    HAL_RCC_GetSysClockFreq                  0x08000fe1   Thumb Code    76  stm32f1xx_hal_rcc.o(i.HAL_RCC_GetSysClockFreq)
    HAL_RCC_OscConfig                        0x0800104d   Thumb Code   778  stm32f1xx_hal_rcc.o(i.HAL_RCC_OscConfig)
    HAL_SYSTICK_Callback                     0x0800136d   Thumb Code     2  main.o(i.HAL_SYSTICK_Callback)
    HAL_SYSTICK_Config                       0x0800136f   Thumb Code    40  stm32f1xx_hal_cortex.o(i.HAL_SYSTICK_Config)
    HAL_SYSTICK_IRQHandler                   0x08001397   Thumb Code     8  stm32f1xx_hal_cortex.o(i.HAL_SYSTICK_IRQHandler)
    HAL_UART_Init                            0x0800139f   Thumb Code    98  stm32f1xx_hal_uart.o(i.HAL_UART_Init)
    HAL_UART_MspInit                         0x08001401   Thumb Code     2  stm32f1xx_hal_uart.o(i.HAL_UART_MspInit)
    HardFault_Handler                        0x08001403   Thumb Code     2  stm32f1xx_it.o(i.HardFault_Handler)
    MemManage_Handler                        0x08001405   Thumb Code     2  stm32f1xx_it.o(i.MemManage_Handler)
    NMI_Handler                              0x08001407   Thumb Code     2  stm32f1xx_it.o(i.NMI_Handler)
    SysTick_Handler                          0x08001409   Thumb Code    14  stm32f1xx_it.o(i.SysTick_Handler)
    SystemClock_Config                       0x08001417   Thumb Code   120  main.o(i.SystemClock_Config)
    SystemInit                               0x08001491   Thumb Code    56  system_stm32f1xx.o(i.SystemInit)
    UART4_IRQHandler                         0x080014d9   Thumb Code     6  sys.o(i.UART4_IRQHandler)
    UART5_IRQHandler                         0x080014e5   Thumb Code     6  sys.o(i.UART5_IRQHandler)
    USART1_IRQHandler                        0x080014f1   Thumb Code    20  sys.o(i.USART1_IRQHandler)
    USART2_IRQHandler                        0x08001509   Thumb Code     6  sys.o(i.USART2_IRQHandler)
    USART3_IRQHandler                        0x08001515   Thumb Code     6  sys.o(i.USART3_IRQHandler)
    UsageFault_Handler                       0x08001521   Thumb Code     2  stm32f1xx_it.o(i.UsageFault_Handler)
    testCircles(unsigned char, unsigned short) 0x08001691   Thumb Code    88  main.o(i._Z11testCirclesht)
    writeCommand(unsigned short)             0x080016ed   Thumb Code    42  adafruit_tftlcd_8bit_stm32.o(i._Z12writeCommandt)
    hx8347g_begin()                          0x0800171d   Thumb Code    62  hx8347g.o(i._Z13hx8347g_beginv)
    hx8347g_setLR()                          0x08001765   Thumb Code    28  hx8347g.o(i._Z13hx8347g_setLRv)
    hx8357x_begin()                          0x08001781   Thumb Code   118  hx8357x.o(i._Z13hx8357x_beginv)
    ili932x_begin()                          0x08001805   Thumb Code    60  ili932x.o(i._Z13ili932x_beginv)
    ili9341_begin()                          0x08001849   Thumb Code    24  ili9341.o(i._Z13ili9341_beginv)
    testFastLines(unsigned short, unsigned short) 0x08001865   Thumb Code   100  main.o(i._Z13testFastLinestt)
    testTriangles()                          0x080018cd   Thumb Code   128  main.o(i._Z13testTrianglesv)
    testFillScreen()                         0x08001a09   Thumb Code    60  main.o(i._Z14testFillScreenv)
    testRoundRects()                         0x08001a49   Thumb Code   158  main.o(i._Z14testRoundRectsv)
    writeRegister8(unsigned short, unsigned char) 0x08001aed   Thumb Code    36  adafruit_tftlcd_8bit_stm32.o(i._Z14writeRegister8th)
    testFilledRects(unsigned short, unsigned short) 0x08001b15   Thumb Code   166  main.o(i._Z15testFilledRectstt)
    writeRegister16(unsigned short, unsigned short) 0x08001bc1   Thumb Code    52  adafruit_tftlcd_8bit_stm32.o(i._Z15writeRegister16tt)
    writeRegister32(unsigned short, unsigned) 0x08001bf9   Thumb Code    80  adafruit_tftlcd_8bit_stm32.o(i._Z15writeRegister32tj)
    ili932x_drawPixel(short, short, unsigned short) 0x08001c6d   Thumb Code    90  ili932x.o(i._Z17ili932x_drawPixelsst)
    testFilledCircles(unsigned char, unsigned short) 0x08001ccd   Thumb Code    92  main.o(i._Z17testFilledCirclesht)
    writeRegisterPair(unsigned short, unsigned short, unsigned short) 0x08001d2d   Thumb Code    24  adafruit_tftlcd_8bit_stm32.o(i._Z17writeRegisterPairttt)
    ili932x_fillScreen(unsigned short)       0x08001d45   Thumb Code    54  ili932x.o(i._Z18ili932x_fillScreent)
    hx8347g_setRotation(unsigned char)       0x08001d81   Thumb Code    42  hx8347g.o(i._Z19hx8347g_setRotationh)
    ili932x_setRotation(unsigned char)       0x08001dad   Thumb Code    84  ili932x.o(i._Z19ili932x_setRotationh)
    testFilledTriangles()                    0x08001e05   Thumb Code   182  main.o(i._Z19testFilledTrianglesv)
    testFilledRoundRects()                   0x08001ec1   Thumb Code   152  main.o(i._Z20testFilledRoundRectsv)
    hx8347g_setAddrWindow(int, int, int, int) 0x08001f5d   Thumb Code    52  hx8347g.o(i._Z21hx8347g_setAddrWindowiiii)
    ili932x_setAddrWindow(int, int, int, int) 0x08001f91   Thumb Code   154  ili932x.o(i._Z21ili932x_setAddrWindowiiii)
    ili9341_setAddrWindow(short, short, short, short) 0x08002031   Thumb Code    30  ili9341.o(i._Z21ili9341_setAddrWindowssss)
    doTest()                                 0x08002081   Thumb Code   388  main.o(i._Z6doTestv)
    testText()                               0x080023a9   Thumb Code   232  main.o(i._Z8testTextv)
    testLines(unsigned short)                0x08002571   Thumb Code   400  main.o(i._Z9testLinest)
    testRects(unsigned short)                0x08002705   Thumb Code   128  main.o(i._Z9testRectst)
    RingBuffer::store_char(unsigned char)    0x08002789   Thumb Code    22  ringbuffer.o(i._ZN10RingBuffer10store_charEh)
    RingBuffer::RingBuffer()                 0x0800279f   Thumb Code    20  ringbuffer.o(i._ZN10RingBufferC1Ev)
    RingBuffer::RingBuffer__sub_object()     0x0800279f   Thumb Code     0  ringbuffer.o(i._ZN10RingBufferC1Ev)
    USARTClass::IrqHandler()                 0x080027b3   Thumb Code    36  usartclass.o(i._ZN10USARTClass10IrqHandlerEv)
    USARTClass::begin(unsigned)              0x080027d9   Thumb Code   442  usartclass.o(i._ZN10USARTClass5beginEj)
    USARTClass::write(unsigned char)         0x08002999   Thumb Code    22  usartclass.o(i._ZN10USARTClass5writeEh)
    USARTClass::USARTClass(USART_TypeDef*, IRQn_Type, unsigned, RingBuffer*) 0x080029b1   Thumb Code    30  usartclass.o(i._ZN10USARTClassC1EP13USART_TypeDef9IRQn_TypejP10RingBuffer)
    USARTClass::USARTClass__sub_object(USART_TypeDef*, IRQn_Type, unsigned, RingBuffer*) 0x080029b1   Thumb Code     0  usartclass.o(i._ZN10USARTClassC1EP13USART_TypeDef9IRQn_TypejP10RingBuffer)
    Adafruit_GFX::drawCircle(short, short, short, unsigned short) 0x080029d5   Thumb Code   316  adafruit_gfx.o(i._ZN12Adafruit_GFX10drawCircleEssst)
    Adafruit_GFX::fillCircle(short, short, short, unsigned short) 0x08002b11   Thumb Code    64  adafruit_gfx.o(i._ZN12Adafruit_GFX10fillCircleEssst)
    Adafruit_GFX::setRotation(unsigned char) 0x08002b51   Thumb Code    38  adafruit_gfx.o(i._ZN12Adafruit_GFX11setRotationEh)
    Adafruit_GFX::setTextSize(unsigned char) 0x08002b77   Thumb Code     8  adafruit_gfx.o(i._ZN12Adafruit_GFX11setTextSizeEh)
    Adafruit_GFX::drawTriangle(short, short, short, short, short, short, unsigned short) 0x08002b7f   Thumb Code    76  adafruit_gfx.o(i._ZN12Adafruit_GFX12drawTriangleEsssssst)
    Adafruit_GFX::fillTriangle(short, short, short, short, short, short, unsigned short) 0x08002bcb   Thumb Code   380  adafruit_gfx.o(i._ZN12Adafruit_GFX12fillTriangleEsssssst)
    Adafruit_GFX::setTextColor(unsigned short) 0x08002d47   Thumb Code     6  adafruit_gfx.o(i._ZN12Adafruit_GFX12setTextColorEt)
    Adafruit_GFX::drawFastHLine(short, short, short, unsigned short) 0x08002d4d   Thumb Code    22  adafruit_gfx.o(i._ZN12Adafruit_GFX13drawFastHLineEssst)
    Adafruit_GFX::drawFastVLine(short, short, short, unsigned short) 0x08002d63   Thumb Code    24  adafruit_gfx.o(i._ZN12Adafruit_GFX13drawFastVLineEssst)
    Adafruit_GFX::drawRoundRect(short, short, short, short, short, unsigned short) 0x08002d7b   Thumb Code   228  adafruit_gfx.o(i._ZN12Adafruit_GFX13drawRoundRectEssssst)
    Adafruit_GFX::fillRoundRect(short, short, short, short, short, unsigned short) 0x08002e5f   Thumb Code   120  adafruit_gfx.o(i._ZN12Adafruit_GFX13fillRoundRectEssssst)
    Adafruit_GFX::drawCircleHelper(short, short, short, unsigned char, unsigned short) 0x08002ed9   Thumb Code   296  adafruit_gfx.o(i._ZN12Adafruit_GFX16drawCircleHelperEsssht)
    Adafruit_GFX::fillCircleHelper(short, short, short, unsigned char, short, unsigned short) 0x08003001   Thumb Code   234  adafruit_gfx.o(i._ZN12Adafruit_GFX16fillCircleHelperEssshst)
    Adafruit_GFX::width()                    0x080030eb   Thumb Code     6  adafruit_gfx.o(i._ZN12Adafruit_GFX5widthEv)
    Adafruit_GFX::write(unsigned char)       0x080030f1   Thumb Code   102  adafruit_gfx.o(i._ZN12Adafruit_GFX5writeEh)
    Adafruit_GFX::height()                   0x08003157   Thumb Code     6  adafruit_gfx.o(i._ZN12Adafruit_GFX6heightEv)
    Adafruit_GFX::drawChar(short, short, unsigned char, unsigned short, unsigned short, unsigned char) 0x0800315d   Thumb Code   220  adafruit_gfx.o(i._ZN12Adafruit_GFX8drawCharEsshtth)
    Adafruit_GFX::drawLine(short, short, short, short, unsigned short) 0x0800323d   Thumb Code   172  adafruit_gfx.o(i._ZN12Adafruit_GFX8drawLineEsssst)
    Adafruit_GFX::drawRect(short, short, short, short, unsigned short) 0x080032e9   Thumb Code    94  adafruit_gfx.o(i._ZN12Adafruit_GFX8drawRectEsssst)
    Adafruit_GFX::fillRect(short, short, short, short, unsigned short) 0x08003347   Thumb Code    48  adafruit_gfx.o(i._ZN12Adafruit_GFX8fillRectEsssst)
    Adafruit_GFX::setCursor(short, short)    0x08003377   Thumb Code     6  adafruit_gfx.o(i._ZN12Adafruit_GFX9setCursorEss)
    Adafruit_GFX::Adafruit_GFX__sub_object(short, short) 0x0800337d   Thumb Code    44  adafruit_gfx.o(i._ZN12Adafruit_GFXC2Ess)
    Adafruit_TFTLCD_8bit_STM32::fillScreen(unsigned short) 0x080033ad   Thumb Code    78  adafruit_tftlcd_8bit_stm32.o(i._ZN26Adafruit_TFTLCD_8bit_STM3210fillScreenEt)
    Adafruit_TFTLCD_8bit_STM32::setRotation(unsigned char) 0x080033fb   Thumb Code   186  adafruit_tftlcd_8bit_stm32.o(i._ZN26Adafruit_TFTLCD_8bit_STM3211setRotationEh)
    Adafruit_TFTLCD_8bit_STM32::drawFastHLine(short, short, short, unsigned short) 0x080034b5   Thumb Code   122  adafruit_tftlcd_8bit_stm32.o(i._ZN26Adafruit_TFTLCD_8bit_STM3213drawFastHLineEssst)
    Adafruit_TFTLCD_8bit_STM32::drawFastVLine(short, short, short, unsigned short) 0x0800352f   Thumb Code   124  adafruit_tftlcd_8bit_stm32.o(i._ZN26Adafruit_TFTLCD_8bit_STM3213drawFastVLineEssst)
    Adafruit_TFTLCD_8bit_STM32::setAddrWindow(short, short, short, short) 0x080035ab   Thumb Code    72  adafruit_tftlcd_8bit_stm32.o(i._ZN26Adafruit_TFTLCD_8bit_STM3213setAddrWindowEssss)
    Adafruit_TFTLCD_8bit_STM32::begin(unsigned short) 0x080035f3   Thumb Code   118  adafruit_tftlcd_8bit_stm32.o(i._ZN26Adafruit_TFTLCD_8bit_STM325beginEt)
    Adafruit_TFTLCD_8bit_STM32::flood(unsigned short, unsigned) 0x08003669   Thumb Code   306  adafruit_tftlcd_8bit_stm32.o(i._ZN26Adafruit_TFTLCD_8bit_STM325floodEtj)
    Adafruit_TFTLCD_8bit_STM32::reset()      0x080037a5   Thumb Code   128  adafruit_tftlcd_8bit_stm32.o(i._ZN26Adafruit_TFTLCD_8bit_STM325resetEv)
    Adafruit_TFTLCD_8bit_STM32::color565(unsigned char, unsigned char, unsigned char) 0x08003831   Thumb Code    20  main.o(i._ZN26Adafruit_TFTLCD_8bit_STM328color565Ehhh)
    Adafruit_TFTLCD_8bit_STM32::fillRect(short, short, short, short, unsigned short) 0x08003845   Thumb Code   162  adafruit_tftlcd_8bit_stm32.o(i._ZN26Adafruit_TFTLCD_8bit_STM328fillRectEsssst)
    Adafruit_TFTLCD_8bit_STM32::drawPixel(short, short, unsigned short) 0x080038e9   Thumb Code   196  adafruit_tftlcd_8bit_stm32.o(i._ZN26Adafruit_TFTLCD_8bit_STM329drawPixelEsst)
    Adafruit_TFTLCD_8bit_STM32::Adafruit_TFTLCD_8bit_STM32() 0x080039b5   Thumb Code    18  adafruit_tftlcd_8bit_stm32.o(i._ZN26Adafruit_TFTLCD_8bit_STM32C1Ev)
    Adafruit_TFTLCD_8bit_STM32::Adafruit_TFTLCD_8bit_STM32__sub_object() 0x080039b5   Thumb Code     0  adafruit_tftlcd_8bit_stm32.o(i._ZN26Adafruit_TFTLCD_8bit_STM32C1Ev)
    Print::printFloat(double, unsigned char) 0x080039cd   Thumb Code   280  print.o(i._ZN5Print10printFloatEdh)
    Print::printNumber(unsigned long, unsigned char) 0x08003b0d   Thumb Code    58  print.o(i._ZN5Print11printNumberEmh)
    Print::print(const __FlashStringHelper*) 0x08003b47   Thumb Code     4  print.o(i._ZN5Print5printEPK19__FlashStringHelper)
    Print::print(const char*)                0x08003b4b   Thumb Code     4  print.o(i._ZN5Print5printEPKc)
    Print::print(char)                       0x08003b4f   Thumb Code     6  print.o(i._ZN5Print5printEc)
    Print::print(double, int)                0x08003b55   Thumb Code    14  print.o(i._ZN5Print5printEdi)
    Print::print(unsigned char, int)         0x08003b63   Thumb Code     4  print.o(i._ZN5Print5printEhi)
    Print::print(int, int)                   0x08003b67   Thumb Code     4  print.o(i._ZN5Print5printEii)
    Print::print(unsigned, int)              0x08003b6b   Thumb Code     4  print.o(i._ZN5Print5printEji)
    Print::print(long, int)                  0x08003b6f   Thumb Code    66  print.o(i._ZN5Print5printEli)
    Print::print(unsigned long, int)         0x08003bb1   Thumb Code    16  print.o(i._ZN5Print5printEmi)
    Print::write(const char*)                0x08003bc1   Thumb Code    34  print.o(i._ZN5Print5writeEPKc)
    Print::write(const unsigned char*, unsigned) 0x08003be5   Thumb Code    40  print.o(i._ZN5Print5writeEPKhj)
    Print::println(const __FlashStringHelper*) 0x08003c0d   Thumb Code    20  print.o(i._ZN5Print7printlnEPK19__FlashStringHelper)
    Print::println(const char*)              0x08003c21   Thumb Code    20  print.o(i._ZN5Print7printlnEPKc)
    Print::println(double, int)              0x08003c35   Thumb Code    26  print.o(i._ZN5Print7printlnEdi)
    Print::println(int, int)                 0x08003c4f   Thumb Code    20  print.o(i._ZN5Print7printlnEii)
    Print::println(unsigned, int)            0x08003c63   Thumb Code    20  print.o(i._ZN5Print7printlnEji)
    Print::println(unsigned long, int)       0x08003c77   Thumb Code    20  print.o(i._ZN5Print7printlnEmi)
    Print::println()                         0x08003c8b   Thumb Code    24  print.o(i._ZN5Print7printlnEv)
    SdFile::addCluster()                     0x08003ca3   Thumb Code    40  sdfile.o(i._ZN6SdFile10addClusterEv)
    SdFile::cacheDirEntry(unsigned char)     0x08003ccd   Thumb Code    24  sdfile.o(i._ZN6SdFile13cacheDirEntryEh)
    SdFile::sync()                           0x08003ce9   Thumb Code    76  sdfile.o(i._ZN6SdFile4syncEv)
    SdFile::write(const void*, unsigned short) 0x08003d39   Thumb Code   330  sdfile.o(i._ZN6SdFile5writeEPKvt)
    SdFile::write(unsigned char)             0x08003e95   Thumb Code    12  sdfile.o(i._ZN6SdFile5writeEh)
    SdFile::seekSet(unsigned)                0x08003ea1   Thumb Code    98  sdfile.o(i._ZN6SdFile7seekSetEj)
    SdFile::SdFile()                         0x08003f05   Thumb Code    12  sd.o(i._ZN6SdFileC1Ev)
    SdFile::SdFile__sub_object()             0x08003f05   Thumb Code     0  sd.o(i._ZN6SdFileC1Ev)
    Sd2Card::writeBlock(unsigned, const unsigned char*) 0x08003f15   Thumb Code   108  sd2card.o(i._ZN7Sd2Card10writeBlockEjPKh)
    Sd2Card::cardCommand(unsigned char, unsigned) 0x08003f81   Thumb Code   104  sd2card.o(i._ZN7Sd2Card11cardCommandEhj)
    Sd2Card::waitNotBusy(unsigned short)     0x08003fe9   Thumb Code    40  sd2card.o(i._ZN7Sd2Card11waitNotBusyEt)
    Sd2Card::chipSelectLow()                 0x08004011   Thumb Code     8  sd2card.o(i._ZN7Sd2Card13chipSelectLowEv)
    Sd2Card::chipSelectHigh()                0x08004019   Thumb Code     8  sd2card.o(i._ZN7Sd2Card14chipSelectHighEv)
    Sd2Card::waitStartBlock()                0x08004021   Thumb Code    66  sd2card.o(i._ZN7Sd2Card14waitStartBlockEv)
    Sd2Card::readEnd()                       0x08004063   Thumb Code    42  sd2card.o(i._ZN7Sd2Card7readEndEv)
    Sd2Card::readData(unsigned, unsigned short, unsigned short, unsigned char*) 0x0800408d   Thumb Code   162  sd2card.o(i._ZN7Sd2Card8readDataEjttPh)
    Sd2Card::readBlock(unsigned, unsigned char*) 0x0800412f   Thumb Code    16  sd2card.o(i._ZN7Sd2Card9readBlockEjPh)
    Sd2Card::writeData(unsigned char, const unsigned char*) 0x0800413f   Thumb Code    80  sd2card.o(i._ZN7Sd2Card9writeDataEhPKh)
    SPIClass::transfer(unsigned char)        0x0800418f   Thumb Code    36  sys.o(i._ZN8SPIClass8transferEh)
    SPIClass::SPIClass(SPI_TypeDef*, void(*)()) 0x080041b3   Thumb Code    22  sys.o(i._ZN8SPIClassC1EP11SPI_TypeDefPFYvvE)
    SPIClass::SPIClass__sub_object(SPI_TypeDef*, void(*)()) 0x080041b3   Thumb Code     0  sys.o(i._ZN8SPIClassC1EP11SPI_TypeDefPFYvvE)
    SdVolume::cacheFlush()                   0x080041c9   Thumb Code    48  sdvolume.o(i._ZN8SdVolume10cacheFlushEv)
    SdVolume::cacheRawBlock(unsigned, unsigned char) 0x08004201   Thumb Code    48  sdvolume.o(i._ZN8SdVolume13cacheRawBlockEjh)
    SdVolume::cacheSetDirty()                0x08004239   Thumb Code    12  sdfile.o(i._ZN8SdVolume13cacheSetDirtyEv)
    SdVolume::allocContiguous(unsigned, unsigned*) 0x08004249   Thumb Code   174  sdvolume.o(i._ZN8SdVolume15allocContiguousEjPj)
    SdVolume::fatPut(unsigned, unsigned)     0x080042f9   Thumb Code   118  sdvolume.o(i._ZN8SdVolume6fatPutEjj)
    SdVolume::clusterStartBlock(unsigned) const 0x08004379   Thumb Code    12  sdfile.o(i._ZNK8SdVolume17clusterStartBlockEj)
    SdVolume::isEOC(unsigned) const          0x08004385   Thumb Code    28  sdfile.o(i._ZNK8SdVolume5isEOCEj)
    SdVolume::fatGet(unsigned, unsigned*) const 0x080043a5   Thumb Code    92  sdvolume.o(i._ZNK8SdVolume6fatGetEjPj)
    __cxa_pure_virtual                       0x08004409   Thumb Code     6  pure_virt.o(i.__cxa_pure_virtual)
    __scatterload_copy                       0x0800440f   Thumb Code    14  handlers.o(i.__scatterload_copy)
    __scatterload_null                       0x0800441d   Thumb Code     2  handlers.o(i.__scatterload_null)
    __scatterload_zeroinit                   0x0800441f   Thumb Code    14  handlers.o(i.__scatterload_zeroinit)
    delay                                    0x08004555   Thumb Code    36  sys.o(i.delay)
    digitalWrite                             0x08004579   Thumb Code    32  sys.o(i.digitalWrite)
    main                                     0x0800459d   Thumb Code   174  main.o(i.main)
    micros                                   0x080046a1   Thumb Code    68  sys.o(i.micros)
    millis                                   0x080046e5   Thumb Code     4  sys.o(i.millis)
    pinMode                                  0x080046e9   Thumb Code   308  sys.o(i.pinMode)
    g_APinDescription                        0x08004830   Data        2716  pinmap.o(.constdata)
    AHBPrescTable                            0x08005947   Data          16  system_stm32f1xx.o(.constdata)
    APBPrescTable                            0x08005957   Data           8  system_stm32f1xx.o(.constdata)
    vtable for USARTClass                    0x08005960   Data          32  usartclass.o(.constdata__ZTV10USARTClass)
    vtable for Adafruit_GFX                  0x08005980   Data          52  adafruit_gfx.o(.constdata__ZTV12Adafruit_GFX)
    vtable for Adafruit_TFTLCD_8bit_STM32    0x080059b4   Data          52  adafruit_tftlcd_8bit_stm32.o(.constdata__ZTV26Adafruit_TFTLCD_8bit_STM32)
    vtable for SdFile                        0x080059e8   Data          16  sdfile.o(.constdata__ZTV6SdFile)
    Region$$Table$$Base                      0x080059f8   Number         0  anon$$obj.o(Region$$Table)
    Region$$Table$$Limit                     0x08005a18   Number         0  anon$$obj.o(Region$$Table)
    SHT$$INIT_ARRAY$$Base                    0x08005a18   Number         0  sd.o(.init_array)
    SHT$$INIT_ARRAY$$Limit                   0x08005a24   Number         0  cpp_init.o(.init_array)
    SdFile::dateTime_                        0x20000000   Data           4  sdfile.o(.data)
    SdVolume::cacheDirty_                    0x20000004   Data           1  sdvolume.o(.data)
    SdVolume::cacheBlockNumber_              0x20000008   Data           4  sdvolume.o(.data)
    SdVolume::cacheMirrorBlock_              0x2000000c   Data           4  sdvolume.o(.data)
    SdVolume::sdCard_                        0x20000010   Data           4  sdvolume.o(.data)
    cntrlRegs                                0x20000014   Data           4  adafruit_tftlcd_8bit_stm32.o(.data)
    dataRegs                                 0x20000018   Data           4  adafruit_tftlcd_8bit_stm32.o(.data)
    SystemCoreClock                          0x20000028   Data           4  system_stm32f1xx.o(.data)
    uwTickFreq                               0x2000002c   Data           1  stm32f1xx_hal.o(.data)
    uwTickPrio                               0x20000030   Data           4  stm32f1xx_hal.o(.data)
    uwTick                                   0x20000034   Data           4  stm32f1xx_hal.o(.data)
    SD                                       0x20000038   Data         100  sd.o(.bss)
    SdVolume::cacheBuffer_                   0x2000009c   Data         512  sdvolume.o(.bss)
    tft                                      0x2000029c   Data          36  main.o(.bss)
    rx_buffer1                               0x20000328   Data          72  sys.o(.bss)
    rx_buffer2                               0x20000370   Data          72  sys.o(.bss)
    rx_buffer3                               0x200003b8   Data          72  sys.o(.bss)
    rx_buffer4                               0x20000400   Data          72  sys.o(.bss)
    rx_buffer5                               0x20000448   Data          72  sys.o(.bss)
    rx_buffer6                               0x20000490   Data          72  sys.o(.bss)
    Serial                                   0x200004d8   Data         112  sys.o(.bss)
    Serial1                                  0x20000548   Data         112  sys.o(.bss)
    Serial2                                  0x200005b8   Data         112  sys.o(.bss)
    Serial3                                  0x20000628   Data         112  sys.o(.bss)
    Serial4                                  0x20000698   Data         112  sys.o(.bss)
    Serial5                                  0x20000708   Data         112  sys.o(.bss)
    SPIx                                     0x20000778   Data          92  sys.o(.bss)
    SPI                                      0x200007d4   Data          92  sys.o(.bss)
    SPI_3                                    0x20000830   Data          92  sys.o(.bss)
    htim2                                    0x200008cc   Data          64  sys.o(.bss)
    __initial_sp                             0x20000f50   Data           0  startup_stm32f103xg.o(STACK)



==============================================================================

Memory Map of the image

  Image Entry point : 0x08000131

  Load Region LR_IROM1 (Base: 0x08000000, Size: 0x00005a5c, Max: 0x00010000, ABSOLUTE)

    Execution Region ER_IROM1 (Base: 0x08000000, Size: 0x00005a24, Max: 0x00010000, ABSOLUTE)

    Base Addr    Size         Type   Attr      Idx    E Section Name        Object

    0x08000000   0x00000130   Data   RO            3    RESET               startup_stm32f103xg.o
    0x08000130   0x00000000   Code   RO         8502  * .ARM.Collect$$$$00000000  mc_w.l(entry.o)
    0x08000130   0x00000004   Code   RO         8950    .ARM.Collect$$$$00000001  mc_w.l(entry2.o)
    0x08000134   0x00000004   Code   RO         8953    .ARM.Collect$$$$00000004  mc_w.l(entry5.o)
    0x08000138   0x00000000   Code   RO         8955    .ARM.Collect$$$$00000008  mc_w.l(entry7b.o)
    0x08000138   0x00000004   Code   RO         8956    .ARM.Collect$$$$00000009  mc_w.l(entry8a.o)
    0x0800013c   0x00000000   Code   RO         8957    .ARM.Collect$$$$0000000A  mc_w.l(entry8b.o)
    0x0800013c   0x00000008   Code   RO         8958    .ARM.Collect$$$$0000000B  mc_w.l(entry9a.o)
    0x08000144   0x00000000   Code   RO         8960    .ARM.Collect$$$$0000000D  mc_w.l(entry10a.o)
    0x08000144   0x00000000   Code   RO         8962    .ARM.Collect$$$$0000000F  mc_w.l(entry11a.o)
    0x08000144   0x00000004   Code   RO         8951    .ARM.Collect$$$$00002712  mc_w.l(entry2.o)
    0x08000148   0x00000024   Code   RO            4    .text               startup_stm32f103xg.o
    0x0800016c   0x00000024   Code   RO         8544    .text               mc_w.l(memseta.o)
    0x08000190   0x0000000e   Code   RO         8552    .text               mc_w.l(strlen.o)
    0x0800019e   0x00000002   PAD
    0x080001a0   0x00000020   Code   RO         8862    .text               mc_w.l(cpp_init.o)
    0x080001c0   0x0000014e   Code   RO         8870    .text               mf_w.l(dadd.o)
    0x0800030e   0x000000e4   Code   RO         8872    .text               mf_w.l(dmul.o)
    0x080003f2   0x000000de   Code   RO         8874    .text               mf_w.l(ddiv.o)
    0x080004d0   0x00000022   Code   RO         8878    .text               mf_w.l(dflti.o)
    0x080004f2   0x0000001a   Code   RO         8880    .text               mf_w.l(dfltui.o)
    0x0800050c   0x0000003e   Code   RO         8886    .text               mf_w.l(dfixi.o)
    0x0800054a   0x00000032   Code   RO         8888    .text               mf_w.l(dfixui.o)
    0x0800057c   0x00000030   Code   RO         8892    .text               mf_w.l(cdcmple.o)
    0x080005ac   0x00000030   Code   RO         8894    .text               mf_w.l(cdrcmple.o)
    0x080005dc   0x0000001e   Code   RO         8969    .text               mc_w.l(llshl.o)
    0x080005fa   0x00000020   Code   RO         8971    .text               mc_w.l(llushr.o)
    0x0800061a   0x00000024   Code   RO         8973    .text               mc_w.l(llsshr.o)
    0x0800063e   0x00000000   Code   RO         8988    .text               mc_w.l(iusefp.o)
    0x0800063e   0x00000002   Code   RO         8989    .text               mc_w.l(cpp_signal.o)
    0x08000640   0x000000ba   Code   RO         8993    .text               mf_w.l(depilogue.o)
    0x080006fa   0x00000002   PAD
    0x080006fc   0x00000024   Code   RO         9012    .text               mc_w.l(init.o)
    0x08000720   0x00000002   Code   RO         3361    i.BusFault_Handler  stm32f1xx_it.o
    0x08000722   0x00000002   PAD
    0x08000724   0x00000014   Code   RO         4136    i.DMA1_Channel1_IRQHandler  F1Cpp.lib(sys.o)
    0x08000738   0x00000014   Code   RO         4137    i.DMA1_Channel2_IRQHandler  F1Cpp.lib(sys.o)
    0x0800074c   0x00000014   Code   RO         4138    i.DMA1_Channel3_IRQHandler  F1Cpp.lib(sys.o)
    0x08000760   0x00000014   Code   RO         4139    i.DMA1_Channel4_IRQHandler  F1Cpp.lib(sys.o)
    0x08000774   0x00000014   Code   RO         4140    i.DMA1_Channel5_IRQHandler  F1Cpp.lib(sys.o)
    0x08000788   0x00000014   Code   RO         4141    i.DMA1_Channel6_IRQHandler  F1Cpp.lib(sys.o)
    0x0800079c   0x00000014   Code   RO         4142    i.DMA1_Channel7_IRQHandler  F1Cpp.lib(sys.o)
    0x080007b0   0x00000018   Code   RO         4143    i.DMA2_Channel1_IRQHandler  F1Cpp.lib(sys.o)
    0x080007c8   0x00000018   Code   RO         4144    i.DMA2_Channel2_IRQHandler  F1Cpp.lib(sys.o)
    0x080007e0   0x00000018   Code   RO         4145    i.DMA2_Channel3_IRQHandler  F1Cpp.lib(sys.o)
    0x080007f8   0x00000018   Code   RO         4146    i.DMA2_Channel4_5_IRQHandler  F1Cpp.lib(sys.o)
    0x08000810   0x00000002   Code   RO         3362    i.DebugMon_Handler  stm32f1xx_it.o
    0x08000812   0x00000002   PAD
    0x08000814   0x0000002c   Code   RO         4148    i.EXTI0_IRQHandler  F1Cpp.lib(sys.o)
    0x08000840   0x00000098   Code   RO         4149    i.EXTI15_10_IRQHandler  F1Cpp.lib(sys.o)
    0x080008d8   0x0000002c   Code   RO         4150    i.EXTI1_IRQHandler  F1Cpp.lib(sys.o)
    0x08000904   0x0000002c   Code   RO         4151    i.EXTI2_IRQHandler  F1Cpp.lib(sys.o)
    0x08000930   0x0000002c   Code   RO         4152    i.EXTI3_IRQHandler  F1Cpp.lib(sys.o)
    0x0800095c   0x0000002c   Code   RO         4153    i.EXTI4_IRQHandler  F1Cpp.lib(sys.o)
    0x08000988   0x00000080   Code   RO         4154    i.EXTI9_5_IRQHandler  F1Cpp.lib(sys.o)
    0x08000a08   0x00000002   Code   RO         6215    i.HAL_GPIO_EXTI_Callback  F1Cpp.lib(stm32f1xx_hal_gpio.o)
    0x08000a0a   0x00000002   PAD
    0x08000a0c   0x000001f8   Code   RO         6217    i.HAL_GPIO_Init     F1Cpp.lib(stm32f1xx_hal_gpio.o)
    0x08000c04   0x0000000c   Code   RO         3634    i.HAL_GetTick       F1Cpp.lib(stm32f1xx_hal.o)
    0x08000c10   0x00000010   Code   RO         3640    i.HAL_IncTick       F1Cpp.lib(stm32f1xx_hal.o)
    0x08000c20   0x00000024   Code   RO         3641    i.HAL_Init          F1Cpp.lib(stm32f1xx_hal.o)
    0x08000c44   0x00000040   Code   RO         3642    i.HAL_InitTick      F1Cpp.lib(stm32f1xx_hal.o)
    0x08000c84   0x0000005c   Code   RO         3207    i.HAL_MspInit       stm32f1xx_hal_msp.o
    0x08000ce0   0x00000016   Code   RO         3829    i.HAL_NVIC_ClearPendingIRQ  F1Cpp.lib(stm32f1xx_hal_cortex.o)
    0x08000cf6   0x00000016   Code   RO         3830    i.HAL_NVIC_DisableIRQ  F1Cpp.lib(stm32f1xx_hal_cortex.o)
    0x08000d0c   0x00000016   Code   RO         3831    i.HAL_NVIC_EnableIRQ  F1Cpp.lib(stm32f1xx_hal_cortex.o)
    0x08000d22   0x00000002   PAD
    0x08000d24   0x00000040   Code   RO         3837    i.HAL_NVIC_SetPriority  F1Cpp.lib(stm32f1xx_hal_cortex.o)
    0x08000d64   0x00000024   Code   RO         3838    i.HAL_NVIC_SetPriorityGrouping  F1Cpp.lib(stm32f1xx_hal_cortex.o)
    0x08000d88   0x000000ec   Code   RO         4098    i.HAL_RCCEx_PeriphCLKConfig  F1Cpp.lib(stm32f1xx_hal_rcc_ex.o)
    0x08000e74   0x0000012c   Code   RO         3981    i.HAL_RCC_ClockConfig  F1Cpp.lib(stm32f1xx_hal_rcc.o)
    0x08000fa0   0x00000020   Code   RO         3988    i.HAL_RCC_GetPCLK1Freq  F1Cpp.lib(stm32f1xx_hal_rcc.o)
    0x08000fc0   0x00000020   Code   RO         3989    i.HAL_RCC_GetPCLK2Freq  F1Cpp.lib(stm32f1xx_hal_rcc.o)
    0x08000fe0   0x0000006c   Code   RO         3990    i.HAL_RCC_GetSysClockFreq  F1Cpp.lib(stm32f1xx_hal_rcc.o)
    0x0800104c   0x00000320   Code   RO         3993    i.HAL_RCC_OscConfig  F1Cpp.lib(stm32f1xx_hal_rcc.o)
    0x0800136c   0x00000002   Code   RO         3046    i.HAL_SYSTICK_Callback  main.o
    0x0800136e   0x00000028   Code   RO         3842    i.HAL_SYSTICK_Config  F1Cpp.lib(stm32f1xx_hal_cortex.o)
    0x08001396   0x00000008   Code   RO         3843    i.HAL_SYSTICK_IRQHandler  F1Cpp.lib(stm32f1xx_hal_cortex.o)
    0x0800139e   0x00000062   Code   RO         7769    i.HAL_UART_Init     F1Cpp.lib(stm32f1xx_hal_uart.o)
    0x08001400   0x00000002   Code   RO         7771    i.HAL_UART_MspInit  F1Cpp.lib(stm32f1xx_hal_uart.o)
    0x08001402   0x00000002   Code   RO         3363    i.HardFault_Handler  stm32f1xx_it.o
    0x08001404   0x00000002   Code   RO         3364    i.MemManage_Handler  stm32f1xx_it.o
    0x08001406   0x00000002   Code   RO         3365    i.NMI_Handler       stm32f1xx_it.o
    0x08001408   0x0000000e   Code   RO         3366    i.SysTick_Handler   stm32f1xx_it.o
    0x08001416   0x00000078   Code   RO         3047    i.SystemClock_Config  main.o
    0x0800148e   0x00000002   PAD
    0x08001490   0x00000048   Code   RO         3432    i.SystemInit        F1Cpp.lib(system_stm32f1xx.o)
    0x080014d8   0x0000000c   Code   RO         4163    i.UART4_IRQHandler  F1Cpp.lib(sys.o)
    0x080014e4   0x0000000c   Code   RO         4164    i.UART5_IRQHandler  F1Cpp.lib(sys.o)
    0x080014f0   0x00000018   Code   RO         4165    i.USART1_IRQHandler  F1Cpp.lib(sys.o)
    0x08001508   0x0000000c   Code   RO         4166    i.USART2_IRQHandler  F1Cpp.lib(sys.o)
    0x08001514   0x0000000c   Code   RO         4167    i.USART3_IRQHandler  F1Cpp.lib(sys.o)
    0x08001520   0x00000002   Code   RO         3367    i.UsageFault_Handler  stm32f1xx_it.o
    0x08001522   0x00000002   PAD
    0x08001524   0x00000054   Code   RO         4168    i._Z10SPI_1_Initv   F1Cpp.lib(sys.o)
    0x08001578   0x00000054   Code   RO         4169    i._Z10SPI_2_Initv   F1Cpp.lib(sys.o)
    0x080015cc   0x00000044   Code   RO         4170    i._Z10SPI_3_Initv   F1Cpp.lib(sys.o)
    0x08001610   0x00000080   Code   RO         2977    i._Z10init_tablePKhs  ili9341.o
    0x08001690   0x0000005c   Code   RO         3048    i._Z11testCirclesht  main.o
    0x080016ec   0x00000030   Code   RO         2735    i._Z12writeCommandt  adafruit_tftlcd_8bit_stm32.o
    0x0800171c   0x00000048   Code   RO         2773    i._Z13hx8347g_beginv  hx8347g.o
    0x08001764   0x0000001c   Code   RO         2774    i._Z13hx8347g_setLRv  hx8347g.o
    0x08001780   0x00000084   Code   RO         2845    i._Z13hx8357x_beginv  hx8357x.o
    0x08001804   0x00000044   Code   RO         2907    i._Z13ili932x_beginv  ili932x.o
    0x08001848   0x0000001c   Code   RO         2978    i._Z13ili9341_beginv  ili9341.o
    0x08001864   0x00000068   Code   RO         3049    i._Z13testFastLinestt  main.o
    0x080018cc   0x00000084   Code   RO         3050    i._Z13testTrianglesv  main.o
    0x08001950   0x000000b8   Code   RO         7783    i._Z14UART_SetConfigP20__UART_HandleTypeDef  F1Cpp.lib(stm32f1xx_hal_uart.o)
    0x08001a08   0x00000040   Code   RO         3051    i._Z14testFillScreenv  main.o
    0x08001a48   0x000000a4   Code   RO         3052    i._Z14testRoundRectsv  main.o
    0x08001aec   0x00000028   Code   RO         2566    i._Z14writeRegister8th  adafruit_tftlcd_8bit_stm32.o
    0x08001b14   0x000000ac   Code   RO         3053    i._Z15testFilledRectstt  main.o
    0x08001bc0   0x00000038   Code   RO         2567    i._Z15writeRegister16tt  adafruit_tftlcd_8bit_stm32.o
    0x08001bf8   0x00000054   Code   RO         2569    i._Z15writeRegister32tj  adafruit_tftlcd_8bit_stm32.o
    0x08001c4c   0x00000020   Code   RO         3844    i._Z16NVIC_SetPriority9IRQn_Typej  F1Cpp.lib(stm32f1xx_hal_cortex.o)
    0x08001c6c   0x00000060   Code   RO         2908    i._Z17ili932x_drawPixelsst  ili932x.o
    0x08001ccc   0x00000060   Code   RO         3054    i._Z17testFilledCirclesht  main.o
    0x08001d2c   0x00000018   Code   RO         2570    i._Z17writeRegisterPairttt  adafruit_tftlcd_8bit_stm32.o
    0x08001d44   0x0000003c   Code   RO         2910    i._Z18ili932x_fillScreent  ili932x.o
    0x08001d80   0x0000002a   Code   RO         2778    i._Z19hx8347g_setRotationh  hx8347g.o
    0x08001daa   0x00000002   PAD
    0x08001dac   0x00000058   Code   RO         2911    i._Z19ili932x_setRotationh  ili932x.o
    0x08001e04   0x000000bc   Code   RO         3055    i._Z19testFilledTrianglesv  main.o
    0x08001ec0   0x0000009c   Code   RO         3056    i._Z20testFilledRoundRectsv  main.o
    0x08001f5c   0x00000034   Code   RO         2779    i._Z21hx8347g_setAddrWindowiiii  hx8347g.o
    0x08001f90   0x000000a0   Code   RO         2913    i._Z21ili932x_setAddrWindowiiii  ili932x.o
    0x08002030   0x0000001e   Code   RO         2983    i._Z21ili9341_setAddrWindowssss  ili9341.o
    0x0800204e   0x00000002   PAD
    0x08002050   0x00000030   Code   RO         5517    i._Z23USART_INT_ClearAllFlagsP13USART_TypeDef9IRQn_Type  F1Cpp.lib(usartclass.o)
    0x08002080   0x00000310   Code   RO         3057    i._Z6doTestv        main.o
    0x08002390   0x0000000c   Code   RO          925    i._Z6spiRecv        sd2card.o
    0x0800239c   0x0000000c   Code   RO          926    i._Z7spiSendh       sd2card.o
    0x080023a8   0x000001c8   Code   RO         3058    i._Z8testTextv      main.o
    0x08002570   0x00000194   Code   RO         3059    i._Z9testLinest     main.o
    0x08002704   0x00000084   Code   RO         3060    i._Z9testRectst     main.o
    0x08002788   0x00000016   Code   RO         8121    i._ZN10RingBuffer10store_charEh  F1Cpp.lib(ringbuffer.o)
    0x0800279e   0x00000014   Code   RO         8122    i._ZN10RingBufferC1Ev  F1Cpp.lib(ringbuffer.o)
    0x080027b2   0x00000024   Code   RO         5519    i._ZN10USARTClass10IrqHandlerEv  F1Cpp.lib(usartclass.o)
    0x080027d6   0x00000002   PAD
    0x080027d8   0x000001c0   Code   RO         5523    i._ZN10USARTClass5beginEj  F1Cpp.lib(usartclass.o)
    0x08002998   0x00000016   Code   RO         5525    i._ZN10USARTClass5writeEh  F1Cpp.lib(usartclass.o)
    0x080029ae   0x00000002   PAD
    0x080029b0   0x00000024   Code   RO         5530    i._ZN10USARTClassC1EP13USART_TypeDef9IRQn_TypejP10RingBuffer  F1Cpp.lib(usartclass.o)
    0x080029d4   0x0000013c   Code   RO         1786    i._ZN12Adafruit_GFX10drawCircleEssst  adafruit_gfx.o
    0x08002b10   0x00000040   Code   RO         1787    i._ZN12Adafruit_GFX10fillCircleEssst  adafruit_gfx.o
    0x08002b50   0x00000026   Code   RO         1790    i._ZN12Adafruit_GFX11setRotationEh  adafruit_gfx.o
    0x08002b76   0x00000008   Code   RO         1791    i._ZN12Adafruit_GFX11setTextSizeEh  adafruit_gfx.o
    0x08002b7e   0x0000004c   Code   RO         1793    i._ZN12Adafruit_GFX12drawTriangleEsssssst  adafruit_gfx.o
    0x08002bca   0x0000017c   Code   RO         1794    i._ZN12Adafruit_GFX12fillTriangleEsssssst  adafruit_gfx.o
    0x08002d46   0x00000006   Code   RO         1795    i._ZN12Adafruit_GFX12setTextColorEt  adafruit_gfx.o
    0x08002d4c   0x00000016   Code   RO         1797    i._ZN12Adafruit_GFX13drawFastHLineEssst  adafruit_gfx.o
    0x08002d62   0x00000018   Code   RO         1798    i._ZN12Adafruit_GFX13drawFastVLineEssst  adafruit_gfx.o
    0x08002d7a   0x000000e4   Code   RO         1799    i._ZN12Adafruit_GFX13drawRoundRectEssssst  adafruit_gfx.o
    0x08002e5e   0x00000078   Code   RO         1800    i._ZN12Adafruit_GFX13fillRoundRectEssssst  adafruit_gfx.o
    0x08002ed6   0x00000002   PAD
    0x08002ed8   0x00000128   Code   RO         1802    i._ZN12Adafruit_GFX16drawCircleHelperEsssht  adafruit_gfx.o
    0x08003000   0x000000ea   Code   RO         1803    i._ZN12Adafruit_GFX16fillCircleHelperEssshst  adafruit_gfx.o
    0x080030ea   0x00000006   Code   RO         1811    i._ZN12Adafruit_GFX5widthEv  adafruit_gfx.o
    0x080030f0   0x00000066   Code   RO         1812    i._ZN12Adafruit_GFX5writeEh  adafruit_gfx.o
    0x08003156   0x00000006   Code   RO         1814    i._ZN12Adafruit_GFX6heightEv  adafruit_gfx.o
    0x0800315c   0x000000e0   Code   RO         1818    i._ZN12Adafruit_GFX8drawCharEsshtth  adafruit_gfx.o
    0x0800323c   0x000000ac   Code   RO         1819    i._ZN12Adafruit_GFX8drawLineEsssst  adafruit_gfx.o
    0x080032e8   0x0000005e   Code   RO         1820    i._ZN12Adafruit_GFX8drawRectEsssst  adafruit_gfx.o
    0x08003346   0x00000030   Code   RO         1821    i._ZN12Adafruit_GFX8fillRectEsssst  adafruit_gfx.o
    0x08003376   0x00000006   Code   RO         1827    i._ZN12Adafruit_GFX9setCursorEss  adafruit_gfx.o
    0x0800337c   0x00000030   Code   RO         1828    i._ZN12Adafruit_GFXC2Ess  adafruit_gfx.o
    0x080033ac   0x0000004e   Code   RO         2575    i._ZN26Adafruit_TFTLCD_8bit_STM3210fillScreenEt  adafruit_tftlcd_8bit_stm32.o
    0x080033fa   0x000000ba   Code   RO         2577    i._ZN26Adafruit_TFTLCD_8bit_STM3211setRotationEh  adafruit_tftlcd_8bit_stm32.o
    0x080034b4   0x0000007a   Code   RO         2578    i._ZN26Adafruit_TFTLCD_8bit_STM3213drawFastHLineEssst  adafruit_tftlcd_8bit_stm32.o
    0x0800352e   0x0000007c   Code   RO         2579    i._ZN26Adafruit_TFTLCD_8bit_STM3213drawFastVLineEssst  adafruit_tftlcd_8bit_stm32.o
    0x080035aa   0x00000048   Code   RO         2581    i._ZN26Adafruit_TFTLCD_8bit_STM3213setAddrWindowEssss  adafruit_tftlcd_8bit_stm32.o
    0x080035f2   0x00000076   Code   RO         2582    i._ZN26Adafruit_TFTLCD_8bit_STM325beginEt  adafruit_tftlcd_8bit_stm32.o
    0x08003668   0x0000013c   Code   RO         2583    i._ZN26Adafruit_TFTLCD_8bit_STM325floodEtj  adafruit_tftlcd_8bit_stm32.o
    0x080037a4   0x0000008c   Code   RO         2584    i._ZN26Adafruit_TFTLCD_8bit_STM325resetEv  adafruit_tftlcd_8bit_stm32.o
    0x08003830   0x00000014   Code   RO         3188    i._ZN26Adafruit_TFTLCD_8bit_STM328color565Ehhh  main.o
    0x08003844   0x000000a2   Code   RO         2586    i._ZN26Adafruit_TFTLCD_8bit_STM328fillRectEsssst  adafruit_tftlcd_8bit_stm32.o
    0x080038e6   0x00000002   PAD
    0x080038e8   0x000000cc   Code   RO         2587    i._ZN26Adafruit_TFTLCD_8bit_STM329drawPixelEsst  adafruit_tftlcd_8bit_stm32.o
    0x080039b4   0x00000018   Code   RO         2589    i._ZN26Adafruit_TFTLCD_8bit_STM32C1Ev  adafruit_tftlcd_8bit_stm32.o
    0x080039cc   0x00000140   Code   RO         5790    i._ZN5Print10printFloatEdh  F1Cpp.lib(print.o)
    0x08003b0c   0x0000003a   Code   RO         5791    i._ZN5Print11printNumberEmh  F1Cpp.lib(print.o)
    0x08003b46   0x00000004   Code   RO         5792    i._ZN5Print5printEPK19__FlashStringHelper  F1Cpp.lib(print.o)
    0x08003b4a   0x00000004   Code   RO         5793    i._ZN5Print5printEPKc  F1Cpp.lib(print.o)
    0x08003b4e   0x00000006   Code   RO         5796    i._ZN5Print5printEc  F1Cpp.lib(print.o)
    0x08003b54   0x0000000e   Code   RO         5797    i._ZN5Print5printEdi  F1Cpp.lib(print.o)
    0x08003b62   0x00000004   Code   RO         5798    i._ZN5Print5printEhi  F1Cpp.lib(print.o)
    0x08003b66   0x00000004   Code   RO         5799    i._ZN5Print5printEii  F1Cpp.lib(print.o)
    0x08003b6a   0x00000004   Code   RO         5800    i._ZN5Print5printEji  F1Cpp.lib(print.o)
    0x08003b6e   0x00000042   Code   RO         5801    i._ZN5Print5printEli  F1Cpp.lib(print.o)
    0x08003bb0   0x00000010   Code   RO         5802    i._ZN5Print5printEmi  F1Cpp.lib(print.o)
    0x08003bc0   0x00000022   Code   RO         5966    i._ZN5Print5writeEPKc  F1Cpp.lib(print.o)
    0x08003be2   0x00000002   PAD
    0x08003be4   0x00000028   Code   RO         5803    i._ZN5Print5writeEPKhj  F1Cpp.lib(print.o)
    0x08003c0c   0x00000014   Code   RO         5804    i._ZN5Print7printlnEPK19__FlashStringHelper  F1Cpp.lib(print.o)
    0x08003c20   0x00000014   Code   RO         5805    i._ZN5Print7printlnEPKc  F1Cpp.lib(print.o)
    0x08003c34   0x0000001a   Code   RO         5809    i._ZN5Print7printlnEdi  F1Cpp.lib(print.o)
    0x08003c4e   0x00000014   Code   RO         5811    i._ZN5Print7printlnEii  F1Cpp.lib(print.o)
    0x08003c62   0x00000014   Code   RO         5812    i._ZN5Print7printlnEji  F1Cpp.lib(print.o)
    0x08003c76   0x00000014   Code   RO         5814    i._ZN5Print7printlnEmi  F1Cpp.lib(print.o)
    0x08003c8a   0x00000018   Code   RO         5815    i._ZN5Print7printlnEv  F1Cpp.lib(print.o)
    0x08003ca2   0x00000028   Code   RO         1108    i._ZN6SdFile10addClusterEv  sdfile.o
    0x08003cca   0x00000002   PAD
    0x08003ccc   0x0000001c   Code   RO         1115    i._ZN6SdFile13cacheDirEntryEh  sdfile.o
    0x08003ce8   0x00000050   Code   RO         1124    i._ZN6SdFile4syncEv  sdfile.o
    0x08003d38   0x0000015c   Code   RO         1128    i._ZN6SdFile5writeEPKvt  sdfile.o
    0x08003e94   0x0000000c   Code   RO         1129    i._ZN6SdFile5writeEh  sdfile.o
    0x08003ea0   0x00000062   Code   RO         1135    i._ZN6SdFile7seekSetEj  sdfile.o
    0x08003f02   0x00000002   PAD
    0x08003f04   0x00000010   Code   RO          860    i._ZN6SdFileC1Ev    sd.o
    0x08003f14   0x0000006c   Code   RO          928    i._ZN7Sd2Card10writeBlockEjPKh  sd2card.o
    0x08003f80   0x00000068   Code   RO          930    i._ZN7Sd2Card11cardCommandEhj  sd2card.o
    0x08003fe8   0x00000028   Code   RO          931    i._ZN7Sd2Card11waitNotBusyEt  sd2card.o
    0x08004010   0x00000008   Code   RO          933    i._ZN7Sd2Card13chipSelectLowEv  sd2card.o
    0x08004018   0x00000008   Code   RO          934    i._ZN7Sd2Card14chipSelectHighEv  sd2card.o
    0x08004020   0x00000042   Code   RO          935    i._ZN7Sd2Card14waitStartBlockEv  sd2card.o
    0x08004062   0x0000002a   Code   RO          940    i._ZN7Sd2Card7readEndEv  sd2card.o
    0x0800408c   0x000000a2   Code   RO          942    i._ZN7Sd2Card8readDataEjttPh  sd2card.o
    0x0800412e   0x00000010   Code   RO          943    i._ZN7Sd2Card9readBlockEjPh  sd2card.o
    0x0800413e   0x00000050   Code   RO          945    i._ZN7Sd2Card9writeDataEhPKh  sd2card.o
    0x0800418e   0x00000024   Code   RO         4245    i._ZN8SPIClass8transferEh  F1Cpp.lib(sys.o)
    0x080041b2   0x00000016   Code   RO         4246    i._ZN8SPIClassC1EP11SPI_TypeDefPFYvvE  F1Cpp.lib(sys.o)
    0x080041c8   0x00000038   Code   RO         1413    i._ZN8SdVolume10cacheFlushEv  sdvolume.o
    0x08004200   0x00000038   Code   RO         1414    i._ZN8SdVolume13cacheRawBlockEjh  sdvolume.o
    0x08004238   0x00000010   Code   RO         1341    i._ZN8SdVolume13cacheSetDirtyEv  sdfile.o
    0x08004248   0x000000ae   Code   RO         1416    i._ZN8SdVolume15allocContiguousEjPj  sdvolume.o
    0x080042f6   0x00000002   PAD
    0x080042f8   0x00000080   Code   RO         1418    i._ZN8SdVolume6fatPutEjj  sdvolume.o
    0x08004378   0x0000000c   Code   RO         1323    i._ZNK8SdVolume17clusterStartBlockEj  sdfile.o
    0x08004384   0x00000020   Code   RO         1329    i._ZNK8SdVolume5isEOCEj  sdfile.o
    0x080043a4   0x00000064   Code   RO         1420    i._ZNK8SdVolume6fatGetEjPj  sdvolume.o
    0x08004408   0x00000006   Code   RO         8367    i.__cxa_pure_virtual  cpprt_w.l(pure_virt.o)
    0x0800440e   0x0000000e   Code   RO         9043    i.__scatterload_copy  mc_w.l(handlers.o)
    0x0800441c   0x00000002   Code   RO         9044    i.__scatterload_null  mc_w.l(handlers.o)
    0x0800441e   0x0000000e   Code   RO         9045    i.__scatterload_zeroinit  mc_w.l(handlers.o)
    0x0800442c   0x000000fc   Code   RO         4283    i.__sti___5_sys_c_pinMode  F1Cpp.lib(sys.o)
    0x08004528   0x00000020   Code   RO          752    i.__sti___6_SD_cpp_426a88ba  sd.o
    0x08004548   0x0000000c   Code   RO         3061    i.__sti___6_main_c_tft  main.o
    0x08004554   0x00000024   Code   RO         4288    i.delay             F1Cpp.lib(sys.o)
    0x08004578   0x00000024   Code   RO         4293    i.digitalWrite      F1Cpp.lib(sys.o)
    0x0800459c   0x00000104   Code   RO         3063    i.main              main.o
    0x080046a0   0x00000044   Code   RO         4301    i.micros            F1Cpp.lib(sys.o)
    0x080046e4   0x00000004   Code   RO         4302    i.millis            F1Cpp.lib(sys.o)
    0x080046e8   0x00000148   Code   RO         4303    i.pinMode           F1Cpp.lib(sys.o)
    0x08004830   0x00000a9c   Data   RO           14    .constdata          pinmap.o
    0x080052cc   0x000004fb   Data   RO         1875    .constdata          adafruit_gfx.o
    0x080057c7   0x00000056   Data   RO         2787    .constdata          hx8347g.o
    0x0800581d   0x00000046   Data   RO         2857    .constdata          hx8357x.o
    0x08005863   0x00000001   PAD
    0x08005864   0x000000cc   Data   RO         2921    .constdata          ili932x.o
    0x08005930   0x00000017   Data   RO         2991    .constdata          ili9341.o
    0x08005947   0x00000010   Data   RO         3435    .constdata          F1Cpp.lib(system_stm32f1xx.o)
    0x08005957   0x00000008   Data   RO         3436    .constdata          F1Cpp.lib(system_stm32f1xx.o)
    0x0800595f   0x00000001   PAD
    0x08005960   0x00000020   Data   RO         5622    .constdata__ZTV10USARTClass  F1Cpp.lib(usartclass.o)
    0x08005980   0x00000034   Data   RO         2097    .constdata__ZTV12Adafruit_GFX  adafruit_gfx.o
    0x080059b4   0x00000034   Data   RO         2734    .constdata__ZTV26Adafruit_TFTLCD_8bit_STM32  adafruit_tftlcd_8bit_stm32.o
    0x080059e8   0x00000010   Data   RO         1322    .constdata__ZTV6SdFile  sdfile.o
    0x080059f8   0x00000020   Data   RO         9041    Region$$Table       anon$$obj.o
    0x08005a18   0x00000004   Data   RO          770    .init_array         sd.o
    0x08005a1c   0x00000004   Data   RO         3084    .init_array         main.o
    0x08005a20   0x00000004   Data   RO         4502    .init_array         F1Cpp.lib(sys.o)
    0x08005a24   0x00000000   Data   RO         8860    .init_array         mc_w.l(cpp_init.o)


    Execution Region RW_IRAM1 (Base: 0x20000000, Size: 0x00000f50, Max: 0x00005000, ABSOLUTE)

    Base Addr    Size         Type   Attr      Idx    E Section Name        Object

    0x20000000   0x00000004   Data   RW         1175    .data               sdfile.o
    0x20000004   0x00000010   Data   RW         1432    .data               sdvolume.o
    0x20000014   0x00000008   Data   RW         2614    .data               adafruit_tftlcd_8bit_stm32.o
    0x2000001c   0x0000000c   Data   RW         2922    .data               ili932x.o
    0x20000028   0x00000004   Data   RW         3437    .data               F1Cpp.lib(system_stm32f1xx.o)
    0x2000002c   0x0000000c   Data   RW         3673    .data               F1Cpp.lib(stm32f1xx_hal.o)
    0x20000038   0x00000064   Zero   RW          769    .bss                sd.o
    0x2000009c   0x00000200   Zero   RW         1431    .bss                sdvolume.o
    0x2000029c   0x00000024   Zero   RW         3083    .bss                main.o
    0x200002c0   0x0000064c   Zero   RW         4499    .bss                F1Cpp.lib(sys.o)
    0x2000090c   0x00000040   Zero   RW         5546    .bss                F1Cpp.lib(usartclass.o)
    0x2000094c   0x00000004   PAD
    0x20000950   0x00000600   Zero   RW            1    STACK               startup_stm32f103xg.o


==============================================================================

Image component sizes


      Code (inc. data)   RO Data    RW Data    ZI Data      Debug   Object Name

      2518          8       1327          0          0      18620   adafruit_gfx.o
         0          0          0          0          0       3180   adafruit_gfx_as.o
      1798         54         52          8          0      17975   adafruit_tftlcd_8bit_stm32.o
         0          0          0          0          0      16725   dht11.o
         0          0          0          0          0      10644   file.o
       194         10         86          0          0       3656   hx8347g.o
       132         14         70          0          0       2012   hx8357x.o
       472         30        204         12          0       4515   ili932x.o
       186         14         23          0          0       3344   ili9341.o
      3358        762          4          0         36      14217   main.o
         0          0       2716          0          0     475518   pinmap.o
        48         10          4          0        100      17309   sd.o
       658          8          0          0          0      13352   sd2card.o
       666         34         16          4          0      24200   sdfile.o
       514         34          0         16        512      15176   sdvolume.o
        36          8        304          0       1536        904   startup_stm32f103xg.o
        92          6          0          0          0       2026   stm32f1xx_hal_msp.o
        26          0          0          0          0       2735   stm32f1xx_it.o
         0          0          0          0          0       3205   tm1637display.o

    ----------------------------------------------------------------------
     10720        992       4839         40       2184     649313   Object Totals
         0          0         32          0          0          0   (incl. Generated)
        22          0          1          0          0          0   (incl. Padding)

    ----------------------------------------------------------------------

      Code (inc. data)   RO Data    RW Data    ZI Data      Debug   Library Member Name

       724         40          0          0          0      13396   print.o
        42          0          0          0          0       2492   ringbuffer.o
       128         24          0         12          0       6641   stm32f1xx_hal.o
       246         14          0          0          0      28473   stm32f1xx_hal_cortex.o
       506         42          0          0          0       2473   stm32f1xx_hal_gpio.o
      1272         98          0          0          0       4788   stm32f1xx_hal_rcc.o
       236         12          0          0          0       1296   stm32f1xx_hal_rcc_ex.o
       284          6          0          0          0       2283   stm32f1xx_hal_uart.o
      1826        232          4          0       1612     502676   sys.o
        72         16         24          4          0     459111   system_stm32f1xx.o
       590         16         32          0         64     434192   usartclass.o
         6          0          0          0          0         68   pure_virt.o
        32         10          0          0          0         80   cpp_init.o
         2          0          0          0          0         68   cpp_signal.o
         0          0          0          0          0          0   entry.o
         0          0          0          0          0          0   entry10a.o
         0          0          0          0          0          0   entry11a.o
         8          4          0          0          0          0   entry2.o
         4          0          0          0          0          0   entry5.o
         0          0          0          0          0          0   entry7b.o
         4          0          0          0          0          0   entry8a.o
         0          0          0          0          0          0   entry8b.o
         8          4          0          0          0          0   entry9a.o
        30          0          0          0          0          0   handlers.o
        36          8          0          0          0         68   init.o
         0          0          0          0          0          0   iusefp.o
        30          0          0          0          0         68   llshl.o
        36          0          0          0          0         68   llsshr.o
        32          0          0          0          0         68   llushr.o
        36          0          0          0          0        108   memseta.o
        14          0          0          0          0         68   strlen.o
        48          0          0          0          0         68   cdcmple.o
        48          0          0          0          0         68   cdrcmple.o
       334          0          0          0          0        148   dadd.o
       222          0          0          0          0        100   ddiv.o
       186          0          0          0          0        176   depilogue.o
        62          0          0          0          0         80   dfixi.o
        50          0          0          0          0         76   dfixui.o
        34          0          0          0          0         76   dflti.o
        26          0          0          0          0         76   dfltui.o
       228          0          0          0          0         96   dmul.o

    ----------------------------------------------------------------------
      7456        526         61         16       1680    1459449   Library Totals
        14          0          1          0          4          0   (incl. Padding)

    ----------------------------------------------------------------------

      Code (inc. data)   RO Data    RW Data    ZI Data      Debug   Library Name

      5926        500         60         16       1676    1457821   F1Cpp.lib
         6          0          0          0          0         68   cpprt_w.l
       272         26          0          0          0        596   mc_w.l
      1238          0          0          0          0        964   mf_w.l

    ----------------------------------------------------------------------
      7456        526         61         16       1680    1459449   Library Totals

    ----------------------------------------------------------------------

==============================================================================


      Code (inc. data)   RO Data    RW Data    ZI Data      Debug   

     18176       1518       4900         56       3864    2098358   Grand Totals
     18176       1518       4900         56       3864    2098358   ELF Image Totals
     18176       1518       4900         56          0          0   ROM Totals

==============================================================================

    Total RO  Size (Code + RO Data)                23076 (  22.54kB)
    Total RW  Size (RW Data + ZI Data)              3920 (   3.83kB)
    Total ROM Size (Code + RO Data + RW Data)      23132 (  22.59kB)

==============================================================================

