<html>
<body>
<pre>
<h1>µVision Build Log</h1>
<h2>Tool Versions:</h2>
IDE-Version: µVision V5.13.0.0
Copyright (C) 2014 ARM Ltd and ARM Germany GmbH. All rights reserved.
License Information: STM32VN STM32VN, STM32VN, LIC=4ZLZX-H8YUI-AWA2F-6Q0WE-WQZ6P-QT0ZH
 
Tool Versions:
Toolchain:       MDK-ARM Professional  Version: 5.13.0.0
Toolchain Path:  C:\Keil_v5\ARM\ARMCC\Bin
C Compiler:      Armcc.exe V5.05 update 1 (build 106)
Assembler:       Armasm.exe V5.05 update 1 (build 106)
Linker/Locator:  ArmLink.exe V5.05 update 1 (build 106)
Library Manager: ArmAr.exe V5.05 update 1 (build 106)
Hex Converter:   FromElf.exe V5.05 update 1 (build 106)
CPU DLL:         SARMCM3.DLL V5.13.0.0
Dialog DLL:      DARMSTM.DLL V1.65.0.0
Target DLL:      STLink\ST-LINKIII-KEIL_SWO.dll V2.0.18.0
Dialog DLL:      TARMSTM.DLL V1.64.0.0
 
<h2>Project:</h2>
D:\0000AAAA\0 F1Cpp\MDK-ARM\MPU6050_I2Cdev\MPU6050.uvprojx
Project File Date:  03/21/2021

<h2>Output:</h2>
Build target 'STM32F1 Configuration'
compiling Wire.cpp...
..\..\HARDWARE\USARTClass.h(48): warning:  #1300-D: available inherits implicit virtual
      int available( void ) ;
..\..\HARDWARE\USARTClass.h(49): warning:  #1300-D: peek inherits implicit virtual
      int peek( void ) ;
..\..\HARDWARE\USARTClass.h(50): warning:  #1300-D: read inherits implicit virtual
      int read( void ) ;
..\..\HARDWARE\USARTClass.h(51): warning:  #1300-D: flush inherits implicit virtual
      void flush( void ) ;
..\..\HARDWARE\USARTClass.h(52): warning:  #1300-D: write inherits implicit virtual
      size_t write( const uint8_t c ) ;
..\..\HARDWARE\USARTClass.h(24): warning:  #611-D: overloaded virtual function "Print::write" is only partially overridden in class "USARTClass"
  class USARTClass : public Stream
..\..\HARDWARE\Wire\src\Wire.cpp: 6 warnings, 0 errors
linking...
Program Size: Code=23736 RO-data=2928 RW-data=124 ZI-data=9068  
"..\..\STM32CppOutput\F1Cpp.axf" - 0 Error(s), 6 Warning(s).

<h2>Collection of Component include folders:</h2>
  D:\0000AAAA\0 F1Cpp\MDK-ARM\MPU6050_I2Cdev\RTE
  C:\Keil_v5\ARM\PACK\Keil\STM32F1xx_DFP\2.0.0

<h2>Collection of Component Files used:</h2>
</pre>
</body>
</html>
