Component: ARM Compiler 5.05 update 1 (build 106) Tool: armlink [4d0efa]

==============================================================================

Section Cross References

    startup_stm32f103xg.o(RESET) refers to startup_stm32f103xg.o(STACK) for __initial_sp
    startup_stm32f103xg.o(RESET) refers to startup_stm32f103xg.o(.text) for Reset_Handler
    startup_stm32f103xg.o(RESET) refers to stm32f1xx_it.o(i.NMI_Handler) for NMI_Handler
    startup_stm32f103xg.o(RESET) refers to stm32f1xx_it.o(i.HardFault_Handler) for HardFault_Handler
    startup_stm32f103xg.o(RESET) refers to stm32f1xx_it.o(i.MemManage_Handler) for MemManage_Handler
    startup_stm32f103xg.o(RESET) refers to stm32f1xx_it.o(i.BusFault_Handler) for BusFault_Handler
    startup_stm32f103xg.o(RESET) refers to stm32f1xx_it.o(i.UsageFault_Handler) for UsageFault_Handler
    startup_stm32f103xg.o(RESET) refers to stm32f1xx_it.o(i.DebugMon_Handler) for DebugMon_Handler
    startup_stm32f103xg.o(RESET) refers to stm32f1xx_it.o(i.SysTick_Handler) for SysTick_Handler
    startup_stm32f103xg.o(RESET) refers to sys.o(i.EXTI0_IRQHandler) for EXTI0_IRQHandler
    startup_stm32f103xg.o(RESET) refers to sys.o(i.EXTI1_IRQHandler) for EXTI1_IRQHandler
    startup_stm32f103xg.o(RESET) refers to sys.o(i.EXTI2_IRQHandler) for EXTI2_IRQHandler
    startup_stm32f103xg.o(RESET) refers to sys.o(i.EXTI3_IRQHandler) for EXTI3_IRQHandler
    startup_stm32f103xg.o(RESET) refers to sys.o(i.EXTI4_IRQHandler) for EXTI4_IRQHandler
    startup_stm32f103xg.o(RESET) refers to sys.o(i.DMA1_Channel1_IRQHandler) for DMA1_Channel1_IRQHandler
    startup_stm32f103xg.o(RESET) refers to sys.o(i.DMA1_Channel2_IRQHandler) for DMA1_Channel2_IRQHandler
    startup_stm32f103xg.o(RESET) refers to sys.o(i.DMA1_Channel3_IRQHandler) for DMA1_Channel3_IRQHandler
    startup_stm32f103xg.o(RESET) refers to sys.o(i.DMA1_Channel4_IRQHandler) for DMA1_Channel4_IRQHandler
    startup_stm32f103xg.o(RESET) refers to sys.o(i.DMA1_Channel5_IRQHandler) for DMA1_Channel5_IRQHandler
    startup_stm32f103xg.o(RESET) refers to sys.o(i.DMA1_Channel6_IRQHandler) for DMA1_Channel6_IRQHandler
    startup_stm32f103xg.o(RESET) refers to sys.o(i.DMA1_Channel7_IRQHandler) for DMA1_Channel7_IRQHandler
    startup_stm32f103xg.o(RESET) refers to sys.o(i.EXTI9_5_IRQHandler) for EXTI9_5_IRQHandler
    startup_stm32f103xg.o(RESET) refers to twi.o(i.I2C1_EV_IRQHandler) for I2C1_EV_IRQHandler
    startup_stm32f103xg.o(RESET) refers to twi.o(i.I2C1_ER_IRQHandler) for I2C1_ER_IRQHandler
    startup_stm32f103xg.o(RESET) refers to twi.o(i.I2C2_EV_IRQHandler) for I2C2_EV_IRQHandler
    startup_stm32f103xg.o(RESET) refers to twi.o(i.I2C2_ER_IRQHandler) for I2C2_ER_IRQHandler
    startup_stm32f103xg.o(RESET) refers to sys.o(i.USART1_IRQHandler) for USART1_IRQHandler
    startup_stm32f103xg.o(RESET) refers to sys.o(i.USART2_IRQHandler) for USART2_IRQHandler
    startup_stm32f103xg.o(RESET) refers to sys.o(i.USART3_IRQHandler) for USART3_IRQHandler
    startup_stm32f103xg.o(RESET) refers to sys.o(i.EXTI15_10_IRQHandler) for EXTI15_10_IRQHandler
    startup_stm32f103xg.o(RESET) refers to sys.o(i.UART4_IRQHandler) for UART4_IRQHandler
    startup_stm32f103xg.o(RESET) refers to sys.o(i.UART5_IRQHandler) for UART5_IRQHandler
    startup_stm32f103xg.o(RESET) refers to sys.o(i.DMA2_Channel1_IRQHandler) for DMA2_Channel1_IRQHandler
    startup_stm32f103xg.o(RESET) refers to sys.o(i.DMA2_Channel2_IRQHandler) for DMA2_Channel2_IRQHandler
    startup_stm32f103xg.o(RESET) refers to sys.o(i.DMA2_Channel3_IRQHandler) for DMA2_Channel3_IRQHandler
    startup_stm32f103xg.o(RESET) refers to sys.o(i.DMA2_Channel4_5_IRQHandler) for DMA2_Channel4_5_IRQHandler
    startup_stm32f103xg.o(.text) refers to system_stm32f1xx.o(i.SystemInit) for SystemInit
    startup_stm32f103xg.o(.text) refers to entry.o(.ARM.Collect$$$$00000000) for __main
    i2cdev.o(i._ZN6I2Cdev10writeBitsWEhhhht) refers to i2cdev.o(i._ZN6I2Cdev8readWordEhhPtt) for I2Cdev::readWord(unsigned char, unsigned char, unsigned short*, unsigned short)
    i2cdev.o(i._ZN6I2Cdev10writeBitsWEhhhht) refers to i2cdev.o(i._ZN6I2Cdev9writeWordEhht) for I2Cdev::writeWord(unsigned char, unsigned char, unsigned short)
    i2cdev.o(i._ZN6I2Cdev10writeBitsWEhhhht) refers to i2cdev.o(.data) for I2Cdev::readTimeout
    i2cdev.o(i._ZN6I2Cdev10writeBytesEhhhPh) refers to wire.o(i._ZN7TwoWire17beginTransmissionEh) for TwoWire::beginTransmission(unsigned char)
    i2cdev.o(i._ZN6I2Cdev10writeBytesEhhhPh) refers to wire.o(i._ZN7TwoWire5writeEh) for TwoWire::write(unsigned char)
    i2cdev.o(i._ZN6I2Cdev10writeBytesEhhhPh) refers to wire.o(i._ZN7TwoWire15endTransmissionEv) for TwoWire::endTransmission()
    i2cdev.o(i._ZN6I2Cdev10writeBytesEhhhPh) refers to wire.o(.bss) for Wire
    i2cdev.o(i._ZN6I2Cdev10writeWordsEhhhPt) refers to wire.o(i._ZN7TwoWire17beginTransmissionEh) for TwoWire::beginTransmission(unsigned char)
[...]
    i._ZN6I2Cdev10writeWordsEhhhPt           0x08003a2c   Section        0  i2cdev.o(i._ZN6I2Cdev10writeWordsEhhhPt)
    i._ZN6I2Cdev8readBitsEhhhhPht            0x08003a8c   Section        0  i2cdev.o(i._ZN6I2Cdev8readBitsEhhhhPht)
    i._ZN6I2Cdev8readByteEhhPht              0x08003ae4   Section        0  i2cdev.o(i._ZN6I2Cdev8readByteEhhPht)
    i._ZN6I2Cdev8writeBitEhhhh               0x08003b00   Section        0  i2cdev.o(i._ZN6I2Cdev8writeBitEhhhh)
    i._ZN6I2Cdev9readBytesEhhhPht            0x08003b48   Section        0  i2cdev.o(i._ZN6I2Cdev9readBytesEhhhPht)
    i._ZN6I2Cdev9readWordsEhhhPtt            0x08003bf4   Section        0  i2cdev.o(i._ZN6I2Cdev9readWordsEhhhPtt)
    i._ZN6I2Cdev9writeBitsEhhhhh             0x08003cd0   Section        0  i2cdev.o(i._ZN6I2Cdev9writeBitsEhhhhh)
    i._ZN6I2Cdev9writeByteEhhh               0x08003d30   Section        0  i2cdev.o(i._ZN6I2Cdev9writeByteEhhh)
    i._ZN6I2Cdev9writeWordEhht               0x08003d44   Section        0  i2cdev.o(i._ZN6I2Cdev9writeWordEhht)
    i._ZN6StreamC2Ev                         0x08003d58   Section        0  wire.o(i._ZN6StreamC2Ev)
    i._ZN7MPU605010getMotion6EPsS0_S0_S0_S0_S0_ 0x08003d78   Section        0  mpu6050.o(i._ZN7MPU605010getMotion6EPsS0_S0_S0_S0_S0_)
    i._ZN7MPU605010initializeEv              0x08003df4   Section        0  mpu6050.o(i._ZN7MPU605010initializeEv)
    i._ZN7MPU605011getDeviceIDEv             0x08003e1c   Section        0  mpu6050.o(i._ZN7MPU605011getDeviceIDEv)
    i._ZN7MPU605013CalibrateGyroEh           0x08003e40   Section        0  mpu6050.o(i._ZN7MPU605013CalibrateGyroEh)
    i._ZN7MPU605014CalibrateAccelEh          0x08003ee4   Section        0  mpu6050.o(i._ZN7MPU605014CalibrateAccelEh)
    i._ZN7MPU605014setClockSourceEh          0x08003f58   Section        0  mpu6050.o(i._ZN7MPU605014setClockSourceEh)
    i._ZN7MPU605014setXGyroOffsetEs          0x08003f6e   Section        0  mpu6050.o(i._ZN7MPU605014setXGyroOffsetEs)
    i._ZN7MPU605014setYGyroOffsetEs          0x08003f80   Section        0  mpu6050.o(i._ZN7MPU605014setYGyroOffsetEs)
    i._ZN7MPU605014setZGyroOffsetEs          0x08003f92   Section        0  mpu6050.o(i._ZN7MPU605014setZGyroOffsetEs)
    i._ZN7MPU605014testConnectionEv          0x08003fa4   Section        0  mpu6050.o(i._ZN7MPU605014testConnectionEv)
    i._ZN7MPU605015setSleepEnabledEb         0x08003fba   Section        0  mpu6050.o(i._ZN7MPU605015setSleepEnabledEb)
    i._ZN7MPU605015setXAccelOffsetEs         0x08003fce   Section        0  mpu6050.o(i._ZN7MPU605015setXAccelOffsetEs)
    i._ZN7MPU605015setYAccelOffsetEs         0x08003ff2   Section        0  mpu6050.o(i._ZN7MPU605015setYAccelOffsetEs)
    i._ZN7MPU605015setZAccelOffsetEs         0x08004016   Section        0  mpu6050.o(i._ZN7MPU605015setZAccelOffsetEs)
    i._ZN7MPU605018PrintActiveOffsetsEv      0x0800403c   Section        0  mpu6050.o(i._ZN7MPU605018PrintActiveOffsetsEv)
    i._ZN7MPU605021setFullScaleGyroRangeEh   0x08004268   Section        0  mpu6050.o(i._ZN7MPU605021setFullScaleGyroRangeEh)
    i._ZN7MPU605022setFullScaleAccelRangeEh  0x0800427e   Section        0  mpu6050.o(i._ZN7MPU605022setFullScaleAccelRangeEh)
    i._ZN7MPU60503PIDEhffh                   0x08004294   Section        0  mpu6050.o(i._ZN7MPU60503PIDEhffh)
    i._ZN7MPU60508resetDMPEv                 0x08004754   Section        0  mpu6050.o(i._ZN7MPU60508resetDMPEv)
    i._ZN7MPU60509resetFIFOEv                0x08004766   Section        0  mpu6050.o(i._ZN7MPU60509resetFIFOEv)
    i._ZN7MPU6050C1Eh                        0x08004778   Section        0  mpu6050.o(i._ZN7MPU6050C1Eh)
    i._ZN7TwoWire11requestFromEhh            0x0800477c   Section        0  wire.o(i._ZN7TwoWire11requestFromEhh)
    i._ZN7TwoWire11requestFromEhhh           0x08004792   Section        0  wire.o(i._ZN7TwoWire11requestFromEhhh)
    i._ZN7TwoWire11requestFromEhhjhh         0x080047b4   Section        0  wire.o(i._ZN7TwoWire11requestFromEhhjhh)
    i._ZN7TwoWire13resetRxBufferEv           0x08004852   Section        0  wire.o(i._ZN7TwoWire13resetRxBufferEv)
    i._ZN7TwoWire13resetTxBufferEv           0x08004864   Section        0  wire.o(i._ZN7TwoWire13resetTxBufferEv)
    i._ZN7TwoWire15endTransmissionEh         0x08004876   Section        0  wire.o(i._ZN7TwoWire15endTransmissionEh)
    i._ZN7TwoWire15endTransmissionEv         0x080048e2   Section        0  wire.o(i._ZN7TwoWire15endTransmissionEv)
    i._ZN7TwoWire16allocateRxBufferEj        0x080048f0   Section        0  wire.o(i._ZN7TwoWire16allocateRxBufferEj)
    i._ZN7TwoWire16allocateTxBufferEj        0x0800491c   Section        0  wire.o(i._ZN7TwoWire16allocateTxBufferEj)
    i._ZN7TwoWire16onReceiveServiceEP5i2c_s  0x08004948   Section        0  wire.o(i._ZN7TwoWire16onReceiveServiceEP5i2c_s)
    i._ZN7TwoWire16onRequestServiceEP5i2c_s  0x08004990   Section        0  wire.o(i._ZN7TwoWire16onRequestServiceEP5i2c_s)
    i._ZN7TwoWire17beginTransmissionEh       0x080049aa   Section        0  wire.o(i._ZN7TwoWire17beginTransmissionEh)
    i._ZN7TwoWire4readEv                     0x080049bc   Section        0  wire.o(i._ZN7TwoWire4readEv)
    i._ZN7TwoWire5beginEb                    0x080049d8   Section        0  wire.o(i._ZN7TwoWire5beginEb)
    i._ZN7TwoWire5beginEhb                   0x08004a30   Section        0  wire.o(i._ZN7TwoWire5beginEhb)
    i._ZN7TwoWire5beginEib                   0x08004ab8   Section        0  wire.o(i._ZN7TwoWire5beginEib)
    i._ZN7TwoWire5writeEPKhj                 0x08004acc   Section        0  wire.o(i._ZN7TwoWire5writeEPKhj)
    i._ZN7TwoWire5writeEh                    0x08004b26   Section        0  wire.o(i._ZN7TwoWire5writeEh)
    i._ZN7TwoWire9availableEv                0x08004b74   Section        0  wire.o(i._ZN7TwoWire9availableEv)
    i._ZN7TwoWireC1Ev                        0x08004b80   Section        0  wire.o(i._ZN7TwoWireC1Ev)
    i._ZN8SPIClassC1EP11SPI_TypeDefPFYvvE    0x08004b98   Section        0  sys.o(i._ZN8SPIClassC1EP11SPI_TypeDefPFYvvE)
    i._ZNK6String14StringIfHelperEv          0x08004bae   Section        0  i2cdev.o(i._ZNK6String14StringIfHelperEv)
    i.__0sprintf                             0x08004bb0   Section        0  printfa.o(i.__0sprintf)
    i.__cxa_pure_virtual                     0x08004bd8   Section        0  pure_virt.o(i.__cxa_pure_virtual)
    i.__free$realloc                         0x08004be0   Section        0  mallocr.o(i.__free$realloc)
    i.__malloc$realloc                       0x08004c3c   Section        0  mallocr.o(i.__malloc$realloc)
    i.__scatterload_copy                     0x08004c8c   Section       14  handlers.o(i.__scatterload_copy)
    i.__scatterload_null                     0x08004c9a   Section        2  handlers.o(i.__scatterload_null)
    i.__scatterload_zeroinit                 0x08004c9c   Section       14  handlers.o(i.__scatterload_zeroinit)
    i.__sti___5_sys_c_pinMode                0x08004cac   Section        0  sys.o(i.__sti___5_sys_c_pinMode)
    __sti___5_sys_c_pinMode                  0x08004cad   Thumb Code   200  sys.o(i.__sti___5_sys_c_pinMode)
    i.__sti___6_main_c_70058f14              0x08004da8   Section        0  main.o(i.__sti___6_main_c_70058f14)
    __sti___6_main_c_70058f14                0x08004da9   Thumb Code    12  main.o(i.__sti___6_main_c_70058f14)
    i.__sti___8_Wire_cpp_4e99b9cf            0x08004db8   Section        0  wire.o(i.__sti___8_Wire_cpp_4e99b9cf)
    __sti___8_Wire_cpp_4e99b9cf              0x08004db9   Thumb Code    10  wire.o(i.__sti___8_Wire_cpp_4e99b9cf)
    i._fp_digits                             0x08004dc8   Section        0  printfa.o(i._fp_digits)
    _fp_digits                               0x08004dc9   Thumb Code   334  printfa.o(i._fp_digits)
    i._printf_core                           0x08004f2c   Section        0  printfa.o(i._printf_core)
    _printf_core                             0x08004f2d   Thumb Code  1744  printfa.o(i._printf_core)
    i._printf_post_padding                   0x08005608   Section        0  printfa.o(i._printf_post_padding)
    _printf_post_padding                     0x08005609   Thumb Code    36  printfa.o(i._printf_post_padding)
    i._printf_pre_padding                    0x0800562c   Section        0  printfa.o(i._printf_pre_padding)
    _printf_pre_padding                      0x0800562d   Thumb Code    46  printfa.o(i._printf_pre_padding)
    i._sputc                                 0x0800565a   Section        0  printfa.o(i._sputc)
    _sputc                                   0x0800565b   Thumb Code    10  printfa.o(i._sputc)
    i.delay                                  0x08005664   Section        0  sys.o(i.delay)
    i.delayMicroseconds                      0x08005688   Section        0  sys.o(i.delayMicroseconds)
    i.digitalWrite                           0x080056b0   Section        0  sys.o(i.digitalWrite)
    i.dtostrf                                0x080056d4   Section        0  sys.o(i.dtostrf)
    i.get_i2c_obj                            0x08005704   Section        0  twi.o(i.get_i2c_obj)
    i.i2c_IsDeviceReady                      0x0800570c   Section        0  twi.o(i.i2c_IsDeviceReady)
    i.i2c_attachSlaveRxEvent                 0x08005772   Section        0  twi.o(i.i2c_attachSlaveRxEvent)
    i.i2c_attachSlaveTxEvent                 0x08005786   Section        0  twi.o(i.i2c_attachSlaveTxEvent)
    i.i2c_custom_init                        0x0800579c   Section        0  twi.o(i.i2c_custom_init)
    i.i2c_master_read                        0x080059b8   Section        0  twi.o(i.i2c_master_read)
    i.i2c_master_write                       0x08005a40   Section        0  twi.o(i.i2c_master_write)
    i.i2c_slave_write_IT                     0x08005ada   Section        0  twi.o(i.i2c_slave_write_IT)
    i.internal_alloc                         0x08005b08   Section        0  mallocr.o(i.internal_alloc)
    internal_alloc                           0x08005b09   Thumb Code    76  mallocr.o(i.internal_alloc)
    i.main                                   0x08005b58   Section        0  main.o(i.main)
    i.map                                    0x08005c1c   Section        0  sys.o(i.map)
    i.millis                                 0x08005c30   Section        0  sys.o(i.millis)
    i.pinMode                                0x08005c34   Section        0  sys.o(i.pinMode)
    i.realloc                                0x08005d7c   Section        0  mallocr.o(i.realloc)
    .constdata                               0x08005de8   Section     2268  pinmap.o(.constdata)
    .constdata                               0x080066c4   Section       16  system_stm32f1xx.o(.constdata)
    .constdata                               0x080066d4   Section        8  system_stm32f1xx.o(.constdata)
    .constdata__ZTV10USARTClass              0x080066dc   Section       32  usartclass.o(.constdata__ZTV10USARTClass)
    .constdata__ZTV5Print                    0x080066fc   Section       16  print.o(.constdata__ZTV5Print)
    .constdata__ZTV6Stream                   0x0800670c   Section       32  wire.o(.constdata__ZTV6Stream)
    .constdata__ZTV7TwoWire                  0x0800672c   Section       32  wire.o(.constdata__ZTV7TwoWire)
    .conststring                             0x0800674c   Section       80  mpu6050.o(.conststring)
    .conststring                             0x0800679c   Section       94  main.o(.conststring)
    .init_array                              0x0800681c   Section        4  wire.o(.init_array)
    .init_array                              0x08006820   Section        4  main.o(.init_array)
    .init_array                              0x08006824   Section        4  sys.o(.init_array)
    .init_array                              0x08006828   Section        0  cpp_init.o(.init_array)
    .data                                    0x20000000   Section       26  i2cdev.o(.data)
    <Data1>                                  0x20000000   Data           8  i2cdev.o(.data)
    <Data2>                                  0x20000008   Data           8  i2cdev.o(.data)
    PWM_Manager                              0x20000010   Data           8  i2cdev.o(.data)
    .data                                    0x2000001c   Section       32  twi.o(.data)
    <Data1>                                  0x2000001c   Data           8  twi.o(.data)
    <Data2>                                  0x20000024   Data           8  twi.o(.data)
    PWM_Manager                              0x2000002c   Data           8  twi.o(.data)
    i2c_handles                              0x20000034   Data           8  twi.o(.data)
    .data                                    0x2000003c   Section       40  main.o(.data)
    <Data1>                                  0x2000003c   Data           8  main.o(.data)
    <Data2>                                  0x20000044   Data           8  main.o(.data)
    PWM_Manager                              0x2000004c   Data           8  main.o(.data)
    .data                                    0x20000064   Section        4  system_stm32f1xx.o(.data)
    .data                                    0x20000068   Section       12  stm32f1xx_hal.o(.data)
    .data                                    0x20000074   Section        4  mvars.o(.data)
    .data                                    0x20000078   Section        4  mvars.o(.data)
    .bss                                     0x2000007c   Section      204  wire.o(.bss)
    TManager                                 0x2000007c   Data          16  wire.o(.bss)
    .bss                                     0x20000148   Section      276  main.o(.bss)
    TManager                                 0x20000148   Data          16  main.o(.bss)
    .bss                                     0x2000025c   Section     1612  sys.o(.bss)
    hspi                                     0x2000025c   Data          88  sys.o(.bss)
    TManager                                 0x200002b4   Data          16  sys.o(.bss)
    callbacksEXTI                            0x20000828   Data          64  sys.o(.bss)
    .bss                                     0x200008a8   Section       64  usartclass.o(.bss)
    UART_Handle                              0x200008a8   Data          64  usartclass.o(.bss)
    HEAP                                     0x200008e8   Section     5376  startup_stm32f103xg.o(HEAP)
    STACK                                    0x20001de8   Section     1536  startup_stm32f103xg.o(STACK)

    Global Symbols

    Symbol Name                              Value     Ov Type        Size  Object(Section)

    BuildAttributes$$THM_ISAv4$P$D$K$B$S$PE$A:L22UL41UL21$X:L11$S22US41US21$IEEE1$IW$USESV6$~STKCKD$USESV7$~SHL$OTIME$ROPI$IEEEJ$EBA8$UX$MICROLIB$REQ8$PRES8$EABIv2 0x00000000   Number         0  anon$$obj.o ABSOLUTE
    __ARM_use_no_argv                        0x00000000   Number         0  main.o ABSOLUTE
    _printf_a                                0x00000000   Number         0  stubs.o ABSOLUTE
    _printf_c                                0x00000000   Number         0  stubs.o ABSOLUTE
    _printf_charcount                        0x00000000   Number         0  stubs.o ABSOLUTE
    _printf_d                                0x00000000   Number         0  stubs.o ABSOLUTE
    _printf_e                                0x00000000   Number         0  stubs.o ABSOLUTE
    _printf_f                                0x00000000   Number         0  stubs.o ABSOLUTE
    _printf_flags                            0x00000000   Number         0  stubs.o ABSOLUTE
    _printf_fp_dec                           0x00000000   Number         0  stubs.o ABSOLUTE
    _printf_fp_hex                           0x00000000   Number         0  stubs.o ABSOLUTE
    _printf_g                                0x00000000   Number         0  stubs.o ABSOLUTE
    _printf_i                                0x00000000   Number         0  stubs.o ABSOLUTE
    _printf_int_dec                          0x00000000   Number         0  stubs.o ABSOLUTE
    _printf_l                                0x00000000   Number         0  stubs.o ABSOLUTE
    _printf_lc                               0x00000000   Number         0  stubs.o ABSOLUTE
    _printf_ll                               0x00000000   Number         0  stubs.o ABSOLUTE
    _printf_lld                              0x00000000   Number         0  stubs.o ABSOLUTE
    _printf_lli                              0x00000000   Number         0  stubs.o ABSOLUTE
    _printf_llo                              0x00000000   Number         0  stubs.o ABSOLUTE
    _printf_llu                              0x00000000   Number         0  stubs.o ABSOLUTE
    _printf_llx                              0x00000000   Number         0  stubs.o ABSOLUTE
    _printf_longlong_dec                     0x00000000   Number         0  stubs.o ABSOLUTE
    _printf_longlong_hex                     0x00000000   Number         0  stubs.o ABSOLUTE
    _printf_longlong_oct                     0x00000000   Number         0  stubs.o ABSOLUTE
    _printf_ls                               0x00000000   Number         0  stubs.o ABSOLUTE
    _printf_mbtowc                           0x00000000   Number         0  stubs.o ABSOLUTE
    _printf_n                                0x00000000   Number         0  stubs.o ABSOLUTE
    _printf_o                                0x00000000   Number         0  stubs.o ABSOLUTE
    _printf_p                                0x00000000   Number         0  stubs.o ABSOLUTE
    _printf_percent                          0x00000000   Number         0  stubs.o ABSOLUTE
    _printf_pre_padding                      0x00000000   Number         0  stubs.o ABSOLUTE
    _printf_return_value                     0x00000000   Number         0  stubs.o ABSOLUTE
    _printf_s                                0x00000000   Number         0  stubs.o ABSOLUTE
    _printf_sizespec                         0x00000000   Number         0  stubs.o ABSOLUTE
    _printf_str                              0x00000000   Number         0  stubs.o ABSOLUTE
    _printf_truncate_signed                  0x00000000   Number         0  stubs.o ABSOLUTE
    _printf_truncate_unsigned                0x00000000   Number         0  stubs.o ABSOLUTE
    _printf_u                                0x00000000   Number         0  stubs.o ABSOLUTE
    _printf_wc                               0x00000000   Number         0  stubs.o ABSOLUTE
    _printf_wctomb                           0x00000000   Number         0  stubs.o ABSOLUTE
    _printf_widthprec                        0x00000000   Number         0  stubs.o ABSOLUTE
    _printf_x                                0x00000000   Number         0  stubs.o ABSOLUTE
    __ARM::default_unexpected_handler()       - Undefined Weak Reference
    typeinfo for Printable                    - Undefined Weak Reference
    __ARM_exceptions_buffer_required          - Undefined Weak Reference
    __cxa_finalize                            - Undefined Weak Reference
    __decompress                              - Undefined Weak Reference
    _clock_init                               - Undefined Weak Reference
    _microlib_exit                            - Undefined Weak Reference
    __Vectors_Size                           0x00000130   Number         0  startup_stm32f103xg.o ABSOLUTE
    __Vectors                                0x08000000   Data           4  startup_stm32f103xg.o(RESET)
    __Vectors_End                            0x08000130   Data           0  startup_stm32f103xg.o(RESET)
    __main                                   0x08000131   Thumb Code     0  entry.o(.ARM.Collect$$$$00000000)
    _main_stk                                0x08000131   Thumb Code     0  entry2.o(.ARM.Collect$$$$00000001)
    _main_scatterload                        0x08000135   Thumb Code     0  entry5.o(.ARM.Collect$$$$00000004)
    __main_after_scatterload                 0x08000139   Thumb Code     0  entry5.o(.ARM.Collect$$$$00000004)
    _main_clock                              0x08000139   Thumb Code     0  entry7b.o(.ARM.Collect$$$$00000008)
    _main_cpp_init$empty                     0x08000139   Thumb Code     0  entry8a.o(.ARM.Collect$$$$00000009)
    _main_cpp_init                           0x0800013d   Thumb Code     0  entry8b.o(.ARM.Collect$$$$0000000A)
    _main_init                               0x0800013d   Thumb Code     0  entry9a.o(.ARM.Collect$$$$0000000B)
    __rt_final_cpp                           0x08000145   Thumb Code     0  entry10a.o(.ARM.Collect$$$$0000000D)
    __rt_final_exit                          0x08000145   Thumb Code     0  entry11a.o(.ARM.Collect$$$$0000000F)
    Reset_Handler                            0x08000149   Thumb Code     8  startup_stm32f103xg.o(.text)
    SVC_Handler                              0x0800015b   Thumb Code     2  startup_stm32f103xg.o(.text)
    PendSV_Handler                           0x0800015f   Thumb Code     2  startup_stm32f103xg.o(.text)
    ADC1_2_IRQHandler                        0x08000163   Thumb Code     0  startup_stm32f103xg.o(.text)
    ADC3_IRQHandler                          0x08000163   Thumb Code     0  startup_stm32f103xg.o(.text)
    CAN1_RX1_IRQHandler                      0x08000163   Thumb Code     0  startup_stm32f103xg.o(.text)
    CAN1_SCE_IRQHandler                      0x08000163   Thumb Code     0  startup_stm32f103xg.o(.text)
    FLASH_IRQHandler                         0x08000163   Thumb Code     0  startup_stm32f103xg.o(.text)
    FSMC_IRQHandler                          0x08000163   Thumb Code     0  startup_stm32f103xg.o(.text)
    PVD_IRQHandler                           0x08000163   Thumb Code     0  startup_stm32f103xg.o(.text)
    RCC_IRQHandler                           0x08000163   Thumb Code     0  startup_stm32f103xg.o(.text)
    RTC_Alarm_IRQHandler                     0x08000163   Thumb Code     0  startup_stm32f103xg.o(.text)
    RTC_IRQHandler                           0x08000163   Thumb Code     0  startup_stm32f103xg.o(.text)
    SDIO_IRQHandler                          0x08000163   Thumb Code     0  startup_stm32f103xg.o(.text)
    SPI1_IRQHandler                          0x08000163   Thumb Code     0  startup_stm32f103xg.o(.text)
    SPI2_IRQHandler                          0x08000163   Thumb Code     0  startup_stm32f103xg.o(.text)
    SPI3_IRQHandler                          0x08000163   Thumb Code     0  startup_stm32f103xg.o(.text)
    TAMPER_IRQHandler                        0x08000163   Thumb Code     0  startup_stm32f103xg.o(.text)
    TIM1_BRK_TIM9_IRQHandler                 0x08000163   Thumb Code     0  startup_stm32f103xg.o(.text)
    TIM1_CC_IRQHandler                       0x08000163   Thumb Code     0  startup_stm32f103xg.o(.text)
    TIM1_TRG_COM_TIM11_IRQHandler            0x08000163   Thumb Code     0  startup_stm32f103xg.o(.text)
    TIM1_UP_TIM10_IRQHandler                 0x08000163   Thumb Code     0  startup_stm32f103xg.o(.text)
    TIM2_IRQHandler                          0x08000163   Thumb Code     0  startup_stm32f103xg.o(.text)
    TIM3_IRQHandler                          0x08000163   Thumb Code     0  startup_stm32f103xg.o(.text)
    TIM4_IRQHandler                          0x08000163   Thumb Code     0  startup_stm32f103xg.o(.text)
    TIM5_IRQHandler                          0x08000163   Thumb Code     0  startup_stm32f103xg.o(.text)
    TIM6_IRQHandler                          0x08000163   Thumb Code     0  startup_stm32f103xg.o(.text)
    TIM7_IRQHandler                          0x08000163   Thumb Code     0  startup_stm32f103xg.o(.text)
    TIM8_BRK_TIM12_IRQHandler                0x08000163   Thumb Code     0  startup_stm32f103xg.o(.text)
    TIM8_CC_IRQHandler                       0x08000163   Thumb Code     0  startup_stm32f103xg.o(.text)
    TIM8_TRG_COM_TIM14_IRQHandler            0x08000163   Thumb Code     0  startup_stm32f103xg.o(.text)
    TIM8_UP_TIM13_IRQHandler                 0x08000163   Thumb Code     0  startup_stm32f103xg.o(.text)
    USBWakeUp_IRQHandler                     0x08000163   Thumb Code     0  startup_stm32f103xg.o(.text)
    USB_HP_CAN1_TX_IRQHandler                0x08000163   Thumb Code     0  startup_stm32f103xg.o(.text)
    USB_LP_CAN1_RX0_IRQHandler               0x08000163   Thumb Code     0  startup_stm32f103xg.o(.text)
    WWDG_IRQHandler                          0x08000163   Thumb Code     0  startup_stm32f103xg.o(.text)
    ___aeabi_memcpy4$move                    0x0800016d   Thumb Code     0  memmovea.o(.text)
    ___aeabi_memcpy8$move                    0x0800016d   Thumb Code     0  memmovea.o(.text)
    __aeabi_memcpy                           0x0800016d   Thumb Code    64  memmovea.o(.text)
    __aeabi_memmove                          0x0800016d   Thumb Code     0  memmovea.o(.text)
    __aeabi_memmove4                         0x0800016d   Thumb Code     0  memmovea.o(.text)
    __aeabi_memmove8                         0x0800016d   Thumb Code     0  memmovea.o(.text)
    __aeabi_memset                           0x080001ad   Thumb Code    14  memseta.o(.text)
    __aeabi_memset4                          0x080001ad   Thumb Code     0  memseta.o(.text)
    __aeabi_memset8                          0x080001ad   Thumb Code     0  memseta.o(.text)
    __aeabi_memclr                           0x080001bb   Thumb Code     4  memseta.o(.text)
    __aeabi_memclr4                          0x080001bb   Thumb Code     0  memseta.o(.text)
    __aeabi_memclr8                          0x080001bb   Thumb Code     0  memseta.o(.text)
    _memset$wrapper                          0x080001bf   Thumb Code    18  memseta.o(.text)
    strlen                                   0x080001d1   Thumb Code    14  strlen.o(.text)
    __cpp_initialize__aeabi_                 0x080001e1   Thumb Code    22  cpp_init.o(.text)
    __aeabi_fadd                             0x08000201   Thumb Code   164  fadd.o(.text)
    __aeabi_fsub                             0x080002a5   Thumb Code     6  fadd.o(.text)
    __aeabi_frsub                            0x080002ab   Thumb Code     6  fadd.o(.text)
    __aeabi_fmul                             0x080002b1   Thumb Code   100  fmul.o(.text)
    __aeabi_fdiv                             0x08000315   Thumb Code   124  fdiv.o(.text)
    __aeabi_dadd                             0x08000391   Thumb Code   322  dadd.o(.text)
    __aeabi_dsub                             0x080004d3   Thumb Code     6  dadd.o(.text)
    __aeabi_drsub                            0x080004d9   Thumb Code     6  dadd.o(.text)
    __aeabi_dmul                             0x080004df   Thumb Code   228  dmul.o(.text)
    __aeabi_ddiv                             0x080005c3   Thumb Code   222  ddiv.o(.text)
    __aeabi_i2f                              0x080006a1   Thumb Code    18  fflti.o(.text)
    __aeabi_ui2f                             0x080006b3   Thumb Code    10  ffltui.o(.text)
    __aeabi_i2d                              0x080006bd   Thumb Code    34  dflti.o(.text)
    __aeabi_ui2d                             0x080006df   Thumb Code    26  dfltui.o(.text)
    __aeabi_f2uiz                            0x080006f9   Thumb Code    40  ffixui.o(.text)
    __aeabi_d2iz                             0x08000721   Thumb Code    62  dfixi.o(.text)
    __aeabi_f2d                              0x0800075f   Thumb Code    38  f2d.o(.text)
    __aeabi_cdcmpeq                          0x08000785   Thumb Code     0  cdcmple.o(.text)
    __aeabi_cdcmple                          0x08000785   Thumb Code    48  cdcmple.o(.text)
    __aeabi_cdrcmple                         0x080007b5   Thumb Code    48  cdrcmple.o(.text)
    __aeabi_d2f                              0x080007e5   Thumb Code    56  d2f.o(.text)
    __aeabi_cfrcmple                         0x0800081d   Thumb Code    20  cfrcmple.o(.text)
    __aeabi_uidiv                            0x08000831   Thumb Code     0  uidiv.o(.text)
    __aeabi_uidivmod                         0x08000831   Thumb Code    44  uidiv.o(.text)
    __aeabi_uldivmod                         0x0800085d   Thumb Code    98  uldiv.o(.text)
    __aeabi_llsl                             0x080008bf   Thumb Code    30  llshl.o(.text)
    _ll_shift_l                              0x080008bf   Thumb Code     0  llshl.o(.text)
    __aeabi_llsr                             0x080008dd   Thumb Code    32  llushr.o(.text)
    _ll_ushift_r                             0x080008dd   Thumb Code     0  llushr.o(.text)
    __aeabi_lasr                             0x080008fd   Thumb Code    36  llsshr.o(.text)
    _ll_sshift_r                             0x080008fd   Thumb Code     0  llsshr.o(.text)
    __I$use$fp                               0x08000921   Thumb Code     0  iusefp.o(.text)
    __rt_SIGPVFN                             0x08000921   Thumb Code     2  cpp_signal.o(.text)
    _float_round                             0x08000923   Thumb Code    18  fepilogue.o(.text)
    _float_epilogue                          0x08000935   Thumb Code    92  fepilogue.o(.text)
    _double_round                            0x08000991   Thumb Code    30  depilogue.o(.text)
    _double_epilogue                         0x080009af   Thumb Code   156  depilogue.o(.text)
    __aeabi_d2ulz                            0x08000a4b   Thumb Code    48  dfixul.o(.text)
    __scatterload                            0x08000a7d   Thumb Code    28  init.o(.text)
    __scatterload_rt2                        0x08000a7d   Thumb Code     0  init.o(.text)
    BusFault_Handler                         0x08000aa1   Thumb Code     4  stm32f1xx_it.o(i.BusFault_Handler)
    DMA1_Channel1_IRQHandler                 0x08000aa5   Thumb Code    14  sys.o(i.DMA1_Channel1_IRQHandler)
    DMA1_Channel2_IRQHandler                 0x08000ab9   Thumb Code    14  sys.o(i.DMA1_Channel2_IRQHandler)
    DMA1_Channel3_IRQHandler                 0x08000acd   Thumb Code    14  sys.o(i.DMA1_Channel3_IRQHandler)
    DMA1_Channel4_IRQHandler                 0x08000ae1   Thumb Code    16  sys.o(i.DMA1_Channel4_IRQHandler)
    DMA1_Channel5_IRQHandler                 0x08000af5   Thumb Code    16  sys.o(i.DMA1_Channel5_IRQHandler)
    DMA1_Channel6_IRQHandler                 0x08000b09   Thumb Code    14  sys.o(i.DMA1_Channel6_IRQHandler)
    DMA1_Channel7_IRQHandler                 0x08000b1d   Thumb Code    14  sys.o(i.DMA1_Channel7_IRQHandler)
    DMA2_Channel1_IRQHandler                 0x08000b31   Thumb Code    18  sys.o(i.DMA2_Channel1_IRQHandler)
    DMA2_Channel2_IRQHandler                 0x08000b49   Thumb Code    18  sys.o(i.DMA2_Channel2_IRQHandler)
    DMA2_Channel3_IRQHandler                 0x08000b61   Thumb Code    20  sys.o(i.DMA2_Channel3_IRQHandler)
    DMA2_Channel4_5_IRQHandler               0x08000b79   Thumb Code    20  sys.o(i.DMA2_Channel4_5_IRQHandler)
    DebugMon_Handler                         0x08000b91   Thumb Code     4  stm32f1xx_it.o(i.DebugMon_Handler)
    EXTI0_IRQHandler                         0x08000b95   Thumb Code    36  sys.o(i.EXTI0_IRQHandler)
    EXTI15_10_IRQHandler                     0x08000bc1   Thumb Code   144  sys.o(i.EXTI15_10_IRQHandler)
    EXTI1_IRQHandler                         0x08000c59   Thumb Code    36  sys.o(i.EXTI1_IRQHandler)
    EXTI2_IRQHandler                         0x08000c85   Thumb Code    36  sys.o(i.EXTI2_IRQHandler)
    EXTI3_IRQHandler                         0x08000cb1   Thumb Code    36  sys.o(i.EXTI3_IRQHandler)
    EXTI4_IRQHandler                         0x08000cdd   Thumb Code    36  sys.o(i.EXTI4_IRQHandler)
    EXTI9_5_IRQHandler                       0x08000d09   Thumb Code   118  sys.o(i.EXTI9_5_IRQHandler)
    Error_Handler                            0x08000d89   Thumb Code     4  main.o(i.Error_Handler)
    HAL_DMA_Abort_IT                         0x08000d8d   Thumb Code   296  stm32f1xx_hal_dma.o(i.HAL_DMA_Abort_IT)
    HAL_DMA_GetState                         0x08000ebd   Thumb Code     6  stm32f1xx_hal_dma.o(i.HAL_DMA_GetState)
    HAL_GPIO_EXTI_Callback                   0x08000ec3   Thumb Code     2  stm32f1xx_hal_gpio.o(i.HAL_GPIO_EXTI_Callback)
    HAL_GPIO_Init                            0x08000ec5   Thumb Code   462  stm32f1xx_hal_gpio.o(i.HAL_GPIO_Init)
    HAL_GetTick                              0x080010bd   Thumb Code     6  stm32f1xx_hal.o(i.HAL_GetTick)
    HAL_I2C_AbortCpltCallback                0x080010c9   Thumb Code     2  stm32f1xx_hal_i2c.o(i.HAL_I2C_AbortCpltCallback)
    HAL_I2C_AddrCallback                     0x080010cb   Thumb Code    92  twi.o(i.HAL_I2C_AddrCallback)
    HAL_I2C_ER_IRQHandler                    0x08001127   Thumb Code   196  stm32f1xx_hal_i2c.o(i.HAL_I2C_ER_IRQHandler)
    HAL_I2C_EV_IRQHandler                    0x080011eb   Thumb Code   602  stm32f1xx_hal_i2c.o(i.HAL_I2C_EV_IRQHandler)
    HAL_I2C_EnableListen_IT                  0x08001445   Thumb Code    58  stm32f1xx_hal_i2c.o(i.HAL_I2C_EnableListen_IT)
    HAL_I2C_ErrorCallback                    0x0800147f   Thumb Code    26  twi.o(i.HAL_I2C_ErrorCallback)
    HAL_I2C_GetError                         0x08001499   Thumb Code     4  stm32f1xx_hal_i2c.o(i.HAL_I2C_GetError)
    HAL_I2C_GetState                         0x0800149d   Thumb Code     6  stm32f1xx_hal_i2c.o(i.HAL_I2C_GetState)
    HAL_I2C_Init                             0x080014a5   Thumb Code   356  stm32f1xx_hal_i2c.o(i.HAL_I2C_Init)
    HAL_I2C_IsDeviceReady                    0x08001619   Thumb Code   336  stm32f1xx_hal_i2c.o(i.HAL_I2C_IsDeviceReady)
    HAL_I2C_ListenCpltCallback               0x08001771   Thumb Code    48  twi.o(i.HAL_I2C_ListenCpltCallback)
    HAL_I2C_MasterRxCpltCallback             0x080017a1   Thumb Code     2  stm32f1xx_hal_i2c.o(i.HAL_I2C_MasterRxCpltCallback)
    HAL_I2C_MasterTxCpltCallback             0x080017a3   Thumb Code     2  stm32f1xx_hal_i2c.o(i.HAL_I2C_MasterTxCpltCallback)
    HAL_I2C_Master_Seq_Receive_IT            0x080017a5   Thumb Code   340  stm32f1xx_hal_i2c.o(i.HAL_I2C_Master_Seq_Receive_IT)
    HAL_I2C_Master_Seq_Transmit_IT           0x080018fd   Thumb Code   268  stm32f1xx_hal_i2c.o(i.HAL_I2C_Master_Seq_Transmit_IT)
    HAL_I2C_MemRxCpltCallback                0x08001a0d   Thumb Code     2  stm32f1xx_hal_i2c.o(i.HAL_I2C_MemRxCpltCallback)
    HAL_I2C_MemTxCpltCallback                0x08001a0f   Thumb Code     2  stm32f1xx_hal_i2c.o(i.HAL_I2C_MemTxCpltCallback)
    HAL_I2C_MspInit                          0x08001a11   Thumb Code     2  stm32f1xx_hal_i2c.o(i.HAL_I2C_MspInit)
    HAL_I2C_SlaveRxCpltCallback              0x08001a13   Thumb Code    52  twi.o(i.HAL_I2C_SlaveRxCpltCallback)
    HAL_I2C_SlaveTxCpltCallback              0x08001a47   Thumb Code    20  twi.o(i.HAL_I2C_SlaveTxCpltCallback)
    HAL_I2C_Slave_Seq_Receive_IT             0x08001a5b   Thumb Code   116  stm32f1xx_hal_i2c.o(i.HAL_I2C_Slave_Seq_Receive_IT)
    HAL_I2C_Slave_Seq_Transmit_IT            0x08001acf   Thumb Code   116  stm32f1xx_hal_i2c.o(i.HAL_I2C_Slave_Seq_Transmit_IT)
    HAL_IncTick                              0x08001b45   Thumb Code    12  stm32f1xx_hal.o(i.HAL_IncTick)
    HAL_Init                                 0x08001b55   Thumb Code    32  stm32f1xx_hal.o(i.HAL_Init)
    HAL_InitTick                             0x08001b79   Thumb Code    54  stm32f1xx_hal.o(i.HAL_InitTick)
    HAL_MspInit                              0x08001bb9   Thumb Code    92  stm32f1xx_hal_msp.o(i.HAL_MspInit)
    HAL_NVIC_ClearPendingIRQ                 0x08001c19   Thumb Code    22  stm32f1xx_hal_cortex.o(i.HAL_NVIC_ClearPendingIRQ)
    HAL_NVIC_DisableIRQ                      0x08001c2f   Thumb Code    22  stm32f1xx_hal_cortex.o(i.HAL_NVIC_DisableIRQ)
    HAL_NVIC_EnableIRQ                       0x08001c45   Thumb Code    22  stm32f1xx_hal_cortex.o(i.HAL_NVIC_EnableIRQ)
    HAL_NVIC_SetPriority                     0x08001c5d   Thumb Code    60  stm32f1xx_hal_cortex.o(i.HAL_NVIC_SetPriority)
    HAL_NVIC_SetPriorityGrouping             0x08001c9d   Thumb Code    26  stm32f1xx_hal_cortex.o(i.HAL_NVIC_SetPriorityGrouping)
    HAL_RCCEx_PeriphCLKConfig                0x08001cc1   Thumb Code   224  stm32f1xx_hal_rcc_ex.o(i.HAL_RCCEx_PeriphCLKConfig)
    HAL_RCC_ClockConfig                      0x08001dad   Thumb Code   280  stm32f1xx_hal_rcc.o(i.HAL_RCC_ClockConfig)
    HAL_RCC_GetPCLK1Freq                     0x08001ed9   Thumb Code    20  stm32f1xx_hal_rcc.o(i.HAL_RCC_GetPCLK1Freq)
    HAL_RCC_GetPCLK2Freq                     0x08001ef9   Thumb Code    20  stm32f1xx_hal_rcc.o(i.HAL_RCC_GetPCLK2Freq)
    HAL_RCC_GetSysClockFreq                  0x08001f19   Thumb Code    76  stm32f1xx_hal_rcc.o(i.HAL_RCC_GetSysClockFreq)
    HAL_RCC_OscConfig                        0x08001f85   Thumb Code   778  stm32f1xx_hal_rcc.o(i.HAL_RCC_OscConfig)
    HAL_SYSTICK_Callback                     0x080022a5   Thumb Code     2  main.o(i.HAL_SYSTICK_Callback)
    HAL_SYSTICK_Config                       0x080022a7   Thumb Code    40  stm32f1xx_hal_cortex.o(i.HAL_SYSTICK_Config)
    HAL_SYSTICK_IRQHandler                   0x080022cf   Thumb Code     8  stm32f1xx_hal_cortex.o(i.HAL_SYSTICK_IRQHandler)
    HAL_UART_Init                            0x080022d7   Thumb Code    98  stm32f1xx_hal_uart.o(i.HAL_UART_Init)
    HAL_UART_MspInit                         0x08002339   Thumb Code     2  stm32f1xx_hal_uart.o(i.HAL_UART_MspInit)
    HardFault_Handler                        0x0800233b   Thumb Code     4  stm32f1xx_it.o(i.HardFault_Handler)
    I2C1_ER_IRQHandler                       0x08002341   Thumb Code    14  twi.o(i.I2C1_ER_IRQHandler)
    I2C1_EV_IRQHandler                       0x08002355   Thumb Code    14  twi.o(i.I2C1_EV_IRQHandler)
    I2C2_ER_IRQHandler                       0x08002369   Thumb Code    14  twi.o(i.I2C2_ER_IRQHandler)
    I2C2_EV_IRQHandler                       0x0800237d   Thumb Code    14  twi.o(i.I2C2_EV_IRQHandler)
    MemManage_Handler                        0x08002391   Thumb Code     4  stm32f1xx_it.o(i.MemManage_Handler)
    NMI_Handler                              0x08002395   Thumb Code     2  stm32f1xx_it.o(i.NMI_Handler)
    SysTick_Handler                          0x08002397   Thumb Code    12  stm32f1xx_it.o(i.SysTick_Handler)
    SystemClock_Config                       0x080023a3   Thumb Code   138  main.o(i.SystemClock_Config)
    SystemInit                               0x0800242d   Thumb Code    56  system_stm32f1xx.o(i.SystemInit)
    UART4_IRQHandler                         0x08002475   Thumb Code     6  sys.o(i.UART4_IRQHandler)
    UART5_IRQHandler                         0x08002481   Thumb Code     6  sys.o(i.UART5_IRQHandler)
    USART1_IRQHandler                        0x0800248d   Thumb Code    20  sys.o(i.USART1_IRQHandler)
    USART2_IRQHandler                        0x080024a5   Thumb Code     6  sys.o(i.USART2_IRQHandler)
    USART3_IRQHandler                        0x080024b1   Thumb Code     6  sys.o(i.USART3_IRQHandler)
    UsageFault_Handler                       0x080024bd   Thumb Code     4  stm32f1xx_it.o(i.UsageFault_Handler)
    Initialize()                             0x080024c1   Thumb Code   248  main.o(i._Z10Initializev)
    SetOffsets(int*)                         0x080027b5   Thumb Code    66  main.o(i._Z10SetOffsetsPi)
    ForceHeader()                            0x080027fd   Thumb Code     8  main.o(i._Z11ForceHeaderv)
    GetSmoothed()                            0x08002809   Thumb Code   168  main.o(i._Z11GetSmoothedv)
    SetAveraging(int)                        0x08002b05   Thumb Code    38  main.o(i._Z12SetAveragingi)
    ShowProgress()                           0x08002b55   Thumb Code   164  main.o(i._Z12ShowProgressv)
    PullBracketsIn()                         0x08002d19   Thumb Code   236  main.o(i._Z14PullBracketsInv)
    PullBracketsOut()                        0x080031a1   Thumb Code   222  main.o(i._Z15PullBracketsOutv)
    RingBuffer::store_char(unsigned char)    0x0800364d   Thumb Code    22  ringbuffer.o(i._ZN10RingBuffer10store_charEh)
    RingBuffer::RingBuffer()                 0x08003663   Thumb Code    20  ringbuffer.o(i._ZN10RingBufferC1Ev)
    RingBuffer::RingBuffer__sub_object()     0x08003663   Thumb Code     0  ringbuffer.o(i._ZN10RingBufferC1Ev)
    USARTClass::IrqHandler()                 0x08003677   Thumb Code    36  usartclass.o(i._ZN10USARTClass10IrqHandlerEv)
    USARTClass::begin(unsigned)              0x0800369d   Thumb Code   442  usartclass.o(i._ZN10USARTClass5beginEj)
    USARTClass::write(unsigned char)         0x0800385d   Thumb Code    22  usartclass.o(i._ZN10USARTClass5writeEh)
    USARTClass::USARTClass(USART_TypeDef*, IRQn_Type, unsigned, RingBuffer*) 0x08003875   Thumb Code    30  usartclass.o(i._ZN10USARTClassC1EP13USART_TypeDef9IRQn_TypejP10RingBuffer)
    USARTClass::USARTClass__sub_object(USART_TypeDef*, IRQn_Type, unsigned, RingBuffer*) 0x08003875   Thumb Code     0  usartclass.o(i._ZN10USARTClassC1EP13USART_TypeDef9IRQn_TypejP10RingBuffer)
    Print::printNumber(unsigned long, unsigned char) 0x08003899   Thumb Code    58  print.o(i._ZN5Print11printNumberEmh)
    Print::setWriteError(int)                0x080038d3   Thumb Code     4  wire.o(i._ZN5Print13setWriteErrorEi)
    Print::print(const __FlashStringHelper*) 0x080038d7   Thumb Code     4  print.o(i._ZN5Print5printEPK19__FlashStringHelper)
    Print::print(const char*)                0x080038db   Thumb Code     4  print.o(i._ZN5Print5printEPKc)
    Print::print(char)                       0x080038df   Thumb Code     6  print.o(i._ZN5Print5printEc)
    Print::print(int, int)                   0x080038e5   Thumb Code     4  print.o(i._ZN5Print5printEii)
    Print::print(unsigned, int)              0x080038e9   Thumb Code     4  print.o(i._ZN5Print5printEji)
    Print::print(long, int)                  0x080038ed   Thumb Code    66  print.o(i._ZN5Print5printEli)
    Print::print(unsigned long, int)         0x0800392f   Thumb Code    16  print.o(i._ZN5Print5printEmi)
    Print::write(const char*)                0x0800393f   Thumb Code    34  print.o(i._ZN5Print5writeEPKc)
    Print::write(const unsigned char*, unsigned) 0x08003961   Thumb Code    40  print.o(i._ZN5Print5writeEPKhj)
    Print::println(const char*)              0x08003989   Thumb Code    20  print.o(i._ZN5Print7printlnEPKc)
    Print::println(char)                     0x0800399d   Thumb Code    20  print.o(i._ZN5Print7printlnEc)
    Print::println(unsigned, int)            0x080039b1   Thumb Code    20  print.o(i._ZN5Print7printlnEji)
    Print::println()                         0x080039c5   Thumb Code    24  print.o(i._ZN5Print7printlnEv)
    I2Cdev::writeBytes(unsigned char, unsigned char, unsigned char, unsigned char*) 0x080039dd   Thumb Code    76  i2cdev.o(i._ZN6I2Cdev10writeBytesEhhhPh)
    I2Cdev::writeWords(unsigned char, unsigned char, unsigned char, unsigned short*) 0x08003a2d   Thumb Code    90  i2cdev.o(i._ZN6I2Cdev10writeWordsEhhhPt)
    I2Cdev::readBits(unsigned char, unsigned char, unsigned char, unsigned char, unsigned char*, unsigned short) 0x08003a8d   Thumb Code    88  i2cdev.o(i._ZN6I2Cdev8readBitsEhhhhPht)
    I2Cdev::readByte(unsigned char, unsigned char, unsigned char*, unsigned short) 0x08003ae5   Thumb Code    26  i2cdev.o(i._ZN6I2Cdev8readByteEhhPht)
    I2Cdev::writeBit(unsigned char, unsigned char, unsigned char, unsigned char) 0x08003b01   Thumb Code    68  i2cdev.o(i._ZN6I2Cdev8writeBitEhhhh)
    I2Cdev::readBytes(unsigned char, unsigned char, unsigned char, unsigned char*, unsigned short) 0x08003b49   Thumb Code   166  i2cdev.o(i._ZN6I2Cdev9readBytesEhhhPht)
    I2Cdev::readWords(unsigned char, unsigned char, unsigned char, unsigned short*, unsigned short) 0x08003bf5   Thumb Code   214  i2cdev.o(i._ZN6I2Cdev9readWordsEhhhPtt)
    I2Cdev::writeBits(unsigned char, unsigned char, unsigned char, unsigned char, unsigned char) 0x08003cd1   Thumb Code    92  i2cdev.o(i._ZN6I2Cdev9writeBitsEhhhhh)
    I2Cdev::writeByte(unsigned char, unsigned char, unsigned char) 0x08003d31   Thumb Code    20  i2cdev.o(i._ZN6I2Cdev9writeByteEhhh)
    I2Cdev::writeWord(unsigned char, unsigned char, unsigned short) 0x08003d45   Thumb Code    20  i2cdev.o(i._ZN6I2Cdev9writeWordEhht)
    Stream::Stream__sub_object()             0x08003d59   Thumb Code    22  wire.o(i._ZN6StreamC2Ev)
    MPU6050::getMotion6(short*, short*, short*, short*, short*, short*) 0x08003d79   Thumb Code   120  mpu6050.o(i._ZN7MPU605010getMotion6EPsS0_S0_S0_S0_S0_)
    MPU6050::initialize()                    0x08003df5   Thumb Code    38  mpu6050.o(i._ZN7MPU605010initializeEv)
    MPU6050::getDeviceID()                   0x08003e1d   Thumb Code    30  mpu6050.o(i._ZN7MPU605011getDeviceIDEv)
    MPU6050::CalibrateGyro(unsigned char)    0x08003e41   Thumb Code   146  mpu6050.o(i._ZN7MPU605013CalibrateGyroEh)
    MPU6050::CalibrateAccel(unsigned char)   0x08003ee5   Thumb Code   100  mpu6050.o(i._ZN7MPU605014CalibrateAccelEh)
    MPU6050::setClockSource(unsigned char)   0x08003f59   Thumb Code    22  mpu6050.o(i._ZN7MPU605014setClockSourceEh)
    MPU6050::setXGyroOffset(short)           0x08003f6f   Thumb Code    18  mpu6050.o(i._ZN7MPU605014setXGyroOffsetEs)
    MPU6050::setYGyroOffset(short)           0x08003f81   Thumb Code    18  mpu6050.o(i._ZN7MPU605014setYGyroOffsetEs)
    MPU6050::setZGyroOffset(short)           0x08003f93   Thumb Code    18  mpu6050.o(i._ZN7MPU605014setZGyroOffsetEs)
    MPU6050::testConnection()                0x08003fa5   Thumb Code    22  mpu6050.o(i._ZN7MPU605014testConnectionEv)
    MPU6050::setSleepEnabled(bool)           0x08003fbb   Thumb Code    20  mpu6050.o(i._ZN7MPU605015setSleepEnabledEb)
    MPU6050::setXAccelOffset(short)          0x08003fcf   Thumb Code    36  mpu6050.o(i._ZN7MPU605015setXAccelOffsetEs)
    MPU6050::setYAccelOffset(short)          0x08003ff3   Thumb Code    36  mpu6050.o(i._ZN7MPU605015setYAccelOffsetEs)
    MPU6050::setZAccelOffset(short)          0x08004017   Thumb Code    36  mpu6050.o(i._ZN7MPU605015setZAccelOffsetEs)
    MPU6050::PrintActiveOffsets()            0x0800403d   Thumb Code   526  mpu6050.o(i._ZN7MPU605018PrintActiveOffsetsEv)
    MPU6050::setFullScaleGyroRange(unsigned char) 0x08004269   Thumb Code    22  mpu6050.o(i._ZN7MPU605021setFullScaleGyroRangeEh)
    MPU6050::setFullScaleAccelRange(unsigned char) 0x0800427f   Thumb Code    22  mpu6050.o(i._ZN7MPU605022setFullScaleAccelRangeEh)
    MPU6050::PID(unsigned char, float, float, unsigned char) 0x08004295   Thumb Code  1210  mpu6050.o(i._ZN7MPU60503PIDEhffh)
    MPU6050::resetDMP()                      0x08004755   Thumb Code    18  mpu6050.o(i._ZN7MPU60508resetDMPEv)
    MPU6050::resetFIFO()                     0x08004767   Thumb Code    18  mpu6050.o(i._ZN7MPU60509resetFIFOEv)
    MPU6050::MPU6050(unsigned char)          0x08004779   Thumb Code     4  mpu6050.o(i._ZN7MPU6050C1Eh)
    MPU6050::MPU6050__sub_object(unsigned char) 0x08004779   Thumb Code     0  mpu6050.o(i._ZN7MPU6050C1Eh)
    TwoWire::requestFrom(unsigned char, unsigned char) 0x0800477d   Thumb Code    22  wire.o(i._ZN7TwoWire11requestFromEhh)
    TwoWire::requestFrom(unsigned char, unsigned char, unsigned char) 0x08004793   Thumb Code    34  wire.o(i._ZN7TwoWire11requestFromEhhh)
    TwoWire::requestFrom(unsigned char, unsigned char, unsigned, unsigned char, unsigned char) 0x080047b5   Thumb Code   158  wire.o(i._ZN7TwoWire11requestFromEhhjhh)
    TwoWire::resetRxBuffer()                 0x08004853   Thumb Code    18  wire.o(i._ZN7TwoWire13resetRxBufferEv)
    TwoWire::resetTxBuffer()                 0x08004865   Thumb Code    18  wire.o(i._ZN7TwoWire13resetTxBufferEv)
    TwoWire::endTransmission(unsigned char)  0x08004877   Thumb Code   108  wire.o(i._ZN7TwoWire15endTransmissionEh)
    TwoWire::endTransmission()               0x080048e3   Thumb Code    14  wire.o(i._ZN7TwoWire15endTransmissionEv)
    TwoWire::allocateRxBuffer(unsigned)      0x080048f1   Thumb Code    44  wire.o(i._ZN7TwoWire16allocateRxBufferEj)
    TwoWire::allocateTxBuffer(unsigned)      0x0800491d   Thumb Code    44  wire.o(i._ZN7TwoWire16allocateTxBufferEj)
    TwoWire::onReceiveService(i2c_s*)        0x08004949   Thumb Code    72  wire.o(i._ZN7TwoWire16onReceiveServiceEP5i2c_s)
    TwoWire::onRequestService(i2c_s*)        0x08004991   Thumb Code    26  wire.o(i._ZN7TwoWire16onRequestServiceEP5i2c_s)
    TwoWire::beginTransmission(unsigned char) 0x080049ab   Thumb Code    18  wire.o(i._ZN7TwoWire17beginTransmissionEh)
    TwoWire::read()                          0x080049bd   Thumb Code    28  wire.o(i._ZN7TwoWire4readEv)
    TwoWire::begin(bool)                     0x080049d9   Thumb Code    82  wire.o(i._ZN7TwoWire5beginEb)
    TwoWire::begin(unsigned char, bool)      0x08004a31   Thumb Code   124  wire.o(i._ZN7TwoWire5beginEhb)
    TwoWire::begin(int, bool)                0x08004ab9   Thumb Code    20  wire.o(i._ZN7TwoWire5beginEib)
    TwoWire::write(const unsigned char*, unsigned) 0x08004acd   Thumb Code    90  wire.o(i._ZN7TwoWire5writeEPKhj)
    TwoWire::write(unsigned char)            0x08004b27   Thumb Code    78  wire.o(i._ZN7TwoWire5writeEh)
    TwoWire::available()                     0x08004b75   Thumb Code    10  wire.o(i._ZN7TwoWire9availableEv)
    TwoWire::TwoWire()                       0x08004b81   Thumb Code    20  wire.o(i._ZN7TwoWireC1Ev)
    TwoWire::TwoWire__sub_object()           0x08004b81   Thumb Code     0  wire.o(i._ZN7TwoWireC1Ev)
    SPIClass::SPIClass(SPI_TypeDef*, void(*)()) 0x08004b99   Thumb Code    22  sys.o(i._ZN8SPIClassC1EP11SPI_TypeDefPFYvvE)
    SPIClass::SPIClass__sub_object(SPI_TypeDef*, void(*)()) 0x08004b99   Thumb Code     0  sys.o(i._ZN8SPIClassC1EP11SPI_TypeDefPFYvvE)
    String::StringIfHelper() const           0x08004baf   Thumb Code     2  i2cdev.o(i._ZNK6String14StringIfHelperEv)
    __0sprintf                               0x08004bb1   Thumb Code    34  printfa.o(i.__0sprintf)
    __1sprintf                               0x08004bb1   Thumb Code     0  printfa.o(i.__0sprintf)
    __2sprintf                               0x08004bb1   Thumb Code     0  printfa.o(i.__0sprintf)
    __c89sprintf                             0x08004bb1   Thumb Code     0  printfa.o(i.__0sprintf)
    sprintf                                  0x08004bb1   Thumb Code     0  printfa.o(i.__0sprintf)
    __cxa_pure_virtual                       0x08004bd9   Thumb Code     6  pure_virt.o(i.__cxa_pure_virtual)
    free                                     0x08004be1   Thumb Code    88  mallocr.o(i.__free$realloc)
    malloc                                   0x08004c3d   Thumb Code    64  mallocr.o(i.__malloc$realloc)
    __scatterload_copy                       0x08004c8d   Thumb Code    14  handlers.o(i.__scatterload_copy)
    __scatterload_null                       0x08004c9b   Thumb Code     2  handlers.o(i.__scatterload_null)
    __scatterload_zeroinit                   0x08004c9d   Thumb Code    14  handlers.o(i.__scatterload_zeroinit)
    delay                                    0x08005665   Thumb Code    36  sys.o(i.delay)
    delayMicroseconds                        0x08005689   Thumb Code    34  sys.o(i.delayMicroseconds)
    digitalWrite                             0x080056b1   Thumb Code    32  sys.o(i.digitalWrite)
    dtostrf                                  0x080056d5   Thumb Code    36  sys.o(i.dtostrf)
    get_i2c_obj                              0x08005705   Thumb Code     8  twi.o(i.get_i2c_obj)
    i2c_IsDeviceReady                        0x0800570d   Thumb Code   102  twi.o(i.i2c_IsDeviceReady)
    i2c_attachSlaveRxEvent                   0x08005773   Thumb Code    20  twi.o(i.i2c_attachSlaveRxEvent)
    i2c_attachSlaveTxEvent                   0x08005787   Thumb Code    20  twi.o(i.i2c_attachSlaveTxEvent)
    i2c_custom_init                          0x0800579d   Thumb Code   512  twi.o(i.i2c_custom_init)
    i2c_master_read                          0x080059b9   Thumb Code   136  twi.o(i.i2c_master_read)
    i2c_master_write                         0x08005a41   Thumb Code   154  twi.o(i.i2c_master_write)
    i2c_slave_write_IT                       0x08005adb   Thumb Code    44  twi.o(i.i2c_slave_write_IT)
    main                                     0x08005b59   Thumb Code   138  main.o(i.main)
    map                                      0x08005c1d   Thumb Code    20  sys.o(i.map)
    millis                                   0x08005c31   Thumb Code     4  sys.o(i.millis)
    pinMode                                  0x08005c35   Thumb Code   308  sys.o(i.pinMode)
    realloc                                  0x08005d7d   Thumb Code   102  mallocr.o(i.realloc)
    g_APinDescription                        0x08005de8   Data        2268  pinmap.o(.constdata)
    AHBPrescTable                            0x080066c4   Data          16  system_stm32f1xx.o(.constdata)
    APBPrescTable                            0x080066d4   Data           8  system_stm32f1xx.o(.constdata)
    vtable for USARTClass                    0x080066dc   Data          32  usartclass.o(.constdata__ZTV10USARTClass)
    vtable for Print                         0x080066fc   Data          16  print.o(.constdata__ZTV5Print)
    vtable for Stream                        0x0800670c   Data          32  wire.o(.constdata__ZTV6Stream)
    vtable for TwoWire                       0x0800672c   Data          32  wire.o(.constdata__ZTV7TwoWire)
    Region$$Table$$Base                      0x080067fc   Number         0  anon$$obj.o(Region$$Table)
    Region$$Table$$Limit                     0x0800681c   Number         0  anon$$obj.o(Region$$Table)
    SHT$$INIT_ARRAY$$Base                    0x0800681c   Number         0  wire.o(.init_array)
    SHT$$INIT_ARRAY$$Limit                   0x08006828   Number         0  cpp_init.o(.init_array)
    I2Cdev::readTimeout                      0x20000018   Data           2  i2cdev.o(.data)
    LinesOut                                 0x20000054   Data           4  main.o(.data)
    N                                        0x20000058   Data           4  main.o(.data)
    DS3231                                   0x2000005c   Data           7  main.o(.data)
    sec                                      0x20000063   Data           1  main.o(.data)
    SystemCoreClock                          0x20000064   Data           4  system_stm32f1xx.o(.data)
    uwTickFreq                               0x20000068   Data           1  stm32f1xx_hal.o(.data)
    uwTickPrio                               0x2000006c   Data           4  stm32f1xx_hal.o(.data)
    uwTick                                   0x20000070   Data           4  stm32f1xx_hal.o(.data)
    __microlib_freelist                      0x20000074   Data           4  mvars.o(.data)
    __microlib_freelist_initialised          0x20000078   Data           4  mvars.o(.data)
    Wire                                     0x2000008c   Data         188  wire.o(.bss)
    accelgyro                                0x20000158   Data          15  main.o(.bss)
    LowValue                                 0x20000168   Data          24  main.o(.bss)
    HighValue                                0x20000180   Data          24  main.o(.bss)
    Smoothed                                 0x20000198   Data          24  main.o(.bss)
    LowOffset                                0x200001b0   Data          24  main.o(.bss)
    HighOffset                               0x200001c8   Data          24  main.o(.bss)
    Target                                   0x200001e0   Data          24  main.o(.bss)
    buff                                     0x200001f8   Data         100  main.o(.bss)
    rx_buffer1                               0x200002c4   Data          72  sys.o(.bss)
    rx_buffer2                               0x2000030c   Data          72  sys.o(.bss)
    rx_buffer3                               0x20000354   Data          72  sys.o(.bss)
    rx_buffer4                               0x2000039c   Data          72  sys.o(.bss)
    rx_buffer5                               0x200003e4   Data          72  sys.o(.bss)
    rx_buffer6                               0x2000042c   Data          72  sys.o(.bss)
    Serial                                   0x20000474   Data         112  sys.o(.bss)
    Serial1                                  0x200004e4   Data         112  sys.o(.bss)
    Serial2                                  0x20000554   Data         112  sys.o(.bss)
    Serial3                                  0x200005c4   Data         112  sys.o(.bss)
    Serial4                                  0x20000634   Data         112  sys.o(.bss)
    Serial5                                  0x200006a4   Data         112  sys.o(.bss)
    SPIx                                     0x20000714   Data          92  sys.o(.bss)
    SPI                                      0x20000770   Data          92  sys.o(.bss)
    SPI_3                                    0x200007cc   Data          92  sys.o(.bss)
    htim2                                    0x20000868   Data          64  sys.o(.bss)
    __heap_base                              0x200008e8   Data           0  startup_stm32f103xg.o(HEAP)
    __heap_limit                             0x20001de8   Data           0  startup_stm32f103xg.o(HEAP)
    __initial_sp                             0x200023e8   Data           0  startup_stm32f103xg.o(STACK)



==============================================================================

Memory Map of the image

  Image Entry point : 0x08000131

  Load Region LR_IROM1 (Base: 0x08000000, Size: 0x000068a4, Max: 0x00010000, ABSOLUTE)

    Execution Region ER_IROM1 (Base: 0x08000000, Size: 0x00006828, Max: 0x00010000, ABSOLUTE)

    Base Addr    Size         Type   Attr      Idx    E Section Name        Object

    0x08000000   0x00000130   Data   RO            3    RESET               startup_stm32f103xg.o
    0x08000130   0x00000000   Code   RO         8550  * .ARM.Collect$$$$00000000  mc_w.l(entry.o)
    0x08000130   0x00000004   Code   RO         8961    .ARM.Collect$$$$00000001  mc_w.l(entry2.o)
    0x08000134   0x00000004   Code   RO         8964    .ARM.Collect$$$$00000004  mc_w.l(entry5.o)
    0x08000138   0x00000000   Code   RO         8966    .ARM.Collect$$$$00000008  mc_w.l(entry7b.o)
    0x08000138   0x00000004   Code   RO         8967    .ARM.Collect$$$$00000009  mc_w.l(entry8a.o)
    0x0800013c   0x00000000   Code   RO         8968    .ARM.Collect$$$$0000000A  mc_w.l(entry8b.o)
    0x0800013c   0x00000008   Code   RO         8969    .ARM.Collect$$$$0000000B  mc_w.l(entry9a.o)
    0x08000144   0x00000000   Code   RO         8971    .ARM.Collect$$$$0000000D  mc_w.l(entry10a.o)
    0x08000144   0x00000000   Code   RO         8973    .ARM.Collect$$$$0000000F  mc_w.l(entry11a.o)
    0x08000144   0x00000004   Code   RO         8962    .ARM.Collect$$$$00002712  mc_w.l(entry2.o)
    0x08000148   0x00000024   Code   RO            4    .text               startup_stm32f103xg.o
    0x0800016c   0x00000040   Code   RO         8590    .text               mc_w.l(memmovea.o)
    0x080001ac   0x00000024   Code   RO         8592    .text               mc_w.l(memseta.o)
    0x080001d0   0x0000000e   Code   RO         8600    .text               mc_w.l(strlen.o)
    0x080001de   0x00000002   PAD
    0x080001e0   0x00000020   Code   RO         8910    .text               mc_w.l(cpp_init.o)
    0x08000200   0x000000b0   Code   RO         8912    .text               mf_w.l(fadd.o)
    0x080002b0   0x00000064   Code   RO         8914    .text               mf_w.l(fmul.o)
    0x08000314   0x0000007c   Code   RO         8916    .text               mf_w.l(fdiv.o)
    0x08000390   0x0000014e   Code   RO         8918    .text               mf_w.l(dadd.o)
    0x080004de   0x000000e4   Code   RO         8920    .text               mf_w.l(dmul.o)
    0x080005c2   0x000000de   Code   RO         8922    .text               mf_w.l(ddiv.o)
    0x080006a0   0x00000012   Code   RO         8924    .text               mf_w.l(fflti.o)
    0x080006b2   0x0000000a   Code   RO         8926    .text               mf_w.l(ffltui.o)
    0x080006bc   0x00000022   Code   RO         8928    .text               mf_w.l(dflti.o)
    0x080006de   0x0000001a   Code   RO         8930    .text               mf_w.l(dfltui.o)
    0x080006f8   0x00000028   Code   RO         8932    .text               mf_w.l(ffixui.o)
    0x08000720   0x0000003e   Code   RO         8934    .text               mf_w.l(dfixi.o)
    0x0800075e   0x00000026   Code   RO         8938    .text               mf_w.l(f2d.o)
    0x08000784   0x00000030   Code   RO         8940    .text               mf_w.l(cdcmple.o)
    0x080007b4   0x00000030   Code   RO         8942    .text               mf_w.l(cdrcmple.o)
    0x080007e4   0x00000038   Code   RO         8944    .text               mf_w.l(d2f.o)
    0x0800081c   0x00000014   Code   RO         8946    .text               mf_w.l(cfrcmple.o)
    0x08000830   0x0000002c   Code   RO         8978    .text               mc_w.l(uidiv.o)
    0x0800085c   0x00000062   Code   RO         8980    .text               mc_w.l(uldiv.o)
    0x080008be   0x0000001e   Code   RO         8982    .text               mc_w.l(llshl.o)
    0x080008dc   0x00000020   Code   RO         8984    .text               mc_w.l(llushr.o)
    0x080008fc   0x00000024   Code   RO         8986    .text               mc_w.l(llsshr.o)
    0x08000920   0x00000000   Code   RO         9001    .text               mc_w.l(iusefp.o)
    0x08000920   0x00000002   Code   RO         9002    .text               mc_w.l(cpp_signal.o)
    0x08000922   0x0000006e   Code   RO         9004    .text               mf_w.l(fepilogue.o)
    0x08000990   0x000000ba   Code   RO         9006    .text               mf_w.l(depilogue.o)
    0x08000a4a   0x00000030   Code   RO         9008    .text               mf_w.l(dfixul.o)
    0x08000a7a   0x00000002   PAD
    0x08000a7c   0x00000024   Code   RO         9023    .text               mc_w.l(init.o)
    0x08000aa0   0x00000004   Code   RO         2760    i.BusFault_Handler  stm32f1xx_it.o
    0x08000aa4   0x00000014   Code   RO         4271    i.DMA1_Channel1_IRQHandler  F1Cpp.lib(sys.o)
    0x08000ab8   0x00000014   Code   RO         4272    i.DMA1_Channel2_IRQHandler  F1Cpp.lib(sys.o)
    0x08000acc   0x00000014   Code   RO         4273    i.DMA1_Channel3_IRQHandler  F1Cpp.lib(sys.o)
    0x08000ae0   0x00000014   Code   RO         4274    i.DMA1_Channel4_IRQHandler  F1Cpp.lib(sys.o)
    0x08000af4   0x00000014   Code   RO         4275    i.DMA1_Channel5_IRQHandler  F1Cpp.lib(sys.o)
    0x08000b08   0x00000014   Code   RO         4276    i.DMA1_Channel6_IRQHandler  F1Cpp.lib(sys.o)
    0x08000b1c   0x00000014   Code   RO         4277    i.DMA1_Channel7_IRQHandler  F1Cpp.lib(sys.o)
    0x08000b30   0x00000018   Code   RO         4278    i.DMA2_Channel1_IRQHandler  F1Cpp.lib(sys.o)
    0x08000b48   0x00000018   Code   RO         4279    i.DMA2_Channel2_IRQHandler  F1Cpp.lib(sys.o)
    0x08000b60   0x00000018   Code   RO         4280    i.DMA2_Channel3_IRQHandler  F1Cpp.lib(sys.o)
    0x08000b78   0x00000018   Code   RO         4281    i.DMA2_Channel4_5_IRQHandler  F1Cpp.lib(sys.o)
    0x08000b90   0x00000004   Code   RO         2761    i.DebugMon_Handler  stm32f1xx_it.o
    0x08000b94   0x0000002c   Code   RO         4283    i.EXTI0_IRQHandler  F1Cpp.lib(sys.o)
    0x08000bc0   0x00000098   Code   RO         4284    i.EXTI15_10_IRQHandler  F1Cpp.lib(sys.o)
    0x08000c58   0x0000002c   Code   RO         4285    i.EXTI1_IRQHandler  F1Cpp.lib(sys.o)
    0x08000c84   0x0000002c   Code   RO         4286    i.EXTI2_IRQHandler  F1Cpp.lib(sys.o)
    0x08000cb0   0x0000002c   Code   RO         4287    i.EXTI3_IRQHandler  F1Cpp.lib(sys.o)
    0x08000cdc   0x0000002c   Code   RO         4288    i.EXTI4_IRQHandler  F1Cpp.lib(sys.o)
    0x08000d08   0x00000080   Code   RO         4289    i.EXTI9_5_IRQHandler  F1Cpp.lib(sys.o)
    0x08000d88   0x00000004   Code   RO         2830    i.Error_Handler     main.o
    0x08000d8c   0x00000130   Code   RO         6359    i.HAL_DMA_Abort_IT  F1Cpp.lib(stm32f1xx_hal_dma.o)
    0x08000ebc   0x00000006   Code   RO         6362    i.HAL_DMA_GetState  F1Cpp.lib(stm32f1xx_hal_dma.o)
    0x08000ec2   0x00000002   Code   RO         3549    i.HAL_GPIO_EXTI_Callback  F1Cpp.lib(stm32f1xx_hal_gpio.o)
    0x08000ec4   0x000001f8   Code   RO         3551    i.HAL_GPIO_Init     F1Cpp.lib(stm32f1xx_hal_gpio.o)
    0x080010bc   0x0000000c   Code   RO         3202    i.HAL_GetTick       F1Cpp.lib(stm32f1xx_hal.o)
    0x080010c8   0x00000002   Code   RO         3622    i.HAL_I2C_AbortCpltCallback  F1Cpp.lib(stm32f1xx_hal_i2c.o)
    0x080010ca   0x0000005c   Code   RO         2463    i.HAL_I2C_AddrCallback  twi.o
    0x08001126   0x000000c4   Code   RO         3626    i.HAL_I2C_ER_IRQHandler  F1Cpp.lib(stm32f1xx_hal_i2c.o)
    0x080011ea   0x0000025a   Code   RO         3627    i.HAL_I2C_EV_IRQHandler  F1Cpp.lib(stm32f1xx_hal_i2c.o)
    0x08001444   0x0000003a   Code   RO         3628    i.HAL_I2C_EnableListen_IT  F1Cpp.lib(stm32f1xx_hal_i2c.o)
    0x0800147e   0x0000001a   Code   RO         2464    i.HAL_I2C_ErrorCallback  twi.o
    0x08001498   0x00000004   Code   RO         3630    i.HAL_I2C_GetError  F1Cpp.lib(stm32f1xx_hal_i2c.o)
    0x0800149c   0x00000006   Code   RO         3632    i.HAL_I2C_GetState  F1Cpp.lib(stm32f1xx_hal_i2c.o)
    0x080014a2   0x00000002   PAD
    0x080014a4   0x00000174   Code   RO         3633    i.HAL_I2C_Init      F1Cpp.lib(stm32f1xx_hal_i2c.o)
    0x08001618   0x00000158   Code   RO         3634    i.HAL_I2C_IsDeviceReady  F1Cpp.lib(stm32f1xx_hal_i2c.o)
    0x08001770   0x00000030   Code   RO         2465    i.HAL_I2C_ListenCpltCallback  twi.o
    0x080017a0   0x00000002   Code   RO         3636    i.HAL_I2C_MasterRxCpltCallback  F1Cpp.lib(stm32f1xx_hal_i2c.o)
    0x080017a2   0x00000002   Code   RO         3637    i.HAL_I2C_MasterTxCpltCallback  F1Cpp.lib(stm32f1xx_hal_i2c.o)
    0x080017a4   0x00000158   Code   RO         3643    i.HAL_I2C_Master_Seq_Receive_IT  F1Cpp.lib(stm32f1xx_hal_i2c.o)
    0x080018fc   0x00000110   Code   RO         3645    i.HAL_I2C_Master_Seq_Transmit_IT  F1Cpp.lib(stm32f1xx_hal_i2c.o)
    0x08001a0c   0x00000002   Code   RO         3649    i.HAL_I2C_MemRxCpltCallback  F1Cpp.lib(stm32f1xx_hal_i2c.o)
    0x08001a0e   0x00000002   Code   RO         3650    i.HAL_I2C_MemTxCpltCallback  F1Cpp.lib(stm32f1xx_hal_i2c.o)
    0x08001a10   0x00000002   Code   RO         3658    i.HAL_I2C_MspInit   F1Cpp.lib(stm32f1xx_hal_i2c.o)
    0x08001a12   0x00000034   Code   RO         2466    i.HAL_I2C_SlaveRxCpltCallback  twi.o
    0x08001a46   0x00000014   Code   RO         2467    i.HAL_I2C_SlaveTxCpltCallback  twi.o
    0x08001a5a   0x00000074   Code   RO         3665    i.HAL_I2C_Slave_Seq_Receive_IT  F1Cpp.lib(stm32f1xx_hal_i2c.o)
    0x08001ace   0x00000074   Code   RO         3667    i.HAL_I2C_Slave_Seq_Transmit_IT  F1Cpp.lib(stm32f1xx_hal_i2c.o)
    0x08001b42   0x00000002   PAD
    0x08001b44   0x00000010   Code   RO         3208    i.HAL_IncTick       F1Cpp.lib(stm32f1xx_hal.o)
    0x08001b54   0x00000024   Code   RO         3209    i.HAL_Init          F1Cpp.lib(stm32f1xx_hal.o)
    0x08001b78   0x00000040   Code   RO         3210    i.HAL_InitTick      F1Cpp.lib(stm32f1xx_hal.o)
    0x08001bb8   0x00000060   Code   RO         2636    i.HAL_MspInit       stm32f1xx_hal_msp.o
    0x08001c18   0x00000016   Code   RO         3397    i.HAL_NVIC_ClearPendingIRQ  F1Cpp.lib(stm32f1xx_hal_cortex.o)
    0x08001c2e   0x00000016   Code   RO         3398    i.HAL_NVIC_DisableIRQ  F1Cpp.lib(stm32f1xx_hal_cortex.o)
    0x08001c44   0x00000016   Code   RO         3399    i.HAL_NVIC_EnableIRQ  F1Cpp.lib(stm32f1xx_hal_cortex.o)
    0x08001c5a   0x00000002   PAD
    0x08001c5c   0x00000040   Code   RO         3405    i.HAL_NVIC_SetPriority  F1Cpp.lib(stm32f1xx_hal_cortex.o)
    0x08001c9c   0x00000024   Code   RO         3406    i.HAL_NVIC_SetPriorityGrouping  F1Cpp.lib(stm32f1xx_hal_cortex.o)
    0x08001cc0   0x000000ec   Code   RO         4233    i.HAL_RCCEx_PeriphCLKConfig  F1Cpp.lib(stm32f1xx_hal_rcc_ex.o)
    0x08001dac   0x0000012c   Code   RO         4116    i.HAL_RCC_ClockConfig  F1Cpp.lib(stm32f1xx_hal_rcc.o)
    0x08001ed8   0x00000020   Code   RO         4123    i.HAL_RCC_GetPCLK1Freq  F1Cpp.lib(stm32f1xx_hal_rcc.o)
    0x08001ef8   0x00000020   Code   RO         4124    i.HAL_RCC_GetPCLK2Freq  F1Cpp.lib(stm32f1xx_hal_rcc.o)
    0x08001f18   0x0000006c   Code   RO         4125    i.HAL_RCC_GetSysClockFreq  F1Cpp.lib(stm32f1xx_hal_rcc.o)
    0x08001f84   0x00000320   Code   RO         4128    i.HAL_RCC_OscConfig  F1Cpp.lib(stm32f1xx_hal_rcc.o)
    0x080022a4   0x00000002   Code   RO         2831    i.HAL_SYSTICK_Callback  main.o
    0x080022a6   0x00000028   Code   RO         3410    i.HAL_SYSTICK_Config  F1Cpp.lib(stm32f1xx_hal_cortex.o)
    0x080022ce   0x00000008   Code   RO         3411    i.HAL_SYSTICK_IRQHandler  F1Cpp.lib(stm32f1xx_hal_cortex.o)
    0x080022d6   0x00000062   Code   RO         7947    i.HAL_UART_Init     F1Cpp.lib(stm32f1xx_hal_uart.o)
    0x08002338   0x00000002   Code   RO         7949    i.HAL_UART_MspInit  F1Cpp.lib(stm32f1xx_hal_uart.o)
    0x0800233a   0x00000004   Code   RO         2762    i.HardFault_Handler  stm32f1xx_it.o
    0x0800233e   0x00000002   PAD
    0x08002340   0x00000014   Code   RO         2468    i.I2C1_ER_IRQHandler  twi.o
    0x08002354   0x00000014   Code   RO         2469    i.I2C1_EV_IRQHandler  twi.o
    0x08002368   0x00000014   Code   RO         2470    i.I2C2_ER_IRQHandler  twi.o
    0x0800237c   0x00000014   Code   RO         2471    i.I2C2_EV_IRQHandler  twi.o
    0x08002390   0x00000004   Code   RO         2763    i.MemManage_Handler  stm32f1xx_it.o
    0x08002394   0x00000002   Code   RO         2764    i.NMI_Handler       stm32f1xx_it.o
    0x08002396   0x0000000c   Code   RO         2765    i.SysTick_Handler   stm32f1xx_it.o
    0x080023a2   0x0000008a   Code   RO         2832    i.SystemClock_Config  main.o
    0x0800242c   0x00000048   Code   RO         3000    i.SystemInit        F1Cpp.lib(system_stm32f1xx.o)
    0x08002474   0x0000000c   Code   RO         4298    i.UART4_IRQHandler  F1Cpp.lib(sys.o)
    0x08002480   0x0000000c   Code   RO         4299    i.UART5_IRQHandler  F1Cpp.lib(sys.o)
    0x0800248c   0x00000018   Code   RO         4300    i.USART1_IRQHandler  F1Cpp.lib(sys.o)
    0x080024a4   0x0000000c   Code   RO         4301    i.USART2_IRQHandler  F1Cpp.lib(sys.o)
    0x080024b0   0x0000000c   Code   RO         4302    i.USART3_IRQHandler  F1Cpp.lib(sys.o)
    0x080024bc   0x00000004   Code   RO         2766    i.UsageFault_Handler  stm32f1xx_it.o
    0x080024c0   0x00000208   Code   RO         2833    i._Z10Initializev   main.o
    0x080026c8   0x00000054   Code   RO         4303    i._Z10SPI_1_Initv   F1Cpp.lib(sys.o)
    0x0800271c   0x00000054   Code   RO         4304    i._Z10SPI_2_Initv   F1Cpp.lib(sys.o)
    0x08002770   0x00000044   Code   RO         4305    i._Z10SPI_3_Initv   F1Cpp.lib(sys.o)
    0x080027b4   0x00000048   Code   RO         2834    i._Z10SetOffsetsPi  main.o
    0x080027fc   0x0000000c   Code   RO         2836    i._Z11ForceHeaderv  main.o
    0x08002808   0x000000b8   Code   RO         2837    i._Z11GetSmoothedv  main.o
    0x080028c0   0x00000140   Code   RO         3671    i._Z11I2C_ITErrorP19__I2C_HandleTypeDef  F1Cpp.lib(stm32f1xx_hal_i2c.o)
    0x08002a00   0x0000007e   Code   RO         3672    i._Z12I2C_DMAAbortP19__DMA_HandleTypeDef  F1Cpp.lib(stm32f1xx_hal_i2c.o)
    0x08002a7e   0x00000002   PAD
    0x08002a80   0x00000084   Code   RO         3674    i._Z12I2C_Slave_AFP19__I2C_HandleTypeDef  F1Cpp.lib(stm32f1xx_hal_i2c.o)
    0x08002b04   0x00000050   Code   RO         2838    i._Z12SetAveragingi  main.o
    0x08002b54   0x000000fc   Code   RO         2839    i._Z12ShowProgressv  main.o
    0x08002c50   0x0000008e   Code   RO         3675    i._Z13I2C_Master_SBP19__I2C_HandleTypeDef  F1Cpp.lib(stm32f1xx_hal_i2c.o)
    0x08002cde   0x00000002   PAD
    0x08002ce0   0x00000038   Code   RO         2472    i._Z13i2c_getTimingP5i2c_sj  twi.o
    0x08002d18   0x0000011c   Code   RO         2840    i._Z14PullBracketsInv  main.o
    0x08002e34   0x000000b8   Code   RO         7961    i._Z14UART_SetConfigP20__UART_HandleTypeDef  F1Cpp.lib(stm32f1xx_hal_uart.o)
    0x08002eec   0x00000158   Code   RO         3677    i._Z15I2C_Master_ADDRP19__I2C_HandleTypeDef  F1Cpp.lib(stm32f1xx_hal_i2c.o)
    0x08003044   0x0000015c   Code   RO         3678    i._Z15I2C_Slave_STOPFP19__I2C_HandleTypeDef  F1Cpp.lib(stm32f1xx_hal_i2c.o)
    0x080031a0   0x00000108   Code   RO         2841    i._Z15PullBracketsOutv  main.o
    0x080032a8   0x00000020   Code   RO         3412    i._Z16NVIC_SetPriority9IRQn_Typej  F1Cpp.lib(stm32f1xx_hal_cortex.o)
    0x080032c8   0x000000d2   Code   RO         3679    i._Z21I2C_MasterReceive_BTFP19__I2C_HandleTypeDef  F1Cpp.lib(stm32f1xx_hal_i2c.o)
    0x0800339a   0x00000092   Code   RO         3682    i._Z22I2C_MasterReceive_RXNEP19__I2C_HandleTypeDef  F1Cpp.lib(stm32f1xx_hal_i2c.o)
    0x0800342c   0x00000082   Code   RO         3684    i._Z22I2C_MasterTransmit_BTFP19__I2C_HandleTypeDef  F1Cpp.lib(stm32f1xx_hal_i2c.o)
    0x080034ae   0x00000002   PAD
    0x080034b0   0x00000104   Code   RO         3685    i._Z22I2C_MasterTransmit_TXEP19__I2C_HandleTypeDef  F1Cpp.lib(stm32f1xx_hal_i2c.o)
    0x080035b4   0x00000030   Code   RO         5652    i._Z23USART_INT_ClearAllFlagsP13USART_TypeDef9IRQn_Type  F1Cpp.lib(usartclass.o)
    0x080035e4   0x00000068   Code   RO         3688    i._Z26I2C_WaitOnFlagUntilTimeoutP19__I2C_HandleTypeDefj10FlagStatusjj  F1Cpp.lib(stm32f1xx_hal_i2c.o)
    0x0800364c   0x00000016   Code   RO         8299    i._ZN10RingBuffer10store_charEh  F1Cpp.lib(ringbuffer.o)
    0x08003662   0x00000014   Code   RO         8300    i._ZN10RingBufferC1Ev  F1Cpp.lib(ringbuffer.o)
    0x08003676   0x00000024   Code   RO         5654    i._ZN10USARTClass10IrqHandlerEv  F1Cpp.lib(usartclass.o)
    0x0800369a   0x00000002   PAD
    0x0800369c   0x000001c0   Code   RO         5658    i._ZN10USARTClass5beginEj  F1Cpp.lib(usartclass.o)
    0x0800385c   0x00000016   Code   RO         5660    i._ZN10USARTClass5writeEh  F1Cpp.lib(usartclass.o)
    0x08003872   0x00000002   PAD
    0x08003874   0x00000024   Code   RO         5665    i._ZN10USARTClassC1EP13USART_TypeDef9IRQn_TypejP10RingBuffer  F1Cpp.lib(usartclass.o)
    0x08003898   0x0000003a   Code   RO         5935    i._ZN5Print11printNumberEmh  F1Cpp.lib(print.o)
    0x080038d2   0x00000004   Code   RO         2268    i._ZN5Print13setWriteErrorEi  wire.o
    0x080038d6   0x00000004   Code   RO         5936    i._ZN5Print5printEPK19__FlashStringHelper  F1Cpp.lib(print.o)
    0x080038da   0x00000004   Code   RO         5937    i._ZN5Print5printEPKc  F1Cpp.lib(print.o)
    0x080038de   0x00000006   Code   RO         5940    i._ZN5Print5printEc  F1Cpp.lib(print.o)
    0x080038e4   0x00000004   Code   RO         5943    i._ZN5Print5printEii  F1Cpp.lib(print.o)
    0x080038e8   0x00000004   Code   RO         5944    i._ZN5Print5printEji  F1Cpp.lib(print.o)
    0x080038ec   0x00000042   Code   RO         5945    i._ZN5Print5printEli  F1Cpp.lib(print.o)
    0x0800392e   0x00000010   Code   RO         5946    i._ZN5Print5printEmi  F1Cpp.lib(print.o)
    0x0800393e   0x00000022   Code   RO         6110    i._ZN5Print5writeEPKc  F1Cpp.lib(print.o)
    0x08003960   0x00000028   Code   RO         5947    i._ZN5Print5writeEPKhj  F1Cpp.lib(print.o)
    0x08003988   0x00000014   Code   RO         5949    i._ZN5Print7printlnEPKc  F1Cpp.lib(print.o)
    0x0800399c   0x00000014   Code   RO         5952    i._ZN5Print7printlnEc  F1Cpp.lib(print.o)
    0x080039b0   0x00000014   Code   RO         5956    i._ZN5Print7printlnEji  F1Cpp.lib(print.o)
    0x080039c4   0x00000018   Code   RO         5959    i._ZN5Print7printlnEv  F1Cpp.lib(print.o)
    0x080039dc   0x00000050   Code   RO          212    i._ZN6I2Cdev10writeBytesEhhhPh  i2cdev.o
    0x08003a2c   0x00000060   Code   RO          213    i._ZN6I2Cdev10writeWordsEhhhPt  i2cdev.o
    0x08003a8c   0x00000058   Code   RO          216    i._ZN6I2Cdev8readBitsEhhhhPht  i2cdev.o
    0x08003ae4   0x0000001a   Code   RO          217    i._ZN6I2Cdev8readByteEhhPht  i2cdev.o
    0x08003afe   0x00000002   PAD
    0x08003b00   0x00000048   Code   RO          219    i._ZN6I2Cdev8writeBitEhhhh  i2cdev.o
    0x08003b48   0x000000ac   Code   RO          221    i._ZN6I2Cdev9readBytesEhhhPht  i2cdev.o
    0x08003bf4   0x000000dc   Code   RO          222    i._ZN6I2Cdev9readWordsEhhhPtt  i2cdev.o
    0x08003cd0   0x00000060   Code   RO          224    i._ZN6I2Cdev9writeBitsEhhhhh  i2cdev.o
    0x08003d30   0x00000014   Code   RO          225    i._ZN6I2Cdev9writeByteEhhh  i2cdev.o
    0x08003d44   0x00000014   Code   RO          226    i._ZN6I2Cdev9writeWordEhht  i2cdev.o
    0x08003d58   0x00000020   Code   RO         2256    i._ZN6StreamC2Ev    wire.o
    0x08003d78   0x0000007c   Code   RO          398    i._ZN7MPU605010getMotion6EPsS0_S0_S0_S0_S0_  mpu6050.o
    0x08003df4   0x00000026   Code   RO          400    i._ZN7MPU605010initializeEv  mpu6050.o
    0x08003e1a   0x00000002   PAD
    0x08003e1c   0x00000024   Code   RO          403    i._ZN7MPU605011getDeviceIDEv  mpu6050.o
    0x08003e40   0x000000a4   Code   RO          423    i._ZN7MPU605013CalibrateGyroEh  mpu6050.o
    0x08003ee4   0x00000074   Code   RO          438    i._ZN7MPU605014CalibrateAccelEh  mpu6050.o
    0x08003f58   0x00000016   Code   RO          447    i._ZN7MPU605014setClockSourceEh  mpu6050.o
    0x08003f6e   0x00000012   Code   RO          449    i._ZN7MPU605014setXGyroOffsetEs  mpu6050.o
    0x08003f80   0x00000012   Code   RO          450    i._ZN7MPU605014setYGyroOffsetEs  mpu6050.o
    0x08003f92   0x00000012   Code   RO          451    i._ZN7MPU605014setZGyroOffsetEs  mpu6050.o
    0x08003fa4   0x00000016   Code   RO          452    i._ZN7MPU605014testConnectionEv  mpu6050.o
    0x08003fba   0x00000014   Code   RO          468    i._ZN7MPU605015setSleepEnabledEb  mpu6050.o
    0x08003fce   0x00000024   Code   RO          469    i._ZN7MPU605015setXAccelOffsetEs  mpu6050.o
    0x08003ff2   0x00000024   Code   RO          470    i._ZN7MPU605015setYAccelOffsetEs  mpu6050.o
    0x08004016   0x00000024   Code   RO          471    i._ZN7MPU605015setZAccelOffsetEs  mpu6050.o
    0x0800403a   0x00000002   PAD
    0x0800403c   0x0000022c   Code   RO          518    i._ZN7MPU605018PrintActiveOffsetsEv  mpu6050.o
    0x08004268   0x00000016   Code   RO          588    i._ZN7MPU605021setFullScaleGyroRangeEh  mpu6050.o
    0x0800427e   0x00000016   Code   RO          605    i._ZN7MPU605022setFullScaleAccelRangeEh  mpu6050.o
    0x08004294   0x000004c0   Code   RO          663    i._ZN7MPU60503PIDEhffh  mpu6050.o
    0x08004754   0x00000012   Code   RO          667    i._ZN7MPU60508resetDMPEv  mpu6050.o
    0x08004766   0x00000012   Code   RO          668    i._ZN7MPU60509resetFIFOEv  mpu6050.o
    0x08004778   0x00000004   Code   RO          669    i._ZN7MPU6050C1Eh   mpu6050.o
    0x0800477c   0x00000016   Code   RO         2065    i._ZN7TwoWire11requestFromEhh  wire.o
    0x08004792   0x00000022   Code   RO         2066    i._ZN7TwoWire11requestFromEhhh  wire.o
    0x080047b4   0x0000009e   Code   RO         2067    i._ZN7TwoWire11requestFromEhhjhh  wire.o
    0x08004852   0x00000012   Code   RO         2274    i._ZN7TwoWire13resetRxBufferEv  wire.o
    0x08004864   0x00000012   Code   RO         2280    i._ZN7TwoWire13resetTxBufferEv  wire.o
    0x08004876   0x0000006c   Code   RO         2070    i._ZN7TwoWire15endTransmissionEh  wire.o
    0x080048e2   0x0000000e   Code   RO         2071    i._ZN7TwoWire15endTransmissionEv  wire.o
    0x080048f0   0x0000002c   Code   RO         2072    i._ZN7TwoWire16allocateRxBufferEj  wire.o
    0x0800491c   0x0000002c   Code   RO         2262    i._ZN7TwoWire16allocateTxBufferEj  wire.o
    0x08004948   0x00000048   Code   RO         2073    i._ZN7TwoWire16onReceiveServiceEP5i2c_s  wire.o
    0x08004990   0x0000001a   Code   RO         2074    i._ZN7TwoWire16onRequestServiceEP5i2c_s  wire.o
    0x080049aa   0x00000012   Code   RO         2075    i._ZN7TwoWire17beginTransmissionEh  wire.o
    0x080049bc   0x0000001c   Code   RO         2079    i._ZN7TwoWire4readEv  wire.o
    0x080049d8   0x00000058   Code   RO         2080    i._ZN7TwoWire5beginEb  wire.o
    0x08004a30   0x00000088   Code   RO         2081    i._ZN7TwoWire5beginEhb  wire.o
    0x08004ab8   0x00000014   Code   RO         2083    i._ZN7TwoWire5beginEib  wire.o
    0x08004acc   0x0000005a   Code   RO         2085    i._ZN7TwoWire5writeEPKhj  wire.o
    0x08004b26   0x0000004e   Code   RO         2086    i._ZN7TwoWire5writeEh  wire.o
    0x08004b74   0x0000000a   Code   RO         2088    i._ZN7TwoWire9availableEv  wire.o
    0x08004b7e   0x00000002   PAD
    0x08004b80   0x00000018   Code   RO         2092    i._ZN7TwoWireC1Ev   wire.o
    0x08004b98   0x00000016   Code   RO         4381    i._ZN8SPIClassC1EP11SPI_TypeDefPFYvvE  F1Cpp.lib(sys.o)
    0x08004bae   0x00000002   Code   RO          328    i._ZNK6String14StringIfHelperEv  i2cdev.o
    0x08004bb0   0x00000028   Code   RO         8851    i.__0sprintf        mc_w.l(printfa.o)
    0x08004bd8   0x00000006   Code   RO         8437    i.__cxa_pure_virtual  cpprt_w.l(pure_virt.o)
    0x08004bde   0x00000002   PAD
    0x08004be0   0x0000005c   Code   RO         8881    i.__free$realloc    mc_w.l(mallocr.o)
    0x08004c3c   0x00000050   Code   RO         8882    i.__malloc$realloc  mc_w.l(mallocr.o)
    0x08004c8c   0x0000000e   Code   RO         9054    i.__scatterload_copy  mc_w.l(handlers.o)
    0x08004c9a   0x00000002   Code   RO         9055    i.__scatterload_null  mc_w.l(handlers.o)
    0x08004c9c   0x0000000e   Code   RO         9056    i.__scatterload_zeroinit  mc_w.l(handlers.o)
    0x08004caa   0x00000002   PAD
    0x08004cac   0x000000fc   Code   RO         4418    i.__sti___5_sys_c_pinMode  F1Cpp.lib(sys.o)
    0x08004da8   0x00000010   Code   RO         2846    i.__sti___6_main_c_70058f14  main.o
    0x08004db8   0x00000010   Code   RO         2093    i.__sti___8_Wire_cpp_4e99b9cf  wire.o
    0x08004dc8   0x00000164   Code   RO         8856    i._fp_digits        mc_w.l(printfa.o)
    0x08004f2c   0x000006dc   Code   RO         8857    i._printf_core      mc_w.l(printfa.o)
    0x08005608   0x00000024   Code   RO         8858    i._printf_post_padding  mc_w.l(printfa.o)
    0x0800562c   0x0000002e   Code   RO         8859    i._printf_pre_padding  mc_w.l(printfa.o)
    0x0800565a   0x0000000a   Code   RO         8861    i._sputc            mc_w.l(printfa.o)
    0x08005664   0x00000024   Code   RO         4423    i.delay             F1Cpp.lib(sys.o)
    0x08005688   0x00000028   Code   RO         4424    i.delayMicroseconds  F1Cpp.lib(sys.o)
    0x080056b0   0x00000024   Code   RO         4428    i.digitalWrite      F1Cpp.lib(sys.o)
    0x080056d4   0x00000030   Code   RO         4429    i.dtostrf           F1Cpp.lib(sys.o)
    0x08005704   0x00000008   Code   RO         2473    i.get_i2c_obj       twi.o
    0x0800570c   0x00000066   Code   RO         2474    i.i2c_IsDeviceReady  twi.o
    0x08005772   0x00000014   Code   RO         2475    i.i2c_attachSlaveRxEvent  twi.o
    0x08005786   0x00000014   Code   RO         2476    i.i2c_attachSlaveTxEvent  twi.o
    0x0800579a   0x00000002   PAD
    0x0800579c   0x0000021c   Code   RO         2477    i.i2c_custom_init   twi.o
    0x080059b8   0x00000088   Code   RO         2480    i.i2c_master_read   twi.o
    0x08005a40   0x0000009a   Code   RO         2481    i.i2c_master_write  twi.o
    0x08005ada   0x0000002c   Code   RO         2483    i.i2c_slave_write_IT  twi.o
    0x08005b06   0x00000002   PAD
    0x08005b08   0x00000050   Code   RO         8883    i.internal_alloc    mc_w.l(mallocr.o)
    0x08005b58   0x000000c4   Code   RO         2847    i.main              main.o
    0x08005c1c   0x00000014   Code   RO         4435    i.map               F1Cpp.lib(sys.o)
    0x08005c30   0x00000004   Code   RO         4437    i.millis            F1Cpp.lib(sys.o)
    0x08005c34   0x00000148   Code   RO         4438    i.pinMode           F1Cpp.lib(sys.o)
    0x08005d7c   0x0000006c   Code   RO         8884    i.realloc           mc_w.l(mallocr.o)
    0x08005de8   0x000008dc   Data   RO           14    .constdata          pinmap.o
    0x080066c4   0x00000010   Data   RO         3003    .constdata          F1Cpp.lib(system_stm32f1xx.o)
    0x080066d4   0x00000008   Data   RO         3004    .constdata          F1Cpp.lib(system_stm32f1xx.o)
    0x080066dc   0x00000020   Data   RO         5757    .constdata__ZTV10USARTClass  F1Cpp.lib(usartclass.o)
    0x080066fc   0x00000010   Data   RO         6109    .constdata__ZTV5Print  F1Cpp.lib(print.o)
    0x0800670c   0x00000020   Data   RO         2287    .constdata__ZTV6Stream  wire.o
    0x0800672c   0x00000020   Data   RO         2255    .constdata__ZTV7TwoWire  wire.o
    0x0800674c   0x00000050   Data   RO          943    .conststring        mpu6050.o
    0x0800679c   0x0000005e   Data   RO         2867    .conststring        main.o
    0x080067fa   0x00000002   PAD
    0x080067fc   0x00000020   Data   RO         9052    Region$$Table       anon$$obj.o
    0x0800681c   0x00000004   Data   RO         2125    .init_array         wire.o
    0x08006820   0x00000004   Data   RO         2869    .init_array         main.o
    0x08006824   0x00000004   Data   RO         4637    .init_array         F1Cpp.lib(sys.o)
    0x08006828   0x00000000   Data   RO         8908    .init_array         mc_w.l(cpp_init.o)


    Execution Region RW_IRAM1 (Base: 0x20000000, Size: 0x000023e8, Max: 0x00005000, ABSOLUTE)

    Base Addr    Size         Type   Attr      Idx    E Section Name        Object

    0x20000000   0x0000001a   Data   RW          246    .data               i2cdev.o
    0x2000001a   0x00000002   PAD
    0x2000001c   0x00000020   Data   RW         2506    .data               twi.o
    0x2000003c   0x00000028   Data   RW         2868    .data               main.o
    0x20000064   0x00000004   Data   RW         3005    .data               F1Cpp.lib(system_stm32f1xx.o)
    0x20000068   0x0000000c   Data   RW         3241    .data               F1Cpp.lib(stm32f1xx_hal.o)
    0x20000074   0x00000004   Data   RW         8988    .data               mc_w.l(mvars.o)
    0x20000078   0x00000004   Data   RW         8989    .data               mc_w.l(mvars.o)
    0x2000007c   0x000000cc   Zero   RW         2123    .bss                wire.o
    0x20000148   0x00000114   Zero   RW         2866    .bss                main.o
    0x2000025c   0x0000064c   Zero   RW         4634    .bss                F1Cpp.lib(sys.o)
    0x200008a8   0x00000040   Zero   RW         5681    .bss                F1Cpp.lib(usartclass.o)
    0x200008e8   0x00001500   Zero   RW            2    HEAP                startup_stm32f103xg.o
    0x20001de8   0x00000600   Zero   RW            1    STACK               startup_stm32f103xg.o


==============================================================================

Image component sizes


      Code (inc. data)   RO Data    RW Data    ZI Data      Debug   Object Name

       892         30          0         26          0      32093   i2cdev.o
      2024        580         98         40        276       8809   main.o
      2560        122         80          0          0      36350   mpu6050.o
         0          0       2268          0          0     415926   pinmap.o
        36          8        304          0       6912        900   startup_stm32f103xg.o
        96          4          0          0          0       2022   stm32f1xx_hal_msp.o
        34          0          0          0          0       2783   stm32f1xx_it.o
      1398         66          0         32          0      13764   twi.o
      1102         46         68          0        204     398689   wire.o

    ----------------------------------------------------------------------
      8156        856       2852        100       7392     911336   Object Totals
         0          0         32          0          0          0   (incl. Generated)
        14          0          2          2          0          0   (incl. Padding)

    ----------------------------------------------------------------------

      Code (inc. data)   RO Data    RW Data    ZI Data      Debug   Library Member Name

       320          0         16          0          0       9724   print.o
        42          0          0          0          0       2492   ringbuffer.o
       128         24          0         12          0       6641   stm32f1xx_hal.o
       246         14          0          0          0      28473   stm32f1xx_hal_cortex.o
       310          8          0          0          0       1570   stm32f1xx_hal_dma.o
       506         42          0          0          0       2473   stm32f1xx_hal_gpio.o
      4704         60          0          0          0      22535   stm32f1xx_hal_i2c.o
      1272         98          0          0          0       4788   stm32f1xx_hal_rcc.o
       236         12          0          0          0       1296   stm32f1xx_hal_rcc_ex.o
       284          6          0          0          0       2283   stm32f1xx_hal_uart.o
      1830        250          4          0       1612     503673   sys.o
        72         16         24          4          0     467023   system_stm32f1xx.o
       590         16         32          0         64     434192   usartclass.o
         6          0          0          0          0         68   pure_virt.o
        32         10          0          0          0         80   cpp_init.o
         2          0          0          0          0         68   cpp_signal.o
         0          0          0          0          0          0   entry.o
         0          0          0          0          0          0   entry10a.o
         0          0          0          0          0          0   entry11a.o
         8          4          0          0          0          0   entry2.o
         4          0          0          0          0          0   entry5.o
         0          0          0          0          0          0   entry7b.o
         4          0          0          0          0          0   entry8a.o
         0          0          0          0          0          0   entry8b.o
         8          4          0          0          0          0   entry9a.o
        30          0          0          0          0          0   handlers.o
        36          8          0          0          0         68   init.o
         0          0          0          0          0          0   iusefp.o
        30          0          0          0          0         68   llshl.o
        36          0          0          0          0         68   llsshr.o
        32          0          0          0          0         68   llushr.o
       360         30          0          0          0        356   mallocr.o
        64          0          0          0          0         76   memmovea.o
        36          0          0          0          0        108   memseta.o
         0          0          0          8          0          0   mvars.o
      2244         86          0          0          0        512   printfa.o
        14          0          0          0          0         68   strlen.o
        44          0          0          0          0         80   uidiv.o
        98          0          0          0          0         92   uldiv.o
        48          0          0          0          0         68   cdcmple.o
        48          0          0          0          0         68   cdrcmple.o
        20          0          0          0          0         68   cfrcmple.o
        56          0          0          0          0         88   d2f.o
       334          0          0          0          0        148   dadd.o
       222          0          0          0          0        100   ddiv.o
       186          0          0          0          0        176   depilogue.o
        62          0          0          0          0         80   dfixi.o
        48          0          0          0          0         68   dfixul.o
        34          0          0          0          0         76   dflti.o
        26          0          0          0          0         76   dfltui.o
       228          0          0          0          0         96   dmul.o
        38          0          0          0          0         68   f2d.o
       176          0          0          0          0        140   fadd.o
       124          0          0          0          0         88   fdiv.o
       110          0          0          0          0        168   fepilogue.o
        40          0          0          0          0         68   ffixui.o
        18          0          0          0          0         68   fflti.o
        10          0          0          0          0         68   ffltui.o
       100          0          0          0          0         76   fmul.o

    ----------------------------------------------------------------------
     15580        688         76         24       1676    1490799   Library Totals
        24          0          0          0          0          0   (incl. Padding)

    ----------------------------------------------------------------------

      Code (inc. data)   RO Data    RW Data    ZI Data      Debug   Library Name

     10540        546         76         16       1676    1487163   F1Cpp.lib
         6          0          0          0          0         68   cpprt_w.l
      3082        142          0          8          0       1712   mc_w.l
      1928          0          0          0          0       1856   mf_w.l

    ----------------------------------------------------------------------
     15580        688         76         24       1676    1490799   Library Totals

    ----------------------------------------------------------------------

==============================================================================


      Code (inc. data)   RO Data    RW Data    ZI Data      Debug   

     23736       1544       2928        124       9068    2389859   Grand Totals
     23736       1544       2928        124       9068    2389859   ELF Image Totals
     23736       1544       2928        124          0          0   ROM Totals

==============================================================================

    Total RO  Size (Code + RO Data)                26664 (  26.04kB)
    Total RW  Size (RW Data + ZI Data)              9192 (   8.98kB)
    Total ROM Size (Code + RO Data + RW Data)      26788 (  26.16kB)

==============================================================================

