<html>
<body>
<pre>
<h1>µVision Build Log</h1>
<h2>Tool Versions:</h2>
IDE-Version: µVision V5.13.0.0
Copyright (C) 2014 ARM Ltd and ARM Germany GmbH. All rights reserved.
License Information: LVD Microsoft, Microsoft, LIC=CRMX7-E97AQ-NT13G-VM209-YXSR5-4NUTM
 
Tool Versions:
Toolchain:       MDK-ARM Professional  Version: 5.13.0.0
Toolchain Path:  C:\Keil_v5\ARM\ARMCC\Bin
C Compiler:      Armcc.exe V5.05 update 1 (build 106)
Assembler:       Armasm.exe V5.05 update 1 (build 106)
Linker/Locator:  ArmLink.exe V5.05 update 1 (build 106)
Library Manager: ArmAr.exe V5.05 update 1 (build 106)
Hex Converter:   FromElf.exe V5.05 update 1 (build 106)
CPU DLL:         SARMCM3.DLL V5.13.0.0
Dialog DLL:      DARMSTM.DLL V1.65.0.0
Target DLL:      STLink\ST-LINKIII-KEIL_SWO.dll V3.0.5.0
Dialog DLL:      TARMSTM.DLL V1.64.0.0
 
<h2>Project:</h2>
D:\MDK_ARM\0 F1Cpp\MDK-ARM\ETH_ENC28J60\ENC28j60.uvprojx
Project File Date:  10/30/2020

<h2>Output:</h2>
Build target 'STM32F1 Configuration'
assembling startup_stm32f101xg.s...
compiling PinMap.c...
compiling DHT11.cpp...
compiling TM1637Display.cpp...
compiling dhcp.cpp...
..\..\HARDWARE\USARTClass.h(55): warning:  #1300-D: available inherits implicit virtual
      int available( void ) ;
..\..\HARDWARE\USARTClass.h(56): warning:  #1300-D: peek inherits implicit virtual
      int peek( void ) ;
..\..\HARDWARE\USARTClass.h(57): warning:  #1300-D: read inherits implicit virtual
      int read( void ) ;
..\..\HARDWARE\USARTClass.h(58): warning:  #1300-D: flush inherits implicit virtual
      void flush( void ) ;
..\..\HARDWARE\USARTClass.h(59): warning:  #1300-D: write inherits implicit virtual
      size_t write( const uint8_t c ) ;
..\..\HARDWARE\USARTClass.h(24): warning:  #611-D: overloaded virtual function "Print::write" is only partially overridden in class "USARTClass"
  class USARTClass : public Stream
..\..\HARDWARE\EtherCard\src\EtherCard.h(71): warning:  #611-D: overloaded virtual function "Print::write" is only partially overridden in class "Stash"
  class Stash : public /*Stream*/ Print, private StashHeader {
..\..\HARDWARE\EtherCard\src\EtherCard.h(184): warning:  #611-D: overloaded virtual function "Print::write" is only partially overridden in class "BufferFiller"
  class BufferFiller : public Print {
..\..\HARDWARE\EtherCard\src\dhcp.cpp: 8 warnings, 0 errors
compiling dns.cpp...
..\..\HARDWARE\USARTClass.h(55): warning:  #1300-D: available inherits implicit virtual
      int available( void ) ;
..\..\HARDWARE\USARTClass.h(56): warning:  #1300-D: peek inherits implicit virtual
      int peek( void ) ;
..\..\HARDWARE\USARTClass.h(57): warning:  #1300-D: read inherits implicit virtual
      int read( void ) ;
..\..\HARDWARE\USARTClass.h(58): warning:  #1300-D: flush inherits implicit virtual
      void flush( void ) ;
..\..\HARDWARE\USARTClass.h(59): warning:  #1300-D: write inherits implicit virtual
      size_t write( const uint8_t c ) ;
..\..\HARDWARE\USARTClass.h(24): warning:  #611-D: overloaded virtual function "Print::write" is only partially overridden in class "USARTClass"
  class USARTClass : public Stream
..\..\HARDWARE\EtherCard\src\EtherCard.h(71): warning:  #611-D: overloaded virtual function "Print::write" is only partially overridden in class "Stash"
  class Stash : public /*Stream*/ Print, private StashHeader {
..\..\HARDWARE\EtherCard\src\EtherCard.h(184): warning:  #611-D: overloaded virtual function "Print::write" is only partially overridden in class "BufferFiller"
  class BufferFiller : public Print {
..\..\HARDWARE\EtherCard\src\dns.cpp: 8 warnings, 0 errors
compiling enc28j60.cpp...
..\..\HARDWARE\USARTClass.h(55): warning:  #1300-D: available inherits implicit virtual
      int available( void ) ;
..\..\HARDWARE\USARTClass.h(56): warning:  #1300-D: peek inherits implicit virtual
      int peek( void ) ;
..\..\HARDWARE\USARTClass.h(57): warning:  #1300-D: read inherits implicit virtual
      int read( void ) ;
..\..\HARDWARE\USARTClass.h(58): warning:  #1300-D: flush inherits implicit virtual
      void flush( void ) ;
..\..\HARDWARE\USARTClass.h(59): warning:  #1300-D: write inherits implicit virtual
      size_t write( const uint8_t c ) ;
..\..\HARDWARE\USARTClass.h(24): warning:  #611-D: overloaded virtual function "Print::write" is only partially overridden in class "USARTClass"
  class USARTClass : public Stream
..\..\HARDWARE\EtherCard\src\enc28j60.cpp: 6 warnings, 0 errors
compiling EtherCard.cpp...
..\..\HARDWARE\USARTClass.h(55): warning:  #1300-D: available inherits implicit virtual
      int available( void ) ;
..\..\HARDWARE\USARTClass.h(56): warning:  #1300-D: peek inherits implicit virtual
      int peek( void ) ;
..\..\HARDWARE\USARTClass.h(57): warning:  #1300-D: read inherits implicit virtual
      int read( void ) ;
..\..\HARDWARE\USARTClass.h(58): warning:  #1300-D: flush inherits implicit virtual
      void flush( void ) ;
..\..\HARDWARE\USARTClass.h(59): warning:  #1300-D: write inherits implicit virtual
      size_t write( const uint8_t c ) ;
..\..\HARDWARE\USARTClass.h(24): warning:  #611-D: overloaded virtual function "Print::write" is only partially overridden in class "USARTClass"
  class USARTClass : public Stream
..\..\HARDWARE\EtherCard\src\EtherCard.h(71): warning:  #611-D: overloaded virtual function "Print::write" is only partially overridden in class "Stash"
  class Stash : public /*Stream*/ Print, private StashHeader {
..\..\HARDWARE\EtherCard\src\EtherCard.h(184): warning:  #611-D: overloaded virtual function "Print::write" is only partially overridden in class "BufferFiller"
  class BufferFiller : public Print {
..\..\HARDWARE\EtherCard\src\EtherCard.cpp(196): warning:  #177-D: variable "s" was declared but never referenced
                  byte* s = (byte*) argval;
..\..\HARDWARE\EtherCard\src\EtherCard.cpp(197): warning:  #177-D: variable "d" was declared but never referenced
                  char d;
..\..\HARDWARE\EtherCard\src\EtherCard.cpp(378): warning:  #177-D: variable "d" was declared but never referenced
              char d;
..\..\HARDWARE\EtherCard\src\EtherCard.cpp: 11 warnings, 0 errors
compiling tcpip.cpp...
..\..\HARDWARE\USARTClass.h(55): warning:  #1300-D: available inherits implicit virtual
      int available( void ) ;
..\..\HARDWARE\USARTClass.h(56): warning:  #1300-D: peek inherits implicit virtual
      int peek( void ) ;
..\..\HARDWARE\USARTClass.h(57): warning:  #1300-D: read inherits implicit virtual
      int read( void ) ;
..\..\HARDWARE\USARTClass.h(58): warning:  #1300-D: flush inherits implicit virtual
      void flush( void ) ;
..\..\HARDWARE\USARTClass.h(59): warning:  #1300-D: write inherits implicit virtual
      size_t write( const uint8_t c ) ;
..\..\HARDWARE\USARTClass.h(24): warning:  #611-D: overloaded virtual function "Print::write" is only partially overridden in class "USARTClass"
  class USARTClass : public Stream
..\..\HARDWARE\EtherCard\src\EtherCard.h(71): warning:  #611-D: overloaded virtual function "Print::write" is only partially overridden in class "Stash"
  class Stash : public /*Stream*/ Print, private StashHeader {
..\..\HARDWARE\EtherCard\src\EtherCard.h(184): warning:  #611-D: overloaded virtual function "Print::write" is only partially overridden in class "BufferFiller"
  class BufferFiller : public Print {
..\..\HARDWARE\EtherCard\src\tcpip.cpp: 8 warnings, 0 errors
compiling udpserver.cpp...
..\..\HARDWARE\USARTClass.h(55): warning:  #1300-D: available inherits implicit virtual
      int available( void ) ;
..\..\HARDWARE\USARTClass.h(56): warning:  #1300-D: peek inherits implicit virtual
      int peek( void ) ;
..\..\HARDWARE\USARTClass.h(57): warning:  #1300-D: read inherits implicit virtual
      int read( void ) ;
..\..\HARDWARE\USARTClass.h(58): warning:  #1300-D: flush inherits implicit virtual
      void flush( void ) ;
..\..\HARDWARE\USARTClass.h(59): warning:  #1300-D: write inherits implicit virtual
      size_t write( const uint8_t c ) ;
..\..\HARDWARE\USARTClass.h(24): warning:  #611-D: overloaded virtual function "Print::write" is only partially overridden in class "USARTClass"
  class USARTClass : public Stream
..\..\HARDWARE\EtherCard\src\EtherCard.h(71): warning:  #611-D: overloaded virtual function "Print::write" is only partially overridden in class "Stash"
  class Stash : public /*Stream*/ Print, private StashHeader {
..\..\HARDWARE\EtherCard\src\EtherCard.h(184): warning:  #611-D: overloaded virtual function "Print::write" is only partially overridden in class "BufferFiller"
  class BufferFiller : public Print {
..\..\HARDWARE\EtherCard\src\udpserver.cpp: 8 warnings, 0 errors
compiling webutil.cpp...
..\..\HARDWARE\USARTClass.h(55): warning:  #1300-D: available inherits implicit virtual
      int available( void ) ;
..\..\HARDWARE\USARTClass.h(56): warning:  #1300-D: peek inherits implicit virtual
      int peek( void ) ;
..\..\HARDWARE\USARTClass.h(57): warning:  #1300-D: read inherits implicit virtual
      int read( void ) ;
..\..\HARDWARE\USARTClass.h(58): warning:  #1300-D: flush inherits implicit virtual
      void flush( void ) ;
..\..\HARDWARE\USARTClass.h(59): warning:  #1300-D: write inherits implicit virtual
      size_t write( const uint8_t c ) ;
..\..\HARDWARE\USARTClass.h(24): warning:  #611-D: overloaded virtual function "Print::write" is only partially overridden in class "USARTClass"
  class USARTClass : public Stream
..\..\HARDWARE\EtherCard\src\EtherCard.h(71): warning:  #611-D: overloaded virtual function "Print::write" is only partially overridden in class "Stash"
  class Stash : public /*Stream*/ Print, private StashHeader {
..\..\HARDWARE\EtherCard\src\EtherCard.h(184): warning:  #611-D: overloaded virtual function "Print::write" is only partially overridden in class "BufferFiller"
  class BufferFiller : public Print {
..\..\HARDWARE\EtherCard\src\webutil.cpp: 8 warnings, 0 errors
compiling stm32f1xx_hal_msp.c...
compiling stm32f1xx_it.c...
compiling main.c...
..\..\HARDWARE\USARTClass.h(55): warning:  #1300-D: available inherits implicit virtual
      int available( void ) ;
..\..\HARDWARE\USARTClass.h(56): warning:  #1300-D: peek inherits implicit virtual
      int peek( void ) ;
..\..\HARDWARE\USARTClass.h(57): warning:  #1300-D: read inherits implicit virtual
      int read( void ) ;
..\..\HARDWARE\USARTClass.h(58): warning:  #1300-D: flush inherits implicit virtual
      void flush( void ) ;
..\..\HARDWARE\USARTClass.h(59): warning:  #1300-D: write inherits implicit virtual
      size_t write( const uint8_t c ) ;
..\..\HARDWARE\USARTClass.h(24): warning:  #611-D: overloaded virtual function "Print::write" is only partially overridden in class "USARTClass"
  class USARTClass : public Stream
..\..\HARDWARE\EtherCard\src\EtherCard.h(71): warning:  #611-D: overloaded virtual function "Print::write" is only partially overridden in class "Stash"
  class Stash : public /*Stream*/ Print, private StashHeader {
..\..\HARDWARE\EtherCard\src\EtherCard.h(184): warning:  #611-D: overloaded virtual function "Print::write" is only partially overridden in class "BufferFiller"
  class BufferFiller : public Print {
main.c: 8 warnings, 0 errors
linking...
Program Size: Code=16592 RO-data=2888 RW-data=392 ZI-data=3392  
"..\..\STM32CppOutput\F4Cpp.axf" - 0 Error(s), 65 Warning(s).

<h2>Collection of Component include folders:</h2>
  D:\MDK_ARM\0 F1Cpp\MDK-ARM\ETH_ENC28J60\RTE
  C:\Keil_v5\ARM\PACK\Keil\STM32F1xx_DFP\2.0.0

<h2>Collection of Component Files used:</h2>
</pre>
</body>
</html>
