Component: ARM Compiler 5.05 update 1 (build 106) Tool: armlink [4d0efa]

==============================================================================

Section Cross References

    startup_stm32f101xg.o(RESET) refers to startup_stm32f101xg.o(STACK) for __initial_sp
    startup_stm32f101xg.o(RESET) refers to startup_stm32f101xg.o(.text) for Reset_Handler
    startup_stm32f101xg.o(RESET) refers to stm32f1xx_it.o(i.NMI_Handler) for NMI_Handler
    startup_stm32f101xg.o(RESET) refers to stm32f1xx_it.o(i.HardFault_Handler) for HardFault_Handler
    startup_stm32f101xg.o(RESET) refers to stm32f1xx_it.o(i.MemManage_Handler) for MemManage_Handler
    startup_stm32f101xg.o(RESET) refers to stm32f1xx_it.o(i.BusFault_Handler) for BusFault_Handler
    startup_stm32f101xg.o(RESET) refers to stm32f1xx_it.o(i.UsageFault_Handler) for UsageFault_Handler
    startup_stm32f101xg.o(RESET) refers to stm32f1xx_it.o(i.DebugMon_Handler) for DebugMon_Handler
    startup_stm32f101xg.o(RESET) refers to stm32f1xx_it.o(i.SysTick_Handler) for SysTick_Handler
    startup_stm32f101xg.o(RESET) refers to sys.o(i.EXTI0_IRQHandler) for EXTI0_IRQHandler
    startup_stm32f101xg.o(RESET) refers to sys.o(i.EXTI1_IRQHandler) for EXTI1_IRQHandler
    startup_stm32f101xg.o(RESET) refers to sys.o(i.EXTI2_IRQHandler) for EXTI2_IRQHandler
    startup_stm32f101xg.o(RESET) refers to sys.o(i.EXTI3_IRQHandler) for EXTI3_IRQHandler
    startup_stm32f101xg.o(RESET) refers to sys.o(i.EXTI4_IRQHandler) for EXTI4_IRQHandler
    startup_stm32f101xg.o(RESET) refers to sys.o(i.DMA1_Channel1_IRQHandler) for DMA1_Channel1_IRQHandler
    startup_stm32f101xg.o(RESET) refers to sys.o(i.DMA1_Channel2_IRQHandler) for DMA1_Channel2_IRQHandler
    startup_stm32f101xg.o(RESET) refers to sys.o(i.DMA1_Channel3_IRQHandler) for DMA1_Channel3_IRQHandler
    startup_stm32f101xg.o(RESET) refers to sys.o(i.DMA1_Channel4_IRQHandler) for DMA1_Channel4_IRQHandler
    startup_stm32f101xg.o(RESET) refers to sys.o(i.DMA1_Channel5_IRQHandler) for DMA1_Channel5_IRQHandler
    startup_stm32f101xg.o(RESET) refers to sys.o(i.DMA1_Channel6_IRQHandler) for DMA1_Channel6_IRQHandler
    startup_stm32f101xg.o(RESET) refers to sys.o(i.DMA1_Channel7_IRQHandler) for DMA1_Channel7_IRQHandler
    startup_stm32f101xg.o(RESET) refers to sys.o(i.EXTI9_5_IRQHandler) for EXTI9_5_IRQHandler
    startup_stm32f101xg.o(RESET) refers to sys.o(i.USART1_IRQHandler) for USART1_IRQHandler
    startup_stm32f101xg.o(RESET) refers to sys.o(i.USART2_IRQHandler) for USART2_IRQHandler
    startup_stm32f101xg.o(RESET) refers to sys.o(i.USART3_IRQHandler) for USART3_IRQHandler
    startup_stm32f101xg.o(RESET) refers to sys.o(i.EXTI15_10_IRQHandler) for EXTI15_10_IRQHandler
    startup_stm32f101xg.o(RESET) refers to sys.o(i.UART4_IRQHandler) for UART4_IRQHandler
    startup_stm32f101xg.o(RESET) refers to sys.o(i.UART5_IRQHandler) for UART5_IRQHandler
    startup_stm32f101xg.o(RESET) refers to sys.o(i.DMA2_Channel1_IRQHandler) for DMA2_Channel1_IRQHandler
    startup_stm32f101xg.o(RESET) refers to sys.o(i.DMA2_Channel2_IRQHandler) for DMA2_Channel2_IRQHandler
    startup_stm32f101xg.o(RESET) refers to sys.o(i.DMA2_Channel3_IRQHandler) for DMA2_Channel3_IRQHandler
    startup_stm32f101xg.o(RESET) refers to sys.o(i.DMA2_Channel4_5_IRQHandler) for DMA2_Channel4_5_IRQHandler
    startup_stm32f101xg.o(.text) refers to system_stm32f1xx.o(i.SystemInit) for SystemInit
    startup_stm32f101xg.o(.text) refers to entry.o(.ARM.Collect$$$$00000000) for __main
    dht11.o(i._ZN5dht114readEi) refers to sys.o(i.pinMode) for pinMode
    dht11.o(i._ZN5dht114readEi) refers to sys.o(i.digitalWrite) for digitalWrite
    dht11.o(i._ZN5dht114readEi) refers to sys.o(i.delay) for delay
    dht11.o(i._ZN5dht114readEi) refers to sys.o(i.delayMicroseconds) for delayMicroseconds
    dht11.o(i._ZN5dht114readEi) refers to sys.o(i.digitalRead) for digitalRead
    dht11.o(i._ZN5dht114readEi) refers to sys.o(i.micros) for micros
    dht11.o(.ARM.exidx) refers to dht11.o(i._ZN5dht114readEi) for i._ZN5dht114readEi
    tm1637display.o(i._ZN13TM1637Display11display_allEh) refers to tm1637display.o(i._ZN13TM1637Display11setSegmentsEPKhhh) for TM1637Display::setSegments(const unsigned char*, unsigned char, unsigned char)
    tm1637display.o(i._ZN13TM1637Display11encodeDigitEh) refers to tm1637display.o(.constdata) for digitToSegment
    tm1637display.o(i._ZN13TM1637Display11setSegmentsEPKhhh) refers to tm1637display.o(i._ZN13TM1637Display5startEv) for TM1637Display::start()
    tm1637display.o(i._ZN13TM1637Display11setSegmentsEPKhhh) refers to tm1637display.o(i._ZN13TM1637Display9writeByteEh) for TM1637Display::writeByte(unsigned char)
    tm1637display.o(i._ZN13TM1637Display11setSegmentsEPKhhh) refers to tm1637display.o(i._ZN13TM1637Display4stopEv) for TM1637Display::stop()
[...]
    i.HAL_NVIC_SetPriority                   0x08000d88   Section        0  stm32f1xx_hal_cortex.o(i.HAL_NVIC_SetPriority)
    i.HAL_NVIC_SetPriorityGrouping           0x08000dc8   Section        0  stm32f1xx_hal_cortex.o(i.HAL_NVIC_SetPriorityGrouping)
    i.HAL_RCCEx_PeriphCLKConfig              0x08000dec   Section        0  stm32f1xx_hal_rcc_ex.o(i.HAL_RCCEx_PeriphCLKConfig)
    i.HAL_RCC_ClockConfig                    0x08000ed8   Section        0  stm32f1xx_hal_rcc.o(i.HAL_RCC_ClockConfig)
    i.HAL_RCC_GetPCLK1Freq                   0x08001004   Section        0  stm32f1xx_hal_rcc.o(i.HAL_RCC_GetPCLK1Freq)
    i.HAL_RCC_GetPCLK2Freq                   0x08001024   Section        0  stm32f1xx_hal_rcc.o(i.HAL_RCC_GetPCLK2Freq)
    i.HAL_RCC_GetSysClockFreq                0x08001044   Section        0  stm32f1xx_hal_rcc.o(i.HAL_RCC_GetSysClockFreq)
    i.HAL_RCC_OscConfig                      0x080010b0   Section        0  stm32f1xx_hal_rcc.o(i.HAL_RCC_OscConfig)
    i.HAL_SPI_Init                           0x080013d0   Section        0  stm32f1xx_hal_spi.o(i.HAL_SPI_Init)
    i.HAL_SPI_MspInit                        0x0800144c   Section        0  stm32f1xx_hal_spi.o(i.HAL_SPI_MspInit)
    i.HAL_SYSTICK_Callback                   0x0800144e   Section        0  main.o(i.HAL_SYSTICK_Callback)
    i.HAL_SYSTICK_Config                     0x08001450   Section        0  stm32f1xx_hal_cortex.o(i.HAL_SYSTICK_Config)
    i.HAL_SYSTICK_IRQHandler                 0x08001478   Section        0  stm32f1xx_hal_cortex.o(i.HAL_SYSTICK_IRQHandler)
    i.HAL_UART_Init                          0x08001480   Section        0  stm32f1xx_hal_uart.o(i.HAL_UART_Init)
    i.HAL_UART_MspInit                       0x080014e2   Section        0  stm32f1xx_hal_uart.o(i.HAL_UART_MspInit)
    i.HardFault_Handler                      0x080014e4   Section        0  stm32f1xx_it.o(i.HardFault_Handler)
    i.MemManage_Handler                      0x080014e8   Section        0  stm32f1xx_it.o(i.MemManage_Handler)
    i.NMI_Handler                            0x080014ec   Section        0  stm32f1xx_it.o(i.NMI_Handler)
    i.SysTick_Handler                        0x080014ee   Section        0  stm32f1xx_it.o(i.SysTick_Handler)
    i.SystemClock_Config                     0x080014fa   Section        0  main.o(i.SystemClock_Config)
    i.SystemInit                             0x08001584   Section        0  system_stm32f1xx.o(i.SystemInit)
    i.UART4_IRQHandler                       0x080015cc   Section        0  sys.o(i.UART4_IRQHandler)
    i.UART5_IRQHandler                       0x080015e0   Section        0  sys.o(i.UART5_IRQHandler)
    i.USART1_IRQHandler                      0x080015f4   Section        0  sys.o(i.USART1_IRQHandler)
    i.USART2_IRQHandler                      0x08001610   Section        0  sys.o(i.USART2_IRQHandler)
    i.USART3_IRQHandler                      0x08001624   Section        0  sys.o(i.USART3_IRQHandler)
    i.UsageFault_Handler                     0x08001638   Section        0  stm32f1xx_it.o(i.UsageFault_Handler)
    i._Z10SPI_1_Initv                        0x0800163c   Section        0  sys.o(i._Z10SPI_1_Initv)
    SPI_1_Init()                             0x0800163d   Thumb Code    80  sys.o(i._Z10SPI_1_Initv)
    i._Z10SPI_2_Initv                        0x08001690   Section        0  sys.o(i._Z10SPI_2_Initv)
    SPI_2_Init()                             0x08001691   Thumb Code    80  sys.o(i._Z10SPI_2_Initv)
    i._Z10SPI_3_Initv                        0x080016e4   Section        0  sys.o(i._Z10SPI_3_Initv)
    SPI_3_Init()                             0x080016e5   Thumb Code    64  sys.o(i._Z10SPI_3_Initv)
    i._Z10client_synhhh                      0x08001728   Section        0  tcpip.o(i._Z10client_synhhh)
    client_syn(unsigned char, unsigned char, unsigned char) 0x08001729   Thumb Code   216  tcpip.o(i._Z10client_synhhh)
    i._Z10enableChipv                        0x0800181c   Section        0  enc28j60.o(i._Z10enableChipv)
    enableChip()                             0x0800181d   Thumb Code    14  enc28j60.o(i._Z10enableChipv)
    i._Z11disableChipv                       0x08001830   Section        0  enc28j60.o(i._Z11disableChipv)
    disableChip()                            0x08001831   Thumb Code    14  enc28j60.o(i._Z11disableChipv)
    i._Z11make_eth_ipv                       0x08001844   Section        0  tcpip.o(i._Z11make_eth_ipv)
    make_eth_ip()                            0x08001845   Thumb Code    34  tcpip.o(i._Z11make_eth_ipv)
    i._Z11readPhyByteh                       0x08001870   Section        0  enc28j60.o(i._Z11readPhyByteh)
    readPhyByte(unsigned char)               0x08001871   Thumb Code    52  enc28j60.o(i._Z11readPhyByteh)
    i._Z11readRegByteh                       0x080018a4   Section        0  enc28j60.o(i._Z11readRegByteh)
    readRegByte(unsigned char)               0x080018a5   Thumb Code    20  enc28j60.o(i._Z11readRegByteh)
    i._Z12make_tcpheadth                     0x080018b8   Section        0  tcpip.o(i._Z12make_tcpheadth)
    make_tcphead(unsigned short, unsigned char) 0x080018b9   Thumb Code    78  tcpip.o(i._Z12make_tcpheadth)
    i._Z12serialEvent1v                      0x0800190c   Section        0  sys.o(i._Z12serialEvent1v)
    i._Z12serialEvent2v                      0x0800190e   Section        0  sys.o(i._Z12serialEvent2v)
    i._Z12serialEvent3v                      0x08001910   Section        0  sys.o(i._Z12serialEvent3v)
    i._Z12serialEvent4v                      0x08001912   Section        0  sys.o(i._Z12serialEvent4v)
    i._Z12serialEvent5v                      0x08001914   Section        0  sys.o(i._Z12serialEvent5v)
    i._Z12setMACandIPsPKhS0_                 0x08001918   Section        0  tcpip.o(i._Z12setMACandIPsPKhS0_)
    setMACandIPs(const unsigned char*, const unsigned char*) 0x08001919   Thumb Code    32  tcpip.o(i._Z12setMACandIPsPKhS0_)
    i._Z12writeRegBytehh                     0x08001940   Section        0  enc28j60.o(i._Z12writeRegBytehh)
    writeRegByte(unsigned char, unsigned char) 0x08001941   Thumb Code    24  enc28j60.o(i._Z12writeRegBytehh)
    i._Z13fill_checksumhhth                  0x08001958   Section        0  tcpip.o(i._Z13fill_checksumhhth)
    fill_checksum(unsigned char, unsigned char, unsigned short, unsigned char) 0x08001959   Thumb Code   106  tcpip.o(i._Z13fill_checksumhhth)
    i._Z14UART_SetConfigP20__UART_HandleTypeDef 0x080019c8   Section        0  stm32f1xx_hal_uart.o(i._Z14UART_SetConfigP20__UART_HandleTypeDef)
    UART_SetConfig(__UART_HandleTypeDef*)    0x080019c9   Thumb Code   178  stm32f1xx_hal_uart.o(i._Z14UART_SetConfigP20__UART_HandleTypeDef)
    i._Z16NVIC_SetPriority9IRQn_Typej        0x08001a80   Section        0  stm32f1xx_hal_cortex.o(i._Z16NVIC_SetPriority9IRQn_Typej)
    NVIC_SetPriority(IRQn_Type, unsigned)    0x08001a81   Thumb Code    32  stm32f1xx_hal_cortex.o(i._Z16NVIC_SetPriority9IRQn_Typej)
    i._Z16client_store_macPhS_               0x08001aa0   Section        0  tcpip.o(i._Z16client_store_macPhS_)
    client_store_mac(unsigned char*, unsigned char*) 0x08001aa1   Thumb Code    36  tcpip.o(i._Z16client_store_macPhS_)
    i._Z16get_tcp_data_lenv                  0x08001ac8   Section        0  tcpip.o(i._Z16get_tcp_data_lenv)
    get_tcp_data_len()                       0x08001ac9   Thumb Code    44  tcpip.o(i._Z16get_tcp_data_lenv)
    i._Z17client_arp_whohasPh                0x08001af8   Section        0  tcpip.o(i._Z17client_arp_whohasPh)
    client_arp_whohas(unsigned char*)        0x08001af9   Thumb Code    78  tcpip.o(i._Z17client_arp_whohasPh)
    i._Z17send_dhcp_messagev                 0x08001b5c   Section        0  dhcp.o(i._Z17send_dhcp_messagev)
    send_dhcp_message()                      0x08001b5d   Thumb Code   314  dhcp.o(i._Z17send_dhcp_messagev)
    i._Z18process_dhcp_offert                0x08001ccc   Section        0  dhcp.o(i._Z18process_dhcp_offert)
    process_dhcp_offer(unsigned short)       0x08001ccd   Thumb Code   218  dhcp.o(i._Z18process_dhcp_offert)
    i._Z20fill_ip_hdr_checksumv              0x08001dcc   Section        0  tcpip.o(i._Z20fill_ip_hdr_checksumv)
    fill_ip_hdr_checksum()                   0x08001dcd   Thumb Code    36  tcpip.o(i._Z20fill_ip_hdr_checksumv)
    i._Z21make_tcp_ack_from_anysh            0x08001df4   Section        0  tcpip.o(i._Z21make_tcp_ack_from_anysh)
    make_tcp_ack_from_any(short, unsigned char) 0x08001df5   Thumb Code    82  tcpip.o(i._Z21make_tcp_ack_from_anysh)
    i._Z23USART_INT_ClearAllFlagsP13USART_TypeDef9IRQn_Type 0x08001e4c   Section        0  usartclass.o(i._Z23USART_INT_ClearAllFlagsP13USART_TypeDef9IRQn_Type)
    USART_INT_ClearAllFlags(USART_TypeDef*, IRQn_Type) 0x08001e4d   Thumb Code    44  usartclass.o(i._Z23USART_INT_ClearAllFlagsP13USART_TypeDef9IRQn_Type)
    i._Z24check_ip_message_is_fromPKh        0x08001e7c   Section        0  tcpip.o(i._Z24check_ip_message_is_fromPKh)
    check_ip_message_is_from(const unsigned char*) 0x08001e7d   Thumb Code    24  tcpip.o(i._Z24check_ip_message_is_fromPKh)
    i._Z24eth_type_is_ip_and_my_ipt          0x08001e98   Section        0  tcpip.o(i._Z24eth_type_is_ip_and_my_ipt)
    eth_type_is_ip_and_my_ip(unsigned short) 0x08001e99   Thumb Code    80  tcpip.o(i._Z24eth_type_is_ip_and_my_ipt)
    i._Z24make_tcp_synack_from_synv          0x08001ef8   Section        0  tcpip.o(i._Z24make_tcp_synack_from_synv)
    make_tcp_synack_from_syn()               0x08001ef9   Thumb Code   132  tcpip.o(i._Z24make_tcp_synack_from_synv)
    i._Z25eth_type_is_arp_and_my_ipt         0x08001f84   Section        0  tcpip.o(i._Z25eth_type_is_arp_and_my_ipt)
    eth_type_is_arp_and_my_ip(unsigned short) 0x08001f85   Thumb Code    46  tcpip.o(i._Z25eth_type_is_arp_and_my_ipt)
    i._Z26dhcp_received_message_typeth       0x08001fbc   Section        0  dhcp.o(i._Z26dhcp_received_message_typeth)
    dhcp_received_message_type(unsigned short, unsigned char) 0x08001fbd   Thumb Code    80  dhcp.o(i._Z26dhcp_received_message_typeth)
    i._Z28make_arp_answer_from_requestv      0x08002014   Section        0  tcpip.o(i._Z28make_arp_answer_from_requestv)
    make_arp_answer_from_request()           0x08002015   Thumb Code    70  tcpip.o(i._Z28make_arp_answer_from_requestv)
    i._Z28make_echo_reply_from_requestt      0x08002068   Section        0  tcpip.o(i._Z28make_echo_reply_from_requestt)
    make_echo_reply_from_request(unsigned short) 0x08002069   Thumb Code    60  tcpip.o(i._Z28make_echo_reply_from_requestt)
    i._Z30make_tcp_ack_with_data_noflagst    0x080020a8   Section        0  tcpip.o(i._Z30make_tcp_ack_with_data_noflagst)
    make_tcp_ack_with_data_noflags(unsigned short) 0x080020a9   Thumb Code    62  tcpip.o(i._Z30make_tcp_ack_with_data_noflagst)
    i._Z4wtoatPc                             0x080020ec   Section        0  ethercard.o(i._Z4wtoatPc)
    wtoa(unsigned short, char*)              0x080020ed   Thumb Code    54  ethercard.o(i._Z4wtoatPc)
    i._Z6is_lanPKhS0_                        0x08002124   Section        0  tcpip.o(i._Z6is_lanPKhS0_)
    is_lan(const unsigned char*, const unsigned char*) 0x08002125   Thumb Code    56  tcpip.o(i._Z6is_lanPKhS0_)
    i._Z6readOphh                            0x08002160   Section        0  enc28j60.o(i._Z6readOphh)
    readOp(unsigned char, unsigned char)     0x08002161   Thumb Code    58  enc28j60.o(i._Z6readOphh)
    i._Z7SetBankh                            0x080021a0   Section        0  enc28j60.o(i._Z7SetBankh)
    SetBank(unsigned char)                   0x080021a1   Thumb Code    50  enc28j60.o(i._Z7SetBankh)
    i._Z7readBuftPh                          0x080021d8   Section        0  enc28j60.o(i._Z7readBuftPh)
    readBuf(unsigned short, unsigned char*)  0x080021d9   Thumb Code    48  enc28j60.o(i._Z7readBuftPh)
    i._Z7setMACsPKh                          0x0800220c   Section        0  tcpip.o(i._Z7setMACsPKh)
    setMACs(const unsigned char*)            0x0800220d   Thumb Code    24  tcpip.o(i._Z7setMACsPKh)
    i._Z7writeOphhh                          0x0800222c   Section        0  enc28j60.o(i._Z7writeOphhh)
    writeOp(unsigned char, unsigned char, unsigned char) 0x0800222d   Thumb Code    40  enc28j60.o(i._Z7writeOphhh)
    i._Z8addByteshPKh                        0x08002258   Section        0  dhcp.o(i._Z8addByteshPKh)
    addBytes(unsigned char, const unsigned char*) 0x08002259   Thumb Code    28  dhcp.o(i._Z8addByteshPKh)
    i._Z8addToBufh                           0x08002274   Section        0  dhcp.o(i._Z8addToBufh)
    addToBuf(unsigned char)                  0x08002275   Thumb Code    18  dhcp.o(i._Z8addToBufh)
    i._Z8homePagev                           0x0800228c   Section        0  main.o(i._Z8homePagev)
    homePage()                               0x0800228d   Thumb Code   188  main.o(i._Z8homePagev)
    i._Z8step_seqth                          0x08002358   Section        0  tcpip.o(i._Z8step_seqth)
    step_seq(unsigned short, unsigned char)  0x08002359   Thumb Code    60  tcpip.o(i._Z8step_seqth)
    i._Z8writeBuftPKh                        0x08002398   Section        0  enc28j60.o(i._Z8writeBuftPKh)
    writeBuf(unsigned short, const unsigned char*) 0x08002399   Thumb Code    46  enc28j60.o(i._Z8writeBuftPKh)
    i._Z8writePhyht                          0x080023cc   Section        0  enc28j60.o(i._Z8writePhyht)
    writePhy(unsigned char, unsigned short)  0x080023cd   Thumb Code    40  enc28j60.o(i._Z8writePhyht)
    i._Z8writeReght                          0x080023f4   Section        0  enc28j60.o(i._Z8writeReght)
    writeReg(unsigned char, unsigned short)  0x080023f5   Thumb Code    26  enc28j60.o(i._Z8writeReght)
    i._ZN10RingBuffer10store_charEh          0x0800240e   Section        0  ringbuffer.o(i._ZN10RingBuffer10store_charEh)
    i._ZN10RingBufferC1Ev                    0x08002424   Section        0  ringbuffer.o(i._ZN10RingBufferC1Ev)
    i._ZN10USARTClass10IrqHandlerEv          0x08002438   Section        0  usartclass.o(i._ZN10USARTClass10IrqHandlerEv)
    i._ZN10USARTClass5beginEj                0x0800245c   Section        0  usartclass.o(i._ZN10USARTClass5beginEj)
    i._ZN10USARTClass5writeEh                0x080026b4   Section        0  usartclass.o(i._ZN10USARTClass5writeEh)
    i._ZN10USARTClassC1EP13USART_TypeDef9IRQn_TypejP10RingBuffer 0x080026cc   Section        0  usartclass.o(i._ZN10USARTClassC1EP13USART_TypeDef9IRQn_TypejP10RingBuffer)
    i._ZN12BufferFiller5writeEh              0x080026f8   Section        0  tcpip.o(i._ZN12BufferFiller5writeEh)
    i._ZN12BufferFiller6emit_pEPKcz          0x08002706   Section        0  ethercard.o(i._ZN12BufferFiller6emit_pEPKcz)
    i._ZN5Print5printEPKc                    0x080027fa   Section        0  print.o(i._ZN5Print5printEPKc)
    i._ZN5Print5printEc                      0x080027fe   Section        0  print.o(i._ZN5Print5printEc)
    i._ZN5Print5writeEPKc                    0x08002804   Section        0  print.o(i._ZN5Print5writeEPKc)
    i._ZN5Print5writeEPKhj                   0x08002828   Section        0  print.o(i._ZN5Print5writeEPKhj)
    i._ZN5Print7printlnEPKc                  0x08002850   Section        0  print.o(i._ZN5Print7printlnEPKc)
    i._ZN5Print7printlnEv                    0x08002864   Section        0  print.o(i._ZN5Print7printlnEv)
    i._ZN5PrintC2Ev                          0x0800287c   Section        0  ethercard.o(i._ZN5PrintC2Ev)
    i._ZN5Stash7initMapEh                    0x0800288c   Section        0  ethercard.o(i._ZN5Stash7initMapEh)
    i._ZN5Stash9freeBlockEh                  0x080028a4   Section        0  ethercard.o(i._ZN5Stash9freeBlockEh)
    i._ZN8ENC28J6010initializeEtPKhh         0x080028c4   Section        0  enc28j60.o(i._ZN8ENC28J6010initializeEtPKhh)
    i._ZN8ENC28J6010packetSendEt             0x08002a08   Section        0  enc28j60.o(i._ZN8ENC28J6010packetSendEt)
    i._ZN8ENC28J6013packetReceiveEv          0x08002a78   Section        0  enc28j60.o(i._ZN8ENC28J6013packetReceiveEv)
    i._ZN8ENC28J6015enableBroadcastEb        0x08002b1c   Section        0  enc28j60.o(i._ZN8ENC28J6015enableBroadcastEb)
    i._ZN8ENC28J6016disableBroadcastEb       0x08002b40   Section        0  enc28j60.o(i._ZN8ENC28J6016disableBroadcastEb)
    i._ZN8ENC28J607initSPIEv                 0x08002b6c   Section        0  enc28j60.o(i._ZN8ENC28J607initSPIEv)
    i._ZN8ENC28J608isLinkUpEv                0x08002b84   Section        0  enc28j60.o(i._ZN8ENC28J608isLinkUpEv)
    i._ZN8SPIClass11setBitOrderEt            0x08002b94   Section        0  sys.o(i._ZN8SPIClass11setBitOrderEt)
    i._ZN8SPIClass11setDataModeEh            0x08002bc4   Section        0  sys.o(i._ZN8SPIClass11setDataModeEh)
    i._ZN8SPIClass11setdataSizeEt            0x08002c1c   Section        0  sys.o(i._ZN8SPIClass11setdataSizeEt)
    i._ZN8SPIClass15setClockDividerEh        0x08002c4c   Section        0  sys.o(i._ZN8SPIClass15setClockDividerEh)
    i._ZN8SPIClass4initEv                    0x08002c7c   Section        0  sys.o(i._ZN8SPIClass4initEv)
    i._ZN8SPIClass5beginEv                   0x08002cdc   Section        0  sys.o(i._ZN8SPIClass5beginEv)
    i._ZN8SPIClass8transferEh                0x08002d0c   Section        0  sys.o(i._ZN8SPIClass8transferEh)
    i._ZN8SPIClassC1EP11SPI_TypeDefPFYvvE    0x08002d30   Section        0  sys.o(i._ZN8SPIClassC1EP11SPI_TypeDefPFYvvE)
    i._ZN9EtherCard10packetLoopEt            0x08002d48   Section        0  tcpip.o(i._ZN9EtherCard10packetLoopEt)
    i._ZN9EtherCard10udpPrepareEtPKht        0x080030f0   Section        0  tcpip.o(i._ZN9EtherCard10udpPrepareEtPKht)
    i._ZN9EtherCard11staticSetupEPKhS1_S1_S1_ 0x08003190   Section        0  ethercard.o(i._ZN9EtherCard11staticSetupEPKhS1_S1_S1_)
    i._ZN9EtherCard11udpTransmitEt           0x080031ec   Section        0  tcpip.o(i._ZN9EtherCard11udpTransmitEt)
    i._ZN9EtherCard15httpServerReplyEt       0x08003238   Section        0  tcpip.o(i._ZN9EtherCard15httpServerReplyEt)
    i._ZN9EtherCard16DhcpStateMachineEt      0x08003260   Section        0  dhcp.o(i._ZN9EtherCard16DhcpStateMachineEt)
    i._ZN9EtherCard18udpServerListeningEv    0x0800336c   Section        0  udpserver.o(i._ZN9EtherCard18udpServerListeningEv)
    i._ZN9EtherCard22updateBroadcastAddressEv 0x08003380   Section        0  tcpip.o(i._ZN9EtherCard22updateBroadcastAddressEv)
    i._ZN9EtherCard27udpServerHasProcessedPacketEt 0x080033ac   Section        0  udpserver.o(i._ZN9EtherCard27udpServerHasProcessedPacketEt)
    i._ZN9EtherCard5beginEtPKhh              0x08003448   Section        0  ethercard.o(i._ZN9EtherCard5beginEtPKhh)
    i._ZN9EtherCard6acceptEtt                0x08003478   Section        0  tcpip.o(i._ZN9EtherCard6acceptEtt)
    i._ZN9EtherCard6copyIpEPhPKh             0x08003500   Section        0  webutil.o(i._ZN9EtherCard6copyIpEPhPKh)
    i._ZN9EtherCard7copyMacEPhPKh            0x08003506   Section        0  webutil.o(i._ZN9EtherCard7copyMacEPhPKh)
    i._ZN9EtherCard7setGwIpEPKh              0x08003510   Section        0  tcpip.o(i._ZN9EtherCard7setGwIpEPKh)
    i._ZNK6String14StringIfHelperEv          0x08003538   Section        0  tm1637display.o(i._ZNK6String14StringIfHelperEv)
    i.__0printf                              0x0800353c   Section        0  printfa.o(i.__0printf)
    i.__cxa_pure_virtual                     0x0800355c   Section        0  pure_virt.o(i.__cxa_pure_virtual)
    i.__scatterload_copy                     0x08003562   Section       14  handlers.o(i.__scatterload_copy)
    i.__scatterload_null                     0x08003570   Section        2  handlers.o(i.__scatterload_null)
    i.__scatterload_zeroinit                 0x08003572   Section       14  handlers.o(i.__scatterload_zeroinit)
    i.__sti___5_sys_c_pinMode                0x08003580   Section        0  sys.o(i.__sti___5_sys_c_pinMode)
    __sti___5_sys_c_pinMode                  0x08003581   Thumb Code   200  sys.o(i.__sti___5_sys_c_pinMode)
    i.__sti___6_main_c_bfill                 0x0800367c   Section        0  main.o(i.__sti___6_main_c_bfill)
    __sti___6_main_c_bfill                   0x0800367d   Thumb Code    20  main.o(i.__sti___6_main_c_bfill)
    i._fp_digits                             0x08003698   Section        0  printfa.o(i._fp_digits)
    _fp_digits                               0x08003699   Thumb Code   334  printfa.o(i._fp_digits)
    i._printf_core                           0x080037fc   Section        0  printfa.o(i._printf_core)
    _printf_core                             0x080037fd   Thumb Code  1744  printfa.o(i._printf_core)
    i._printf_post_padding                   0x08003ed8   Section        0  printfa.o(i._printf_post_padding)
    _printf_post_padding                     0x08003ed9   Thumb Code    36  printfa.o(i._printf_post_padding)
    i._printf_pre_padding                    0x08003efc   Section        0  printfa.o(i._printf_pre_padding)
    _printf_pre_padding                      0x08003efd   Thumb Code    46  printfa.o(i._printf_pre_padding)
    i.delay                                  0x08003f2a   Section        0  sys.o(i.delay)
    i.delay_ms                               0x08003f4e   Section        0  sys.o(i.delay_ms)
    i.digitalWrite                           0x08003f54   Section        0  sys.o(i.digitalWrite)
    i.fputc                                  0x08003f78   Section        0  main.o(i.fputc)
    i.main                                   0x08003f90   Section        0  main.o(i.main)
    i.micros                                 0x08004054   Section        0  sys.o(i.micros)
    i.millis                                 0x08004098   Section        0  sys.o(i.millis)
    i.pinMode                                0x0800409c   Section        0  sys.o(i.pinMode)
    i.togglePin                              0x080041e4   Section        0  sys.o(i.togglePin)
    .constdata                               0x08004200   Section     2268  pinmap.o(.constdata)
    .constdata                               0x08004adc   Section       33  tcpip.o(.constdata)
    arpreqhdr                                0x08004adc   Data           8  tcpip.o(.constdata)
    iphdr                                    0x08004ae4   Data           9  tcpip.o(.constdata)
    ntpreqhdr                                0x08004aed   Data          10  tcpip.o(.constdata)
    allOnes                                  0x08004af7   Data           6  tcpip.o(.constdata)
    .constdata                               0x08004afd   Section       16  system_stm32f1xx.o(.constdata)
    .constdata                               0x08004b0d   Section        8  system_stm32f1xx.o(.constdata)
    .constdata__ZTV10USARTClass              0x08004b18   Section       32  usartclass.o(.constdata__ZTV10USARTClass)
    .constdata__ZTV12BufferFiller            0x08004b38   Section       16  tcpip.o(.constdata__ZTV12BufferFiller)
    .constdata__ZTV5Print                    0x08004b48   Section       16  print.o(.constdata__ZTV5Print)
    .conststring                             0x08004b58   Section      152  main.o(.conststring)
    .init_array                              0x08004c10   Section        4  main.o(.init_array)
    .init_array                              0x08004c14   Section        4  sys.o(.init_array)
    .init_array                              0x08004c18   Section        0  cpp_init.o(.init_array)
    .data                                    0x20000000   Section       94  dhcp.o(.data)
    <Data1>                                  0x20000000   Data           8  dhcp.o(.data)
    <Data2>                                  0x20000008   Data           8  dhcp.o(.data)
    PWM_Manager                              0x20000010   Data           8  dhcp.o(.data)
    dhcpState                                0x20000018   Data           1  dhcp.o(.data)
    hostname                                 0x20000019   Data          32  dhcp.o(.data)
    currentXid                               0x2000003c   Data           4  dhcp.o(.data)
    stateTimer                               0x20000040   Data           4  dhcp.o(.data)
    leaseStart                               0x20000044   Data           4  dhcp.o(.data)
    leaseTime                                0x20000048   Data           4  dhcp.o(.data)
    bufPtr                                   0x2000004c   Data           4  dhcp.o(.data)
    dhcpCustomOptionNum                      0x20000050   Data           1  dhcp.o(.data)
    dhcpCustomOptionCallback                 0x20000054   Data           4  dhcp.o(.data)
    cookie                                   0x20000058   Data           6  dhcp.o(.data)
    .data                                    0x20000060   Section       37  enc28j60.o(.data)
    <Data1>                                  0x20000060   Data           8  enc28j60.o(.data)
    <Data2>                                  0x20000068   Data           8  enc28j60.o(.data)
    PWM_Manager                              0x20000070   Data           8  enc28j60.o(.data)
    Enc28j60Bank                             0x20000078   Data           1  enc28j60.o(.data)
    gNextPacketPtr                           0x2000007c   Data           4  enc28j60.o(.data)
    selectPin                                0x20000080   Data           1  enc28j60.o(.data)
    .data                                    0x20000088   Section       66  ethercard.o(.data)
    <Data1>                                  0x20000088   Data           8  ethercard.o(.data)
    <Data2>                                  0x20000090   Data           8  ethercard.o(.data)
    PWM_Manager                              0x20000098   Data           8  ethercard.o(.data)
    .data                                    0x200000cc   Section      104  tcpip.o(.data)
    <Data1>                                  0x200000cc   Data           8  tcpip.o(.data)
    <Data2>                                  0x200000d4   Data           8  tcpip.o(.data)
    PWM_Manager                              0x200000dc   Data           8  tcpip.o(.data)
    tcpclient_src_port_l                     0x200000e4   Data           1  tcpip.o(.data)
    tcp_fd                                   0x200000e5   Data           1  tcpip.o(.data)
    tcp_client_state                         0x200000e6   Data           1  tcpip.o(.data)
    tcp_client_port_h                        0x200000e7   Data           1  tcpip.o(.data)
    tcp_client_port_l                        0x200000e8   Data           1  tcpip.o(.data)
    client_tcp_result_cb                     0x200000ec   Data           4  tcpip.o(.data)
    client_tcp_datafill_cb                   0x200000f0   Data           4  tcpip.o(.data)
    www_fd                                   0x200000f4   Data           1  tcpip.o(.data)
    client_browser_cb                        0x200000f8   Data           4  tcpip.o(.data)
    client_additionalheaderline              0x200000fc   Data           4  tcpip.o(.data)
    client_postval                           0x20000100   Data           4  tcpip.o(.data)
    client_urlbuf                            0x20000104   Data           4  tcpip.o(.data)
    client_urlbuf_var                        0x20000108   Data           4  tcpip.o(.data)
    client_hoststr                           0x2000010c   Data           4  tcpip.o(.data)
    icmp_cb                                  0x20000110   Data           4  tcpip.o(.data)
    destmacaddr                              0x20000114   Data           6  tcpip.o(.data)
    waiting_for_dns_mac                      0x2000011a   Data           1  tcpip.o(.data)
    has_dns_mac                              0x2000011b   Data           1  tcpip.o(.data)
    waiting_for_dest_mac                     0x2000011c   Data           1  tcpip.o(.data)
    has_dest_mac                             0x2000011d   Data           1  tcpip.o(.data)
    gwmacaddr                                0x2000011e   Data           6  tcpip.o(.data)
    waitgwmac                                0x20000124   Data           1  tcpip.o(.data)
    info_data_len                            0x20000126   Data           2  tcpip.o(.data)
    seqnum                                   0x20000128   Data           1  tcpip.o(.data)
    result_fd                                0x20000129   Data           1  tcpip.o(.data)
    result_ptr                               0x2000012c   Data           4  tcpip.o(.data)
    SEQ                                      0x20000130   Data           4  tcpip.o(.data)
    .data                                    0x20000134   Section       25  udpserver.o(.data)
    <Data1>                                  0x20000134   Data           8  udpserver.o(.data)
    <Data2>                                  0x2000013c   Data           8  udpserver.o(.data)
    PWM_Manager                              0x20000144   Data           8  udpserver.o(.data)
    .data                                    0x20000150   Section       34  main.o(.data)
    <Data1>                                  0x20000150   Data           8  main.o(.data)
    <Data2>                                  0x20000158   Data           8  main.o(.data)
    PWM_Manager                              0x20000160   Data           8  main.o(.data)
    mymac                                    0x20000168   Data           6  main.o(.data)
    myip                                     0x2000016e   Data           4  main.o(.data)
    .data                                    0x20000174   Section        4  system_stm32f1xx.o(.data)
    .data                                    0x20000178   Section       12  stm32f1xx_hal.o(.data)
    .data                                    0x20000184   Section        4  stdout.o(.data)
    .bss                                     0x20000188   Section      180  ethercard.o(.bss)
    TManager                                 0x20000188   Data          16  ethercard.o(.bss)
    .bss                                     0x2000023c   Section       80  udpserver.o(.bss)
    TManager                                 0x2000023c   Data          16  udpserver.o(.bss)
    .bss                                     0x2000028c   Section      232  main.o(.bss)
    TManager                                 0x2000028c   Data          16  main.o(.bss)
    .bss                                     0x20000374   Section     1808  sys.o(.bss)
    ADC_DMA_RegChannelList                   0x20000374   Data          18  sys.o(.bss)
    ADC_DMA_ConvertedValue                   0x20000386   Data          36  sys.o(.bss)
    hspi                                     0x200003ac   Data          88  sys.o(.bss)
    hadc1                                    0x20000404   Data          48  sys.o(.bss)
    hdma_adc1                                0x20000434   Data          68  sys.o(.bss)
    TManager                                 0x20000478   Data          16  sys.o(.bss)
    callbacksEXTI                            0x20000a04   Data          64  sys.o(.bss)
    .bss                                     0x20000a84   Section       64  usartclass.o(.bss)
    UART_Handle                              0x20000a84   Data          64  usartclass.o(.bss)
    STACK                                    0x20000ac8   Section     1024  startup_stm32f101xg.o(STACK)

    Global Symbols

    Symbol Name                              Value     Ov Type        Size  Object(Section)

    BuildAttributes$$THM_ISAv4$P$D$K$B$S$PE$A:L22UL41UL21$X:L11$S22US41US21$IEEE1$IW$USESV6$~STKCKD$USESV7$~SHL$OTIME$ROPI$IEEEX$EBA8$UX$MICROLIB$REQ8$PRES8$EABIv2 0x00000000   Number         0  anon$$obj.o ABSOLUTE
    __ARM_use_no_argv                        0x00000000   Number         0  main.o ABSOLUTE
    _printf_a                                0x00000000   Number         0  stubs.o ABSOLUTE
    _printf_c                                0x00000000   Number         0  stubs.o ABSOLUTE
    _printf_charcount                        0x00000000   Number         0  stubs.o ABSOLUTE
    _printf_d                                0x00000000   Number         0  stubs.o ABSOLUTE
    _printf_e                                0x00000000   Number         0  stubs.o ABSOLUTE
    _printf_f                                0x00000000   Number         0  stubs.o ABSOLUTE
    _printf_flags                            0x00000000   Number         0  stubs.o ABSOLUTE
    _printf_fp_dec                           0x00000000   Number         0  stubs.o ABSOLUTE
    _printf_fp_hex                           0x00000000   Number         0  stubs.o ABSOLUTE
    _printf_g                                0x00000000   Number         0  stubs.o ABSOLUTE
    _printf_i                                0x00000000   Number         0  stubs.o ABSOLUTE
    _printf_int_dec                          0x00000000   Number         0  stubs.o ABSOLUTE
    _printf_l                                0x00000000   Number         0  stubs.o ABSOLUTE
    _printf_lc                               0x00000000   Number         0  stubs.o ABSOLUTE
    _printf_ll                               0x00000000   Number         0  stubs.o ABSOLUTE
    _printf_lld                              0x00000000   Number         0  stubs.o ABSOLUTE
    _printf_lli                              0x00000000   Number         0  stubs.o ABSOLUTE
    _printf_llo                              0x00000000   Number         0  stubs.o ABSOLUTE
    _printf_llu                              0x00000000   Number         0  stubs.o ABSOLUTE
    _printf_llx                              0x00000000   Number         0  stubs.o ABSOLUTE
    _printf_longlong_dec                     0x00000000   Number         0  stubs.o ABSOLUTE
    _printf_longlong_hex                     0x00000000   Number         0  stubs.o ABSOLUTE
    _printf_longlong_oct                     0x00000000   Number         0  stubs.o ABSOLUTE
    _printf_ls                               0x00000000   Number         0  stubs.o ABSOLUTE
    _printf_mbtowc                           0x00000000   Number         0  stubs.o ABSOLUTE
    _printf_n                                0x00000000   Number         0  stubs.o ABSOLUTE
    _printf_o                                0x00000000   Number         0  stubs.o ABSOLUTE
    _printf_p                                0x00000000   Number         0  stubs.o ABSOLUTE
    _printf_percent                          0x00000000   Number         0  stubs.o ABSOLUTE
    _printf_pre_padding                      0x00000000   Number         0  stubs.o ABSOLUTE
    _printf_return_value                     0x00000000   Number         0  stubs.o ABSOLUTE
    _printf_s                                0x00000000   Number         0  stubs.o ABSOLUTE
    _printf_sizespec                         0x00000000   Number         0  stubs.o ABSOLUTE
    _printf_str                              0x00000000   Number         0  stubs.o ABSOLUTE
    _printf_truncate_signed                  0x00000000   Number         0  stubs.o ABSOLUTE
    _printf_truncate_unsigned                0x00000000   Number         0  stubs.o ABSOLUTE
    _printf_u                                0x00000000   Number         0  stubs.o ABSOLUTE
    _printf_wc                               0x00000000   Number         0  stubs.o ABSOLUTE
    _printf_wctomb                           0x00000000   Number         0  stubs.o ABSOLUTE
    _printf_widthprec                        0x00000000   Number         0  stubs.o ABSOLUTE
    _printf_x                                0x00000000   Number         0  stubs.o ABSOLUTE
    __ARM::default_unexpected_handler()       - Undefined Weak Reference
    typeinfo for Printable                    - Undefined Weak Reference
    __ARM_exceptions_buffer_required          - Undefined Weak Reference
    __cxa_finalize                            - Undefined Weak Reference
    _clock_init                               - Undefined Weak Reference
    _microlib_exit                            - Undefined Weak Reference
    __Vectors_Size                           0x00000130   Number         0  startup_stm32f101xg.o ABSOLUTE
    __Vectors                                0x08000000   Data           4  startup_stm32f101xg.o(RESET)
    __Vectors_End                            0x08000130   Data           0  startup_stm32f101xg.o(RESET)
    __main                                   0x08000131   Thumb Code     0  entry.o(.ARM.Collect$$$$00000000)
    _main_stk                                0x08000131   Thumb Code     0  entry2.o(.ARM.Collect$$$$00000001)
    _main_scatterload                        0x08000135   Thumb Code     0  entry5.o(.ARM.Collect$$$$00000004)
    __main_after_scatterload                 0x08000139   Thumb Code     0  entry5.o(.ARM.Collect$$$$00000004)
    _main_clock                              0x08000139   Thumb Code     0  entry7b.o(.ARM.Collect$$$$00000008)
    _main_cpp_init$empty                     0x08000139   Thumb Code     0  entry8a.o(.ARM.Collect$$$$00000009)
    _main_cpp_init                           0x0800013d   Thumb Code     0  entry8b.o(.ARM.Collect$$$$0000000A)
    _main_init                               0x0800013d   Thumb Code     0  entry9a.o(.ARM.Collect$$$$0000000B)
    __rt_final_cpp                           0x08000145   Thumb Code     0  entry10a.o(.ARM.Collect$$$$0000000D)
    __rt_final_exit                          0x08000145   Thumb Code     0  entry11a.o(.ARM.Collect$$$$0000000F)
    Reset_Handler                            0x08000149   Thumb Code     8  startup_stm32f101xg.o(.text)
    SVC_Handler                              0x0800015b   Thumb Code     2  startup_stm32f101xg.o(.text)
    PendSV_Handler                           0x0800015f   Thumb Code     2  startup_stm32f101xg.o(.text)
    ADC1_2_IRQHandler                        0x08000163   Thumb Code     0  startup_stm32f101xg.o(.text)
    FLASH_IRQHandler                         0x08000163   Thumb Code     0  startup_stm32f101xg.o(.text)
    FSMC_IRQHandler                          0x08000163   Thumb Code     0  startup_stm32f101xg.o(.text)
    I2C1_ER_IRQHandler                       0x08000163   Thumb Code     0  startup_stm32f101xg.o(.text)
    I2C1_EV_IRQHandler                       0x08000163   Thumb Code     0  startup_stm32f101xg.o(.text)
    I2C2_ER_IRQHandler                       0x08000163   Thumb Code     0  startup_stm32f101xg.o(.text)
    I2C2_EV_IRQHandler                       0x08000163   Thumb Code     0  startup_stm32f101xg.o(.text)
    PVD_IRQHandler                           0x08000163   Thumb Code     0  startup_stm32f101xg.o(.text)
    RCC_IRQHandler                           0x08000163   Thumb Code     0  startup_stm32f101xg.o(.text)
    RTC_Alarm_IRQHandler                     0x08000163   Thumb Code     0  startup_stm32f101xg.o(.text)
    RTC_IRQHandler                           0x08000163   Thumb Code     0  startup_stm32f101xg.o(.text)
    SPI1_IRQHandler                          0x08000163   Thumb Code     0  startup_stm32f101xg.o(.text)
    SPI2_IRQHandler                          0x08000163   Thumb Code     0  startup_stm32f101xg.o(.text)
    SPI3_IRQHandler                          0x08000163   Thumb Code     0  startup_stm32f101xg.o(.text)
    TAMPER_IRQHandler                        0x08000163   Thumb Code     0  startup_stm32f101xg.o(.text)
    TIM10_IRQHandler                         0x08000163   Thumb Code     0  startup_stm32f101xg.o(.text)
    TIM11_IRQHandler                         0x08000163   Thumb Code     0  startup_stm32f101xg.o(.text)
    TIM12_IRQHandler                         0x08000163   Thumb Code     0  startup_stm32f101xg.o(.text)
    TIM13_IRQHandler                         0x08000163   Thumb Code     0  startup_stm32f101xg.o(.text)
    TIM14_IRQHandler                         0x08000163   Thumb Code     0  startup_stm32f101xg.o(.text)
    TIM2_IRQHandler                          0x08000163   Thumb Code     0  startup_stm32f101xg.o(.text)
    TIM3_IRQHandler                          0x08000163   Thumb Code     0  startup_stm32f101xg.o(.text)
    TIM4_IRQHandler                          0x08000163   Thumb Code     0  startup_stm32f101xg.o(.text)
    TIM5_IRQHandler                          0x08000163   Thumb Code     0  startup_stm32f101xg.o(.text)
    TIM6_IRQHandler                          0x08000163   Thumb Code     0  startup_stm32f101xg.o(.text)
    TIM7_IRQHandler                          0x08000163   Thumb Code     0  startup_stm32f101xg.o(.text)
    TIM9_IRQHandler                          0x08000163   Thumb Code     0  startup_stm32f101xg.o(.text)
    WWDG_IRQHandler                          0x08000163   Thumb Code     0  startup_stm32f101xg.o(.text)
    __aeabi_memset                           0x0800016d   Thumb Code    14  memseta.o(.text)
    __aeabi_memset4                          0x0800016d   Thumb Code     0  memseta.o(.text)
    __aeabi_memset8                          0x0800016d   Thumb Code     0  memseta.o(.text)
    __aeabi_memclr                           0x0800017b   Thumb Code     4  memseta.o(.text)
    __aeabi_memclr4                          0x0800017b   Thumb Code     0  memseta.o(.text)
    __aeabi_memclr8                          0x0800017b   Thumb Code     0  memseta.o(.text)
    _memset$wrapper                          0x0800017f   Thumb Code    18  memseta.o(.text)
    strlen                                   0x08000191   Thumb Code    14  strlen.o(.text)
    memcmp                                   0x0800019f   Thumb Code    26  memcmp.o(.text)
    strcpy                                   0x080001b9   Thumb Code    18  strcpy.o(.text)
    __cpp_initialize__aeabi_                 0x080001cd   Thumb Code    22  cpp_init.o(.text)
    __aeabi_dadd                             0x080001ed   Thumb Code   322  dadd.o(.text)
    __aeabi_dsub                             0x0800032f   Thumb Code     6  dadd.o(.text)
    __aeabi_drsub                            0x08000335   Thumb Code     6  dadd.o(.text)
    __aeabi_dmul                             0x0800033b   Thumb Code   228  dmul.o(.text)
    __aeabi_ddiv                             0x0800041f   Thumb Code   222  ddiv.o(.text)
    __aeabi_cdrcmple                         0x080004fd   Thumb Code    48  cdrcmple.o(.text)
    __aeabi_uidiv                            0x0800052d   Thumb Code     0  uidiv.o(.text)
    __aeabi_uidivmod                         0x0800052d   Thumb Code    44  uidiv.o(.text)
    __aeabi_uldivmod                         0x08000559   Thumb Code    98  uldiv.o(.text)
    __aeabi_llsl                             0x080005bb   Thumb Code    30  llshl.o(.text)
    _ll_shift_l                              0x080005bb   Thumb Code     0  llshl.o(.text)
    __aeabi_llsr                             0x080005d9   Thumb Code    32  llushr.o(.text)
    _ll_ushift_r                             0x080005d9   Thumb Code     0  llushr.o(.text)
    __aeabi_lasr                             0x080005f9   Thumb Code    36  llsshr.o(.text)
    _ll_sshift_r                             0x080005f9   Thumb Code     0  llsshr.o(.text)
    __I$use$fp                               0x0800061d   Thumb Code     0  iusefp.o(.text)
    __rt_SIGPVFN                             0x0800061d   Thumb Code     2  cpp_signal.o(.text)
    _double_round                            0x0800061f   Thumb Code    30  depilogue.o(.text)
    _double_epilogue                         0x0800063d   Thumb Code   156  depilogue.o(.text)
    __aeabi_d2ulz                            0x080006d9   Thumb Code    48  dfixul.o(.text)
    __scatterload                            0x08000709   Thumb Code    28  init.o(.text)
    __scatterload_rt2                        0x08000709   Thumb Code     0  init.o(.text)
    __decompress                             0x0800072d   Thumb Code     0  __dczerorl2.o(.text)
    __decompress1                            0x0800072d   Thumb Code    86  __dczerorl2.o(.text)
    BusFault_Handler                         0x08000783   Thumb Code     4  stm32f1xx_it.o(i.BusFault_Handler)
    DMA1_Channel1_IRQHandler                 0x08000789   Thumb Code    14  sys.o(i.DMA1_Channel1_IRQHandler)
    DMA1_Channel2_IRQHandler                 0x0800079d   Thumb Code    14  sys.o(i.DMA1_Channel2_IRQHandler)
    DMA1_Channel3_IRQHandler                 0x080007b1   Thumb Code    14  sys.o(i.DMA1_Channel3_IRQHandler)
    DMA1_Channel4_IRQHandler                 0x080007c5   Thumb Code    16  sys.o(i.DMA1_Channel4_IRQHandler)
    DMA1_Channel5_IRQHandler                 0x080007d9   Thumb Code    16  sys.o(i.DMA1_Channel5_IRQHandler)
    DMA1_Channel6_IRQHandler                 0x080007ed   Thumb Code    14  sys.o(i.DMA1_Channel6_IRQHandler)
    DMA1_Channel7_IRQHandler                 0x08000801   Thumb Code    14  sys.o(i.DMA1_Channel7_IRQHandler)
    DMA2_Channel1_IRQHandler                 0x08000815   Thumb Code    18  sys.o(i.DMA2_Channel1_IRQHandler)
    DMA2_Channel2_IRQHandler                 0x0800082d   Thumb Code    18  sys.o(i.DMA2_Channel2_IRQHandler)
    DMA2_Channel3_IRQHandler                 0x08000845   Thumb Code    20  sys.o(i.DMA2_Channel3_IRQHandler)
    DMA2_Channel4_5_IRQHandler               0x0800085d   Thumb Code    20  sys.o(i.DMA2_Channel4_5_IRQHandler)
    DebugMon_Handler                         0x08000875   Thumb Code     4  stm32f1xx_it.o(i.DebugMon_Handler)
    EXTI0_IRQHandler                         0x08000879   Thumb Code    30  sys.o(i.EXTI0_IRQHandler)
    EXTI15_10_IRQHandler                     0x080008a1   Thumb Code   150  sys.o(i.EXTI15_10_IRQHandler)
    EXTI1_IRQHandler                         0x08000941   Thumb Code    30  sys.o(i.EXTI1_IRQHandler)
    EXTI2_IRQHandler                         0x08000969   Thumb Code    30  sys.o(i.EXTI2_IRQHandler)
    EXTI3_IRQHandler                         0x08000991   Thumb Code    30  sys.o(i.EXTI3_IRQHandler)
    EXTI4_IRQHandler                         0x080009b9   Thumb Code    30  sys.o(i.EXTI4_IRQHandler)
    EXTI9_5_IRQHandler                       0x080009e1   Thumb Code   122  sys.o(i.EXTI9_5_IRQHandler)
    Error_Handler                            0x08000a65   Thumb Code     4  main.o(i.Error_Handler)
    HAL_GPIO_EXTI_Callback                   0x08000a69   Thumb Code     2  stm32f1xx_hal_gpio.o(i.HAL_GPIO_EXTI_Callback)
    HAL_GPIO_Init                            0x08000a6d   Thumb Code   462  stm32f1xx_hal_gpio.o(i.HAL_GPIO_Init)
    HAL_GetTick                              0x08000c65   Thumb Code     6  stm32f1xx_hal.o(i.HAL_GetTick)
    HAL_IncTick                              0x08000c71   Thumb Code    12  stm32f1xx_hal.o(i.HAL_IncTick)
    HAL_Init                                 0x08000c81   Thumb Code    32  stm32f1xx_hal.o(i.HAL_Init)
    HAL_InitTick                             0x08000ca5   Thumb Code    54  stm32f1xx_hal.o(i.HAL_InitTick)
    HAL_MspInit                              0x08000ce5   Thumb Code    92  stm32f1xx_hal_msp.o(i.HAL_MspInit)
    HAL_NVIC_ClearPendingIRQ                 0x08000d45   Thumb Code    22  stm32f1xx_hal_cortex.o(i.HAL_NVIC_ClearPendingIRQ)
    HAL_NVIC_DisableIRQ                      0x08000d5b   Thumb Code    22  stm32f1xx_hal_cortex.o(i.HAL_NVIC_DisableIRQ)
    HAL_NVIC_EnableIRQ                       0x08000d71   Thumb Code    22  stm32f1xx_hal_cortex.o(i.HAL_NVIC_EnableIRQ)
    HAL_NVIC_SetPriority                     0x08000d89   Thumb Code    60  stm32f1xx_hal_cortex.o(i.HAL_NVIC_SetPriority)
    HAL_NVIC_SetPriorityGrouping             0x08000dc9   Thumb Code    26  stm32f1xx_hal_cortex.o(i.HAL_NVIC_SetPriorityGrouping)
    HAL_RCCEx_PeriphCLKConfig                0x08000ded   Thumb Code   224  stm32f1xx_hal_rcc_ex.o(i.HAL_RCCEx_PeriphCLKConfig)
    HAL_RCC_ClockConfig                      0x08000ed9   Thumb Code   280  stm32f1xx_hal_rcc.o(i.HAL_RCC_ClockConfig)
    HAL_RCC_GetPCLK1Freq                     0x08001005   Thumb Code    20  stm32f1xx_hal_rcc.o(i.HAL_RCC_GetPCLK1Freq)
    HAL_RCC_GetPCLK2Freq                     0x08001025   Thumb Code    20  stm32f1xx_hal_rcc.o(i.HAL_RCC_GetPCLK2Freq)
    HAL_RCC_GetSysClockFreq                  0x08001045   Thumb Code    76  stm32f1xx_hal_rcc.o(i.HAL_RCC_GetSysClockFreq)
    HAL_RCC_OscConfig                        0x080010b1   Thumb Code   778  stm32f1xx_hal_rcc.o(i.HAL_RCC_OscConfig)
    HAL_SPI_Init                             0x080013d1   Thumb Code   124  stm32f1xx_hal_spi.o(i.HAL_SPI_Init)
    HAL_SPI_MspInit                          0x0800144d   Thumb Code     2  stm32f1xx_hal_spi.o(i.HAL_SPI_MspInit)
    HAL_SYSTICK_Callback                     0x0800144f   Thumb Code     2  main.o(i.HAL_SYSTICK_Callback)
    HAL_SYSTICK_Config                       0x08001451   Thumb Code    40  stm32f1xx_hal_cortex.o(i.HAL_SYSTICK_Config)
    HAL_SYSTICK_IRQHandler                   0x08001479   Thumb Code     8  stm32f1xx_hal_cortex.o(i.HAL_SYSTICK_IRQHandler)
    HAL_UART_Init                            0x08001481   Thumb Code    98  stm32f1xx_hal_uart.o(i.HAL_UART_Init)
    HAL_UART_MspInit                         0x080014e3   Thumb Code     2  stm32f1xx_hal_uart.o(i.HAL_UART_MspInit)
    HardFault_Handler                        0x080014e5   Thumb Code     4  stm32f1xx_it.o(i.HardFault_Handler)
    MemManage_Handler                        0x080014e9   Thumb Code     4  stm32f1xx_it.o(i.MemManage_Handler)
    NMI_Handler                              0x080014ed   Thumb Code     2  stm32f1xx_it.o(i.NMI_Handler)
    SysTick_Handler                          0x080014ef   Thumb Code    12  stm32f1xx_it.o(i.SysTick_Handler)
    SystemClock_Config                       0x080014fb   Thumb Code   138  main.o(i.SystemClock_Config)
    SystemInit                               0x08001585   Thumb Code    56  system_stm32f1xx.o(i.SystemInit)
    UART4_IRQHandler                         0x080015cd   Thumb Code    14  sys.o(i.UART4_IRQHandler)
    UART5_IRQHandler                         0x080015e1   Thumb Code    14  sys.o(i.UART5_IRQHandler)
    USART1_IRQHandler                        0x080015f5   Thumb Code    22  sys.o(i.USART1_IRQHandler)
    USART2_IRQHandler                        0x08001611   Thumb Code    14  sys.o(i.USART2_IRQHandler)
    USART3_IRQHandler                        0x08001625   Thumb Code    14  sys.o(i.USART3_IRQHandler)
    UsageFault_Handler                       0x08001639   Thumb Code     4  stm32f1xx_it.o(i.UsageFault_Handler)
    serialEvent1()                           0x0800190d   Thumb Code     2  sys.o(i._Z12serialEvent1v)
    serialEvent2()                           0x0800190f   Thumb Code     2  sys.o(i._Z12serialEvent2v)
    serialEvent3()                           0x08001911   Thumb Code     2  sys.o(i._Z12serialEvent3v)
    serialEvent4()                           0x08001913   Thumb Code     2  sys.o(i._Z12serialEvent4v)
    serialEvent5()                           0x08001915   Thumb Code     2  sys.o(i._Z12serialEvent5v)
    RingBuffer::store_char(unsigned char)    0x0800240f   Thumb Code    22  ringbuffer.o(i._ZN10RingBuffer10store_charEh)
    RingBuffer::RingBuffer()                 0x08002425   Thumb Code    20  ringbuffer.o(i._ZN10RingBufferC1Ev)
    RingBuffer::RingBuffer__sub_object()     0x08002425   Thumb Code     0  ringbuffer.o(i._ZN10RingBufferC1Ev)
    USARTClass::IrqHandler()                 0x08002439   Thumb Code    36  usartclass.o(i._ZN10USARTClass10IrqHandlerEv)
    USARTClass::begin(unsigned)              0x0800245d   Thumb Code   596  usartclass.o(i._ZN10USARTClass5beginEj)
    USARTClass::write(unsigned char)         0x080026b5   Thumb Code    22  usartclass.o(i._ZN10USARTClass5writeEh)
    USARTClass::USARTClass(USART_TypeDef*, IRQn_Type, unsigned, RingBuffer*) 0x080026cd   Thumb Code    38  usartclass.o(i._ZN10USARTClassC1EP13USART_TypeDef9IRQn_TypejP10RingBuffer)
    USARTClass::USARTClass__sub_object(USART_TypeDef*, IRQn_Type, unsigned, RingBuffer*) 0x080026cd   Thumb Code     0  usartclass.o(i._ZN10USARTClassC1EP13USART_TypeDef9IRQn_TypejP10RingBuffer)
    BufferFiller::write(unsigned char)       0x080026f9   Thumb Code    14  tcpip.o(i._ZN12BufferFiller5writeEh)
    BufferFiller::emit_p(const char*, ...)   0x08002707   Thumb Code   244  ethercard.o(i._ZN12BufferFiller6emit_pEPKcz)
    Print::print(const char*)                0x080027fb   Thumb Code     4  print.o(i._ZN5Print5printEPKc)
    Print::print(char)                       0x080027ff   Thumb Code     6  print.o(i._ZN5Print5printEc)
    Print::write(const char*)                0x08002805   Thumb Code    34  print.o(i._ZN5Print5writeEPKc)
    Print::write(const unsigned char*, unsigned) 0x08002829   Thumb Code    40  print.o(i._ZN5Print5writeEPKhj)
    Print::println(const char*)              0x08002851   Thumb Code    20  print.o(i._ZN5Print7printlnEPKc)
    Print::println()                         0x08002865   Thumb Code    24  print.o(i._ZN5Print7printlnEv)
    Print::Print__sub_object()               0x0800287d   Thumb Code    10  ethercard.o(i._ZN5PrintC2Ev)
    Stash::initMap(unsigned char)            0x0800288d   Thumb Code    22  ethercard.o(i._ZN5Stash7initMapEh)
    Stash::freeBlock(unsigned char)          0x080028a5   Thumb Code    28  ethercard.o(i._ZN5Stash9freeBlockEh)
    ENC28J60::initialize(unsigned short, const unsigned char*, unsigned char) 0x080028c5   Thumb Code   312  enc28j60.o(i._ZN8ENC28J6010initializeEtPKhh)
    ENC28J60::packetSend(unsigned short)     0x08002a09   Thumb Code   106  enc28j60.o(i._ZN8ENC28J6010packetSendEt)
    ENC28J60::packetReceive()                0x08002a79   Thumb Code   150  enc28j60.o(i._ZN8ENC28J6013packetReceiveEv)
    ENC28J60::enableBroadcast(bool)          0x08002b1d   Thumb Code    32  enc28j60.o(i._ZN8ENC28J6015enableBroadcastEb)
    ENC28J60::disableBroadcast(bool)         0x08002b41   Thumb Code    38  enc28j60.o(i._ZN8ENC28J6016disableBroadcastEb)
    ENC28J60::initSPI()                      0x08002b6d   Thumb Code    18  enc28j60.o(i._ZN8ENC28J607initSPIEv)
    ENC28J60::isLinkUp()                     0x08002b85   Thumb Code    14  enc28j60.o(i._ZN8ENC28J608isLinkUpEv)
    SPIClass::setBitOrder(unsigned short)    0x08002b95   Thumb Code    42  sys.o(i._ZN8SPIClass11setBitOrderEt)
    SPIClass::setDataMode(unsigned char)     0x08002bc5   Thumb Code    84  sys.o(i._ZN8SPIClass11setDataModeEh)
    SPIClass::setdataSize(unsigned short)    0x08002c1d   Thumb Code    42  sys.o(i._ZN8SPIClass11setdataSizeEt)
    SPIClass::setClockDivider(unsigned char) 0x08002c4d   Thumb Code    42  sys.o(i._ZN8SPIClass15setClockDividerEh)
    SPIClass::init()                         0x08002c7d   Thumb Code    90  sys.o(i._ZN8SPIClass4initEv)
    SPIClass::begin()                        0x08002cdd   Thumb Code    48  sys.o(i._ZN8SPIClass5beginEv)
    SPIClass::transfer(unsigned char)        0x08002d0d   Thumb Code    36  sys.o(i._ZN8SPIClass8transferEh)
    SPIClass::SPIClass(SPI_TypeDef*, void(*)()) 0x08002d31   Thumb Code    22  sys.o(i._ZN8SPIClassC1EP11SPI_TypeDefPFYvvE)
    SPIClass::SPIClass__sub_object(SPI_TypeDef*, void(*)()) 0x08002d31   Thumb Code     0  sys.o(i._ZN8SPIClassC1EP11SPI_TypeDefPFYvvE)
    EtherCard::packetLoop(unsigned short)    0x08002d49   Thumb Code   840  tcpip.o(i._ZN9EtherCard10packetLoopEt)
    EtherCard::udpPrepare(unsigned short, const unsigned char*, unsigned short) 0x080030f1   Thumb Code   134  tcpip.o(i._ZN9EtherCard10udpPrepareEtPKht)
    EtherCard::staticSetup(const unsigned char*, const unsigned char*, const unsigned char*, const unsigned char*) 0x08003191   Thumb Code    72  ethercard.o(i._ZN9EtherCard11staticSetupEPKhS1_S1_S1_)
    EtherCard::udpTransmit(unsigned short)   0x080031ed   Thumb Code    70  tcpip.o(i._ZN9EtherCard11udpTransmitEt)
    EtherCard::httpServerReply(unsigned short) 0x08003239   Thumb Code    32  tcpip.o(i._ZN9EtherCard15httpServerReplyEt)
    EtherCard::DhcpStateMachine(unsigned short) 0x08003261   Thumb Code   238  dhcp.o(i._ZN9EtherCard16DhcpStateMachineEt)
    EtherCard::udpServerListening()          0x0800336d   Thumb Code    16  udpserver.o(i._ZN9EtherCard18udpServerListeningEv)
    EtherCard::updateBroadcastAddress()      0x08003381   Thumb Code    30  tcpip.o(i._ZN9EtherCard22updateBroadcastAddressEv)
    EtherCard::udpServerHasProcessedPacket(unsigned short) 0x080033ad   Thumb Code   142  udpserver.o(i._ZN9EtherCard27udpServerHasProcessedPacketEt)
    EtherCard::begin(unsigned short, const unsigned char*, unsigned char) 0x08003449   Thumb Code    40  ethercard.o(i._ZN9EtherCard5beginEtPKhh)
    EtherCard::accept(unsigned short, unsigned short) 0x08003479   Thumb Code   126  tcpip.o(i._ZN9EtherCard6acceptEtt)
    EtherCard::copyIp(unsigned char*, const unsigned char*) 0x08003501   Thumb Code     6  webutil.o(i._ZN9EtherCard6copyIpEPhPKh)
    EtherCard::copyMac(unsigned char*, const unsigned char*) 0x08003507   Thumb Code    10  webutil.o(i._ZN9EtherCard7copyMacEPhPKh)
    EtherCard::setGwIp(const unsigned char*) 0x08003511   Thumb Code    26  tcpip.o(i._ZN9EtherCard7setGwIpEPKh)
    String::StringIfHelper() const           0x08003539   Thumb Code     2  tm1637display.o(i._ZNK6String14StringIfHelperEv)
    __0printf                                0x0800353d   Thumb Code    22  printfa.o(i.__0printf)
    __1printf                                0x0800353d   Thumb Code     0  printfa.o(i.__0printf)
    __2printf                                0x0800353d   Thumb Code     0  printfa.o(i.__0printf)
    __c89printf                              0x0800353d   Thumb Code     0  printfa.o(i.__0printf)
    printf                                   0x0800353d   Thumb Code     0  printfa.o(i.__0printf)
    __cxa_pure_virtual                       0x0800355d   Thumb Code     6  pure_virt.o(i.__cxa_pure_virtual)
    __scatterload_copy                       0x08003563   Thumb Code    14  handlers.o(i.__scatterload_copy)
    __scatterload_null                       0x08003571   Thumb Code     2  handlers.o(i.__scatterload_null)
    __scatterload_zeroinit                   0x08003573   Thumb Code    14  handlers.o(i.__scatterload_zeroinit)
    delay                                    0x08003f2b   Thumb Code    36  sys.o(i.delay)
    delay_ms                                 0x08003f4f   Thumb Code     4  sys.o(i.delay_ms)
    digitalWrite                             0x08003f55   Thumb Code    32  sys.o(i.digitalWrite)
    fputc                                    0x08003f79   Thumb Code    18  main.o(i.fputc)
    main                                     0x08003f91   Thumb Code   136  main.o(i.main)
    micros                                   0x08004055   Thumb Code    68  sys.o(i.micros)
    millis                                   0x08004099   Thumb Code     4  sys.o(i.millis)
    pinMode                                  0x0800409d   Thumb Code   308  sys.o(i.pinMode)
    togglePin                                0x080041e5   Thumb Code    24  sys.o(i.togglePin)
    g_APinDescription                        0x08004200   Data        2268  pinmap.o(.constdata)
    AHBPrescTable                            0x08004afd   Data          16  system_stm32f1xx.o(.constdata)
    APBPrescTable                            0x08004b0d   Data           8  system_stm32f1xx.o(.constdata)
    vtable for USARTClass                    0x08004b18   Data          32  usartclass.o(.constdata__ZTV10USARTClass)
    vtable for BufferFiller                  0x08004b38   Data          16  tcpip.o(.constdata__ZTV12BufferFiller)
    vtable for Print                         0x08004b48   Data          16  print.o(.constdata__ZTV5Print)
    Region$$Table$$Base                      0x08004bf0   Number         0  anon$$obj.o(Region$$Table)
    Region$$Table$$Limit                     0x08004c10   Number         0  anon$$obj.o(Region$$Table)
    SHT$$INIT_ARRAY$$Base                    0x08004c10   Number         0  main.o(.init_array)
    SHT$$INIT_ARRAY$$Limit                   0x08004c18   Number         0  cpp_init.o(.init_array)
    ENC28J60::bufferSize                     0x20000082   Data           2  enc28j60.o(.data)
    ENC28J60::broadcast_enabled              0x20000084   Data           1  enc28j60.o(.data)
    ether                                    0x200000a0   Data           1  ethercard.o(.data)
    EtherCard::mymac                         0x200000a1   Data           6  ethercard.o(.data)
    EtherCard::myip                          0x200000a7   Data           4  ethercard.o(.data)
    EtherCard::netmask                       0x200000ab   Data           4  ethercard.o(.data)
    EtherCard::broadcastip                   0x200000af   Data           4  ethercard.o(.data)
    EtherCard::gwip                          0x200000b3   Data           4  ethercard.o(.data)
    EtherCard::dhcpip                        0x200000b7   Data           4  ethercard.o(.data)
    EtherCard::dnsip                         0x200000bb   Data           4  ethercard.o(.data)
    EtherCard::hisip                         0x200000bf   Data           4  ethercard.o(.data)
    EtherCard::hisport                       0x200000c4   Data           2  ethercard.o(.data)
    EtherCard::using_dhcp                    0x200000c6   Data           1  ethercard.o(.data)
    EtherCard::persist_tcp_connection        0x200000c7   Data           1  ethercard.o(.data)
    EtherCard::delaycnt                      0x200000c8   Data           2  ethercard.o(.data)
    numListeners                             0x2000014c   Data           1  udpserver.o(.data)
    SystemCoreClock                          0x20000174   Data           4  system_stm32f1xx.o(.data)
    uwTickFreq                               0x20000178   Data           1  stm32f1xx_hal.o(.data)
    uwTickPrio                               0x2000017c   Data           4  stm32f1xx_hal.o(.data)
    uwTick                                   0x20000180   Data           4  stm32f1xx_hal.o(.data)
    __stdout                                 0x20000184   Data           4  stdout.o(.data)
    Stash::bufs                              0x20000198   Data         132  ethercard.o(.bss)
    Stash::map                               0x2000021c   Data          32  ethercard.o(.bss)
    listeners                                0x2000024c   Data          64  udpserver.o(.bss)
    bfill                                    0x2000029c   Data          16  main.o(.bss)
    ENC28J60::buffer                         0x200002ac   Data         200  main.o(.bss)
    rx_buffer1                               0x20000488   Data          72  sys.o(.bss)
    rx_buffer2                               0x200004d0   Data          72  sys.o(.bss)
    rx_buffer3                               0x20000518   Data          72  sys.o(.bss)
    rx_buffer4                               0x20000560   Data          72  sys.o(.bss)
    rx_buffer5                               0x200005a8   Data          72  sys.o(.bss)
    rx_buffer6                               0x200005f0   Data          72  sys.o(.bss)
    Serial                                   0x20000638   Data         116  sys.o(.bss)
    Serial1                                  0x200006ac   Data         116  sys.o(.bss)
    Serial2                                  0x20000720   Data         116  sys.o(.bss)
    Serial3                                  0x20000794   Data         116  sys.o(.bss)
    Serial4                                  0x20000808   Data         116  sys.o(.bss)
    Serial5                                  0x2000087c   Data         116  sys.o(.bss)
    SPIx                                     0x200008f0   Data          92  sys.o(.bss)
    SPI                                      0x2000094c   Data          92  sys.o(.bss)
    SPI_3                                    0x200009a8   Data          92  sys.o(.bss)
    htim2                                    0x20000a44   Data          64  sys.o(.bss)
    __initial_sp                             0x20000ec8   Data           0  startup_stm32f101xg.o(STACK)



==============================================================================

Memory Map of the image

  Image Entry point : 0x08000131

  Load Region LR_IROM1 (Base: 0x08000000, Size: 0x00004da0, Max: 0x00010000, ABSOLUTE, COMPRESSED[0x00004c60])

    Execution Region ER_IROM1 (Base: 0x08000000, Size: 0x00004c18, Max: 0x00010000, ABSOLUTE)

    Base Addr    Size         Type   Attr      Idx    E Section Name        Object

    0x08000000   0x00000130   Data   RO            3    RESET               startup_stm32f101xg.o
    0x08000130   0x00000000   Code   RO         7012  * .ARM.Collect$$$$00000000  mc_w.l(entry.o)
    0x08000130   0x00000004   Code   RO         7448    .ARM.Collect$$$$00000001  mc_w.l(entry2.o)
    0x08000134   0x00000004   Code   RO         7451    .ARM.Collect$$$$00000004  mc_w.l(entry5.o)
    0x08000138   0x00000000   Code   RO         7453    .ARM.Collect$$$$00000008  mc_w.l(entry7b.o)
    0x08000138   0x00000004   Code   RO         7454    .ARM.Collect$$$$00000009  mc_w.l(entry8a.o)
    0x0800013c   0x00000000   Code   RO         7455    .ARM.Collect$$$$0000000A  mc_w.l(entry8b.o)
    0x0800013c   0x00000008   Code   RO         7456    .ARM.Collect$$$$0000000B  mc_w.l(entry9a.o)
    0x08000144   0x00000000   Code   RO         7458    .ARM.Collect$$$$0000000D  mc_w.l(entry10a.o)
    0x08000144   0x00000000   Code   RO         7460    .ARM.Collect$$$$0000000F  mc_w.l(entry11a.o)
    0x08000144   0x00000004   Code   RO         7449    .ARM.Collect$$$$00002712  mc_w.l(entry2.o)
    0x08000148   0x00000024   Code   RO            4    .text               startup_stm32f101xg.o
    0x0800016c   0x00000024   Code   RO         7054    .text               mc_w.l(memseta.o)
    0x08000190   0x0000000e   Code   RO         7062    .text               mc_w.l(strlen.o)
    0x0800019e   0x0000001a   Code   RO         7066    .text               mc_w.l(memcmp.o)
    0x080001b8   0x00000012   Code   RO         7068    .text               mc_w.l(strcpy.o)
    0x080001ca   0x00000002   PAD
    0x080001cc   0x00000020   Code   RO         7374    .text               mc_w.l(cpp_init.o)
    0x080001ec   0x0000014e   Code   RO         7376    .text               mf_w.l(dadd.o)
    0x0800033a   0x000000e4   Code   RO         7378    .text               mf_w.l(dmul.o)
    0x0800041e   0x000000de   Code   RO         7380    .text               mf_w.l(ddiv.o)
    0x080004fc   0x00000030   Code   RO         7394    .text               mf_w.l(cdrcmple.o)
    0x0800052c   0x0000002c   Code   RO         7463    .text               mc_w.l(uidiv.o)
    0x08000558   0x00000062   Code   RO         7465    .text               mc_w.l(uldiv.o)
    0x080005ba   0x0000001e   Code   RO         7467    .text               mc_w.l(llshl.o)
    0x080005d8   0x00000020   Code   RO         7469    .text               mc_w.l(llushr.o)
    0x080005f8   0x00000024   Code   RO         7471    .text               mc_w.l(llsshr.o)
    0x0800061c   0x00000000   Code   RO         7486    .text               mc_w.l(iusefp.o)
    0x0800061c   0x00000002   Code   RO         7487    .text               mc_w.l(cpp_signal.o)
    0x0800061e   0x000000ba   Code   RO         7491    .text               mf_w.l(depilogue.o)
    0x080006d8   0x00000030   Code   RO         7495    .text               mf_w.l(dfixul.o)
    0x08000708   0x00000024   Code   RO         7510    .text               mc_w.l(init.o)
    0x0800072c   0x00000056   Code   RO         7547    .text               mc_w.l(__dczerorl2.o)
    0x08000782   0x00000004   Code   RO         1728    i.BusFault_Handler  stm32f1xx_it.o
    0x08000786   0x00000002   PAD
    0x08000788   0x00000014   Code   RO         2603    i.DMA1_Channel1_IRQHandler  F1Cpp.lib(sys.o)
    0x0800079c   0x00000014   Code   RO         2604    i.DMA1_Channel2_IRQHandler  F1Cpp.lib(sys.o)
    0x080007b0   0x00000014   Code   RO         2605    i.DMA1_Channel3_IRQHandler  F1Cpp.lib(sys.o)
    0x080007c4   0x00000014   Code   RO         2606    i.DMA1_Channel4_IRQHandler  F1Cpp.lib(sys.o)
    0x080007d8   0x00000014   Code   RO         2607    i.DMA1_Channel5_IRQHandler  F1Cpp.lib(sys.o)
    0x080007ec   0x00000014   Code   RO         2608    i.DMA1_Channel6_IRQHandler  F1Cpp.lib(sys.o)
    0x08000800   0x00000014   Code   RO         2609    i.DMA1_Channel7_IRQHandler  F1Cpp.lib(sys.o)
    0x08000814   0x00000018   Code   RO         2610    i.DMA2_Channel1_IRQHandler  F1Cpp.lib(sys.o)
    0x0800082c   0x00000018   Code   RO         2611    i.DMA2_Channel2_IRQHandler  F1Cpp.lib(sys.o)
    0x08000844   0x00000018   Code   RO         2612    i.DMA2_Channel3_IRQHandler  F1Cpp.lib(sys.o)
    0x0800085c   0x00000018   Code   RO         2613    i.DMA2_Channel4_5_IRQHandler  F1Cpp.lib(sys.o)
    0x08000874   0x00000004   Code   RO         1729    i.DebugMon_Handler  stm32f1xx_it.o
    0x08000878   0x00000028   Code   RO         2615    i.EXTI0_IRQHandler  F1Cpp.lib(sys.o)
    0x080008a0   0x000000a0   Code   RO         2616    i.EXTI15_10_IRQHandler  F1Cpp.lib(sys.o)
    0x08000940   0x00000028   Code   RO         2617    i.EXTI1_IRQHandler  F1Cpp.lib(sys.o)
    0x08000968   0x00000028   Code   RO         2618    i.EXTI2_IRQHandler  F1Cpp.lib(sys.o)
    0x08000990   0x00000028   Code   RO         2619    i.EXTI3_IRQHandler  F1Cpp.lib(sys.o)
    0x080009b8   0x00000028   Code   RO         2620    i.EXTI4_IRQHandler  F1Cpp.lib(sys.o)
    0x080009e0   0x00000084   Code   RO         2621    i.EXTI9_5_IRQHandler  F1Cpp.lib(sys.o)
    0x08000a64   0x00000004   Code   RO         1798    i.Error_Handler     main.o
    0x08000a68   0x00000002   Code   RO         4942    i.HAL_GPIO_EXTI_Callback  F1Cpp.lib(stm32f1xx_hal_gpio.o)
    0x08000a6a   0x00000002   PAD
    0x08000a6c   0x000001f8   Code   RO         4944    i.HAL_GPIO_Init     F1Cpp.lib(stm32f1xx_hal_gpio.o)
    0x08000c64   0x0000000c   Code   RO         2099    i.HAL_GetTick       F1Cpp.lib(stm32f1xx_hal.o)
    0x08000c70   0x00000010   Code   RO         2105    i.HAL_IncTick       F1Cpp.lib(stm32f1xx_hal.o)
    0x08000c80   0x00000024   Code   RO         2106    i.HAL_Init          F1Cpp.lib(stm32f1xx_hal.o)
    0x08000ca4   0x00000040   Code   RO         2107    i.HAL_InitTick      F1Cpp.lib(stm32f1xx_hal.o)
    0x08000ce4   0x00000060   Code   RO         1604    i.HAL_MspInit       stm32f1xx_hal_msp.o
    0x08000d44   0x00000016   Code   RO         2294    i.HAL_NVIC_ClearPendingIRQ  F1Cpp.lib(stm32f1xx_hal_cortex.o)
    0x08000d5a   0x00000016   Code   RO         2295    i.HAL_NVIC_DisableIRQ  F1Cpp.lib(stm32f1xx_hal_cortex.o)
    0x08000d70   0x00000016   Code   RO         2296    i.HAL_NVIC_EnableIRQ  F1Cpp.lib(stm32f1xx_hal_cortex.o)
    0x08000d86   0x00000002   PAD
    0x08000d88   0x00000040   Code   RO         2302    i.HAL_NVIC_SetPriority  F1Cpp.lib(stm32f1xx_hal_cortex.o)
    0x08000dc8   0x00000024   Code   RO         2303    i.HAL_NVIC_SetPriorityGrouping  F1Cpp.lib(stm32f1xx_hal_cortex.o)
    0x08000dec   0x000000ec   Code   RO         2563    i.HAL_RCCEx_PeriphCLKConfig  F1Cpp.lib(stm32f1xx_hal_rcc_ex.o)
    0x08000ed8   0x0000012c   Code   RO         2446    i.HAL_RCC_ClockConfig  F1Cpp.lib(stm32f1xx_hal_rcc.o)
    0x08001004   0x00000020   Code   RO         2453    i.HAL_RCC_GetPCLK1Freq  F1Cpp.lib(stm32f1xx_hal_rcc.o)
    0x08001024   0x00000020   Code   RO         2454    i.HAL_RCC_GetPCLK2Freq  F1Cpp.lib(stm32f1xx_hal_rcc.o)
    0x08001044   0x0000006c   Code   RO         2455    i.HAL_RCC_GetSysClockFreq  F1Cpp.lib(stm32f1xx_hal_rcc.o)
    0x080010b0   0x00000320   Code   RO         2458    i.HAL_RCC_OscConfig  F1Cpp.lib(stm32f1xx_hal_rcc.o)
    0x080013d0   0x0000007c   Code   RO         5026    i.HAL_SPI_Init      F1Cpp.lib(stm32f1xx_hal_spi.o)
    0x0800144c   0x00000002   Code   RO         5028    i.HAL_SPI_MspInit   F1Cpp.lib(stm32f1xx_hal_spi.o)
    0x0800144e   0x00000002   Code   RO         1799    i.HAL_SYSTICK_Callback  main.o
    0x08001450   0x00000028   Code   RO         2307    i.HAL_SYSTICK_Config  F1Cpp.lib(stm32f1xx_hal_cortex.o)
    0x08001478   0x00000008   Code   RO         2308    i.HAL_SYSTICK_IRQHandler  F1Cpp.lib(stm32f1xx_hal_cortex.o)
    0x08001480   0x00000062   Code   RO         6496    i.HAL_UART_Init     F1Cpp.lib(stm32f1xx_hal_uart.o)
    0x080014e2   0x00000002   Code   RO         6498    i.HAL_UART_MspInit  F1Cpp.lib(stm32f1xx_hal_uart.o)
    0x080014e4   0x00000004   Code   RO         1730    i.HardFault_Handler  stm32f1xx_it.o
    0x080014e8   0x00000004   Code   RO         1731    i.MemManage_Handler  stm32f1xx_it.o
    0x080014ec   0x00000002   Code   RO         1732    i.NMI_Handler       stm32f1xx_it.o
    0x080014ee   0x0000000c   Code   RO         1733    i.SysTick_Handler   stm32f1xx_it.o
    0x080014fa   0x0000008a   Code   RO         1800    i.SystemClock_Config  main.o
    0x08001584   0x00000048   Code   RO         1897    i.SystemInit        F1Cpp.lib(system_stm32f1xx.o)
    0x080015cc   0x00000014   Code   RO         2630    i.UART4_IRQHandler  F1Cpp.lib(sys.o)
    0x080015e0   0x00000014   Code   RO         2631    i.UART5_IRQHandler  F1Cpp.lib(sys.o)
    0x080015f4   0x0000001c   Code   RO         2632    i.USART1_IRQHandler  F1Cpp.lib(sys.o)
    0x08001610   0x00000014   Code   RO         2633    i.USART2_IRQHandler  F1Cpp.lib(sys.o)
    0x08001624   0x00000014   Code   RO         2634    i.USART3_IRQHandler  F1Cpp.lib(sys.o)
    0x08001638   0x00000004   Code   RO         1734    i.UsageFault_Handler  stm32f1xx_it.o
    0x0800163c   0x00000054   Code   RO         2635    i._Z10SPI_1_Initv   F1Cpp.lib(sys.o)
    0x08001690   0x00000054   Code   RO         2636    i._Z10SPI_2_Initv   F1Cpp.lib(sys.o)
    0x080016e4   0x00000044   Code   RO         2637    i._Z10SPI_3_Initv   F1Cpp.lib(sys.o)
    0x08001728   0x000000f4   Code   RO         1096    i._Z10client_synhhh  tcpip.o
    0x0800181c   0x00000014   Code   RO          699    i._Z10enableChipv   enc28j60.o
    0x08001830   0x00000014   Code   RO          700    i._Z11disableChipv  enc28j60.o
    0x08001844   0x0000002c   Code   RO         1097    i._Z11make_eth_ipv  tcpip.o
    0x08001870   0x00000034   Code   RO          701    i._Z11readPhyByteh  enc28j60.o
    0x080018a4   0x00000014   Code   RO          702    i._Z11readRegByteh  enc28j60.o
    0x080018b8   0x00000054   Code   RO         1098    i._Z12make_tcpheadth  tcpip.o
    0x0800190c   0x00000002   Code   RO         2640    i._Z12serialEvent1v  F1Cpp.lib(sys.o)
    0x0800190e   0x00000002   Code   RO         2641    i._Z12serialEvent2v  F1Cpp.lib(sys.o)
    0x08001910   0x00000002   Code   RO         2642    i._Z12serialEvent3v  F1Cpp.lib(sys.o)
    0x08001912   0x00000002   Code   RO         2643    i._Z12serialEvent4v  F1Cpp.lib(sys.o)
    0x08001914   0x00000002   Code   RO         2644    i._Z12serialEvent5v  F1Cpp.lib(sys.o)
    0x08001916   0x00000002   PAD
    0x08001918   0x00000028   Code   RO         1099    i._Z12setMACandIPsPKhS0_  tcpip.o
    0x08001940   0x00000018   Code   RO          703    i._Z12writeRegBytehh  enc28j60.o
    0x08001958   0x00000070   Code   RO         1100    i._Z13fill_checksumhhth  tcpip.o
    0x080019c8   0x000000b8   Code   RO         6510    i._Z14UART_SetConfigP20__UART_HandleTypeDef  F1Cpp.lib(stm32f1xx_hal_uart.o)
    0x08001a80   0x00000020   Code   RO         2309    i._Z16NVIC_SetPriority9IRQn_Typej  F1Cpp.lib(stm32f1xx_hal_cortex.o)
    0x08001aa0   0x00000028   Code   RO         1103    i._Z16client_store_macPhS_  tcpip.o
    0x08001ac8   0x00000030   Code   RO         1104    i._Z16get_tcp_data_lenv  tcpip.o
    0x08001af8   0x00000064   Code   RO         1105    i._Z17client_arp_whohasPh  tcpip.o
    0x08001b5c   0x00000170   Code   RO          540    i._Z17send_dhcp_messagev  dhcp.o
    0x08001ccc   0x00000100   Code   RO          541    i._Z18process_dhcp_offert  dhcp.o
    0x08001dcc   0x00000028   Code   RO         1106    i._Z20fill_ip_hdr_checksumv  tcpip.o
    0x08001df4   0x00000058   Code   RO         1107    i._Z21make_tcp_ack_from_anysh  tcpip.o
    0x08001e4c   0x00000030   Code   RO         4016    i._Z23USART_INT_ClearAllFlagsP13USART_TypeDef9IRQn_Type  F1Cpp.lib(usartclass.o)
    0x08001e7c   0x0000001c   Code   RO         1108    i._Z24check_ip_message_is_fromPKh  tcpip.o
    0x08001e98   0x00000060   Code   RO         1109    i._Z24eth_type_is_ip_and_my_ipt  tcpip.o
    0x08001ef8   0x0000008c   Code   RO         1110    i._Z24make_tcp_synack_from_synv  tcpip.o
    0x08001f84   0x00000038   Code   RO         1111    i._Z25eth_type_is_arp_and_my_ipt  tcpip.o
    0x08001fbc   0x00000058   Code   RO          542    i._Z26dhcp_received_message_typeth  dhcp.o
    0x08002014   0x00000054   Code   RO         1112    i._Z28make_arp_answer_from_requestv  tcpip.o
    0x08002068   0x00000040   Code   RO         1113    i._Z28make_echo_reply_from_requestt  tcpip.o
    0x080020a8   0x00000044   Code   RO         1115    i._Z30make_tcp_ack_with_data_noflagst  tcpip.o
    0x080020ec   0x00000036   Code   RO          895    i._Z4wtoatPc        ethercard.o
    0x08002122   0x00000002   PAD
    0x08002124   0x0000003c   Code   RO         1117    i._Z6is_lanPKhS0_   tcpip.o
    0x08002160   0x00000040   Code   RO          704    i._Z6readOphh       enc28j60.o
    0x080021a0   0x00000038   Code   RO          705    i._Z7SetBankh       enc28j60.o
    0x080021d8   0x00000034   Code   RO          706    i._Z7readBuftPh     enc28j60.o
    0x0800220c   0x00000020   Code   RO         1119    i._Z7setMACsPKh     tcpip.o
    0x0800222c   0x0000002c   Code   RO          708    i._Z7writeOphhh     enc28j60.o
    0x08002258   0x0000001c   Code   RO          543    i._Z8addByteshPKh   dhcp.o
    0x08002274   0x00000018   Code   RO          544    i._Z8addToBufh      dhcp.o
    0x0800228c   0x000000cc   Code   RO         1801    i._Z8homePagev      main.o
    0x08002358   0x00000040   Code   RO         1121    i._Z8step_seqth     tcpip.o
    0x08002398   0x00000034   Code   RO          709    i._Z8writeBuftPKh   enc28j60.o
    0x080023cc   0x00000028   Code   RO          710    i._Z8writePhyht     enc28j60.o
    0x080023f4   0x0000001a   Code   RO          711    i._Z8writeReght     enc28j60.o
    0x0800240e   0x00000016   Code   RO         6848    i._ZN10RingBuffer10store_charEh  F1Cpp.lib(ringbuffer.o)
    0x08002424   0x00000014   Code   RO         6849    i._ZN10RingBufferC1Ev  F1Cpp.lib(ringbuffer.o)
    0x08002438   0x00000024   Code   RO         4018    i._ZN10USARTClass10IrqHandlerEv  F1Cpp.lib(usartclass.o)
    0x0800245c   0x00000258   Code   RO         4022    i._ZN10USARTClass5beginEj  F1Cpp.lib(usartclass.o)
    0x080026b4   0x00000016   Code   RO         4024    i._ZN10USARTClass5writeEh  F1Cpp.lib(usartclass.o)
    0x080026ca   0x00000002   PAD
    0x080026cc   0x0000002c   Code   RO         4029    i._ZN10USARTClassC1EP13USART_TypeDef9IRQn_TypejP10RingBuffer  F1Cpp.lib(usartclass.o)
    0x080026f8   0x0000000e   Code   RO         1423    i._ZN12BufferFiller5writeEh  tcpip.o
    0x08002706   0x000000f4   Code   RO          896    i._ZN12BufferFiller6emit_pEPKcz  ethercard.o
    0x080027fa   0x00000004   Code   RO         4294    i._ZN5Print5printEPKc  F1Cpp.lib(print.o)
    0x080027fe   0x00000006   Code   RO         4297    i._ZN5Print5printEc  F1Cpp.lib(print.o)
    0x08002804   0x00000022   Code   RO         4473    i._ZN5Print5writeEPKc  F1Cpp.lib(print.o)
    0x08002826   0x00000002   PAD
    0x08002828   0x00000028   Code   RO         4304    i._ZN5Print5writeEPKhj  F1Cpp.lib(print.o)
    0x08002850   0x00000014   Code   RO         4307    i._ZN5Print7printlnEPKc  F1Cpp.lib(print.o)
    0x08002864   0x00000018   Code   RO         4317    i._ZN5Print7printlnEv  F1Cpp.lib(print.o)
    0x0800287c   0x00000010   Code   RO         1043    i._ZN5PrintC2Ev     ethercard.o
    0x0800288c   0x00000016   Code   RO          908    i._ZN5Stash7initMapEh  ethercard.o
    0x080028a2   0x00000002   PAD
    0x080028a4   0x00000020   Code   RO          912    i._ZN5Stash9freeBlockEh  ethercard.o
    0x080028c4   0x00000144   Code   RO          712    i._ZN8ENC28J6010initializeEtPKhh  enc28j60.o
    0x08002a08   0x00000070   Code   RO          713    i._ZN8ENC28J6010packetSendEt  enc28j60.o
    0x08002a78   0x000000a4   Code   RO          714    i._ZN8ENC28J6013packetReceiveEv  enc28j60.o
    0x08002b1c   0x00000024   Code   RO          715    i._ZN8ENC28J6015enableBroadcastEb  enc28j60.o
    0x08002b40   0x0000002c   Code   RO          717    i._ZN8ENC28J6016disableBroadcastEb  enc28j60.o
    0x08002b6c   0x00000018   Code   RO          723    i._ZN8ENC28J607initSPIEv  enc28j60.o
    0x08002b84   0x0000000e   Code   RO          725    i._ZN8ENC28J608isLinkUpEv  enc28j60.o
    0x08002b92   0x00000002   PAD
    0x08002b94   0x00000030   Code   RO         2698    i._ZN8SPIClass11setBitOrderEt  F1Cpp.lib(sys.o)
    0x08002bc4   0x00000058   Code   RO         2699    i._ZN8SPIClass11setDataModeEh  F1Cpp.lib(sys.o)
    0x08002c1c   0x00000030   Code   RO         2700    i._ZN8SPIClass11setdataSizeEt  F1Cpp.lib(sys.o)
    0x08002c4c   0x00000030   Code   RO         2703    i._ZN8SPIClass15setClockDividerEh  F1Cpp.lib(sys.o)
    0x08002c7c   0x00000060   Code   RO         2705    i._ZN8SPIClass4initEv  F1Cpp.lib(sys.o)
    0x08002cdc   0x00000030   Code   RO         2706    i._ZN8SPIClass5beginEv  F1Cpp.lib(sys.o)
    0x08002d0c   0x00000024   Code   RO         2714    i._ZN8SPIClass8transferEh  F1Cpp.lib(sys.o)
    0x08002d30   0x00000016   Code   RO         2715    i._ZN8SPIClassC1EP11SPI_TypeDefPFYvvE  F1Cpp.lib(sys.o)
    0x08002d46   0x00000002   PAD
    0x08002d48   0x000003a8   Code   RO         1123    i._ZN9EtherCard10packetLoopEt  tcpip.o
    0x080030f0   0x000000a0   Code   RO         1124    i._ZN9EtherCard10udpPrepareEtPKht  tcpip.o
    0x08003190   0x0000005c   Code   RO          914    i._ZN9EtherCard11staticSetupEPKhS1_S1_S1_  ethercard.o
    0x080031ec   0x0000004c   Code   RO         1125    i._ZN9EtherCard11udpTransmitEt  tcpip.o
    0x08003238   0x00000028   Code   RO         1129    i._ZN9EtherCard15httpServerReplyEt  tcpip.o
    0x08003260   0x0000010c   Code   RO          545    i._ZN9EtherCard16DhcpStateMachineEt  dhcp.o
    0x0800336c   0x00000014   Code   RO         1448    i._ZN9EtherCard18udpServerListeningEv  udpserver.o
    0x08003380   0x0000002c   Code   RO         1135    i._ZN9EtherCard22updateBroadcastAddressEv  tcpip.o
    0x080033ac   0x0000009c   Code   RO         1451    i._ZN9EtherCard27udpServerHasProcessedPacketEt  udpserver.o
    0x08003448   0x00000030   Code   RO          915    i._ZN9EtherCard5beginEtPKhh  ethercard.o
    0x08003478   0x00000088   Code   RO         1138    i._ZN9EtherCard6acceptEtt  tcpip.o
    0x08003500   0x00000006   Code   RO         1504    i._ZN9EtherCard6copyIpEPhPKh  webutil.o
    0x08003506   0x0000000a   Code   RO         1505    i._ZN9EtherCard7copyMacEPhPKh  webutil.o
    0x08003510   0x00000028   Code   RO         1141    i._ZN9EtherCard7setGwIpEPKh  tcpip.o
    0x08003538   0x00000002   Code   RO          387    i._ZNK6String14StringIfHelperEv  tm1637display.o
    0x0800353a   0x00000002   PAD
    0x0800353c   0x00000020   Code   RO         7311    i.__0printf         mc_w.l(printfa.o)
    0x0800355c   0x00000006   Code   RO         6877    i.__cxa_pure_virtual  cpprt_w.l(pure_virt.o)
    0x08003562   0x0000000e   Code   RO         7541    i.__scatterload_copy  mc_w.l(handlers.o)
    0x08003570   0x00000002   Code   RO         7542    i.__scatterload_null  mc_w.l(handlers.o)
    0x08003572   0x0000000e   Code   RO         7543    i.__scatterload_zeroinit  mc_w.l(handlers.o)
    0x08003580   0x000000fc   Code   RO         2752    i.__sti___5_sys_c_pinMode  F1Cpp.lib(sys.o)
    0x0800367c   0x0000001c   Code   RO         1802    i.__sti___6_main_c_bfill  main.o
    0x08003698   0x00000164   Code   RO         7318    i._fp_digits        mc_w.l(printfa.o)
    0x080037fc   0x000006dc   Code   RO         7319    i._printf_core      mc_w.l(printfa.o)
    0x08003ed8   0x00000024   Code   RO         7320    i._printf_post_padding  mc_w.l(printfa.o)
    0x08003efc   0x0000002e   Code   RO         7321    i._printf_pre_padding  mc_w.l(printfa.o)
    0x08003f2a   0x00000024   Code   RO         2758    i.delay             F1Cpp.lib(sys.o)
    0x08003f4e   0x00000004   Code   RO         2760    i.delay_ms          F1Cpp.lib(sys.o)
    0x08003f52   0x00000002   PAD
    0x08003f54   0x00000024   Code   RO         2763    i.digitalWrite      F1Cpp.lib(sys.o)
    0x08003f78   0x00000018   Code   RO         1803    i.fputc             main.o
    0x08003f90   0x000000c4   Code   RO         1804    i.main              main.o
    0x08004054   0x00000044   Code   RO         2771    i.micros            F1Cpp.lib(sys.o)
    0x08004098   0x00000004   Code   RO         2772    i.millis            F1Cpp.lib(sys.o)
    0x0800409c   0x00000148   Code   RO         2773    i.pinMode           F1Cpp.lib(sys.o)
    0x080041e4   0x0000001c   Code   RO         2782    i.togglePin         F1Cpp.lib(sys.o)
    0x08004200   0x000008dc   Data   RO           14    .constdata          pinmap.o
    0x08004adc   0x00000021   Data   RO         1199    .constdata          tcpip.o
    0x08004afd   0x00000010   Data   RO         1900    .constdata          F1Cpp.lib(system_stm32f1xx.o)
    0x08004b0d   0x00000008   Data   RO         1901    .constdata          F1Cpp.lib(system_stm32f1xx.o)
    0x08004b15   0x00000003   PAD
    0x08004b18   0x00000020   Data   RO         4121    .constdata__ZTV10USARTClass  F1Cpp.lib(usartclass.o)
    0x08004b38   0x00000010   Data   RO         1420    .constdata__ZTV12BufferFiller  tcpip.o
    0x08004b48   0x00000010   Data   RO         4472    .constdata__ZTV5Print  F1Cpp.lib(print.o)
    0x08004b58   0x00000098   Data   RO         1813    .conststring        main.o
    0x08004bf0   0x00000020   Data   RO         7539    Region$$Table       anon$$obj.o
    0x08004c10   0x00000004   Data   RO         1815    .init_array         main.o
    0x08004c14   0x00000004   Data   RO         2977    .init_array         F1Cpp.lib(sys.o)
    0x08004c18   0x00000000   Data   RO         7372    .init_array         mc_w.l(cpp_init.o)


    Execution Region RW_IRAM1 (Base: 0x20000000, Size: 0x00000ec8, Max: 0x00005000, ABSOLUTE, COMPRESSED[0x00000048])

    Base Addr    Size         Type   Attr      Idx    E Section Name        Object

    0x20000000   0x0000005e   Data   RW          557    .data               dhcp.o
    0x2000005e   0x00000002   PAD
    0x20000060   0x00000025   Data   RW          756    .data               enc28j60.o
    0x20000085   0x00000003   PAD
    0x20000088   0x00000042   Data   RW          938    .data               ethercard.o
    0x200000ca   0x00000002   PAD
    0x200000cc   0x00000068   Data   RW         1201    .data               tcpip.o
    0x20000134   0x00000019   Data   RW         1459    .data               udpserver.o
    0x2000014d   0x00000003   PAD
    0x20000150   0x00000022   Data   RW         1814    .data               main.o
    0x20000172   0x00000002   PAD
    0x20000174   0x00000004   Data   RW         1902    .data               F1Cpp.lib(system_stm32f1xx.o)
    0x20000178   0x0000000c   Data   RW         2138    .data               F1Cpp.lib(stm32f1xx_hal.o)
    0x20000184   0x00000004   Data   RW         7462    .data               mc_w.l(stdout.o)
    0x20000188   0x000000b4   Zero   RW          937    .bss                ethercard.o
    0x2000023c   0x00000050   Zero   RW         1458    .bss                udpserver.o
    0x2000028c   0x000000e8   Zero   RW         1812    .bss                main.o
    0x20000374   0x00000710   Zero   RW         2974    .bss                F1Cpp.lib(sys.o)
    0x20000a84   0x00000040   Zero   RW         4045    .bss                F1Cpp.lib(usartclass.o)
    0x20000ac4   0x00000004   PAD
    0x20000ac8   0x00000400   Zero   RW            1    STACK               startup_stm32f101xg.o


==============================================================================

Image component sizes


      Code (inc. data)   RO Data    RW Data    ZI Data      Debug   Object Name

      1032        142          0         94          0      18812   dhcp.o
         0          0          0          0          0      16629   dht11.o
      1188         86          0         37          0      16092   enc28j60.o
       508         38          0         66        180      12840   ethercard.o
       596         90        156         34        232      11483   main.o
         0          0       2268          0          0     404922   pinmap.o
        36          8        304          0       1024        908   startup_stm32f101xg.o
        96          4          0          0          0       2018   stm32f1xx_hal_msp.o
        34          0          0          0          0       2759   stm32f1xx_it.o
      2978        350         49        104          0      23104   tcpip.o
         2          0          0          0          0       8785   tm1637display.o
       176         18          0         25         80       2753   udpserver.o
        16          0          0          0          0       2076   webutil.o

    ----------------------------------------------------------------------
      6672        736       2809        372       1516     523181   Object Totals
         0          0         32          0          0          0   (incl. Generated)
        10          0          0         12          0          0   (incl. Padding)

    ----------------------------------------------------------------------

      Code (inc. data)   RO Data    RW Data    ZI Data      Debug   Library Member Name

       128          0         16          0          0       6432   print.o
        42          0          0          0          0       2488   ringbuffer.o
       128         24          0         12          0       6633   stm32f1xx_hal.o
       246         14          0          0          0      28469   stm32f1xx_hal_cortex.o
       506         42          0          0          0       2469   stm32f1xx_hal_gpio.o
      1272         98          0          0          0       4788   stm32f1xx_hal_rcc.o
       236         12          0          0          0       1296   stm32f1xx_hal_rcc_ex.o
       126          0          0          0          0       1605   stm32f1xx_hal_spi.o
       284          6          0          0          0       2275   stm32f1xx_hal_uart.o
      2272        278          4          0       1808     524277   sys.o
        72         16         24          4          0     465611   system_stm32f1xx.o
       750         14         32          0         64     434420   usartclass.o
         6          0          0          0          0         68   pure_virt.o
        86          0          0          0          0          0   __dczerorl2.o
        32         10          0          0          0         80   cpp_init.o
         2          0          0          0          0         68   cpp_signal.o
         0          0          0          0          0          0   entry.o
         0          0          0          0          0          0   entry10a.o
         0          0          0          0          0          0   entry11a.o
         8          4          0          0          0          0   entry2.o
         4          0          0          0          0          0   entry5.o
         0          0          0          0          0          0   entry7b.o
         4          0          0          0          0          0   entry8a.o
         0          0          0          0          0          0   entry8b.o
         8          4          0          0          0          0   entry9a.o
        30          0          0          0          0          0   handlers.o
        36          8          0          0          0         68   init.o
         0          0          0          0          0          0   iusefp.o
        30          0          0          0          0         68   llshl.o
        36          0          0          0          0         68   llsshr.o
        32          0          0          0          0         68   llushr.o
        26          0          0          0          0         80   memcmp.o
        36          0          0          0          0        108   memseta.o
      2226         90          0          0          0        444   printfa.o
         0          0          0          4          0          0   stdout.o
        18          0          0          0          0         68   strcpy.o
        14          0          0          0          0         68   strlen.o
        44          0          0          0          0         80   uidiv.o
        98          0          0          0          0         92   uldiv.o
        48          0          0          0          0         68   cdrcmple.o
       334          0          0          0          0        148   dadd.o
       222          0          0          0          0        100   ddiv.o
       186          0          0          0          0        176   depilogue.o
        48          0          0          0          0         68   dfixul.o
       228          0          0          0          0         96   dmul.o

    ----------------------------------------------------------------------
      9920        620         79         20       1876    1482847   Library Totals
        16          0          3          0          4          0   (incl. Padding)

    ----------------------------------------------------------------------

      Code (inc. data)   RO Data    RW Data    ZI Data      Debug   Library Name

      6062        504         76         16       1872    1480763   F1Cpp.lib
         6          0          0          0          0         68   cpprt_w.l
      2770        116          0          4          0       1360   mc_w.l
      1066          0          0          0          0        656   mf_w.l

    ----------------------------------------------------------------------
      9920        620         79         20       1876    1482847   Library Totals

    ----------------------------------------------------------------------

==============================================================================


      Code (inc. data)   RO Data    RW Data    ZI Data      Debug   

     16592       1356       2888        392       3392    1996796   Grand Totals
     16592       1356       2888         72       3392    1996796   ELF Image Totals (compressed)
     16592       1356       2888         72          0          0   ROM Totals

==============================================================================

    Total RO  Size (Code + RO Data)                19480 (  19.02kB)
    Total RW  Size (RW Data + ZI Data)              3784 (   3.70kB)
    Total ROM Size (Code + RO Data + RW Data)      19552 (  19.09kB)

==============================================================================

